Component: ARM Compiler 5.05 update 1 (build 106) Tool: armlink [4d0efa]

==============================================================================

Section Cross References

    main.o(.text) refers to controltask.o(.text) for CMControlInit
    main.o(.text) refers to remotetask.o(.text) for RemoteTaskInit
    main.o(.text) refers to delay.o(.text) for delay_ms
    main.o(.text) refers to bsp.o(.text) for BSP_Init
    main.o(.text) refers to timer.o(.text) for Get_Time_Micros
    main.o(.text) refers to main.o(.data) for system_micrsecond
    bsp.o(.text) refers to misc.o(.text) for NVIC_PriorityGroupConfig
    bsp.o(.text) refers to gun.o(.text) for Red12_Configuration
    bsp.o(.text) refers to led.o(.text) for Led_Configuration
    bsp.o(.text) refers to laser.o(.text) for Laser_Configuration
    bsp.o(.text) refers to timer.o(.text) for TIM2_Configuration
    bsp.o(.text) refers to can1.o(.text) for CAN1_Configuration
    bsp.o(.text) refers to can2.o(.text) for CAN2_Configuration
    bsp.o(.text) refers to usart1.o(.text) for USART1_Configuration
    bsp.o(.text) refers to usart3.o(.text) for USART3_Configuration
    led.o(.text) refers to stm32f4xx_rcc.o(.text) for RCC_AHB1PeriphClockCmd
    led.o(.text) refers to stm32f4xx_gpio.o(.text) for GPIO_Init
    gun.o(.text) refers to stm32f4xx_gpio.o(.text) for GPIO_ReadInputDataBit
    gun.o(.text) refers to stm32f4xx_rcc.o(.text) for RCC_AHB1PeriphClockCmd
    can1.o(.text) refers to stm32f4xx_rcc.o(.text) for RCC_AHB1PeriphClockCmd
    can1.o(.text) refers to stm32f4xx_gpio.o(.text) for GPIO_PinAFConfig
    can1.o(.text) refers to misc.o(.text) for NVIC_Init
    can1.o(.text) refers to stm32f4xx_can.o(.text) for CAN_DeInit
    can1.o(.text) refers to canbustask.o(.text) for CanReceiveMsgProcess
    can2.o(.text) refers to stm32f4xx_rcc.o(.text) for RCC_AHB1PeriphClockCmd
    can2.o(.text) refers to stm32f4xx_gpio.o(.text) for GPIO_PinAFConfig
    can2.o(.text) refers to misc.o(.text) for NVIC_Init
    can2.o(.text) refers to stm32f4xx_can.o(.text) for CAN_DeInit
    can2.o(.text) refers to canbustask.o(.text) for CanReceiveMsgProcess
    exti.o(.text) refers to stm32f4xx_rcc.o(.text) for RCC_APB2PeriphClockCmd
    exti.o(.text) refers to stm32f4xx_gpio.o(.text) for GPIO_Init
    exti.o(.text) refers to stm32f4xx_syscfg.o(.text) for SYSCFG_EXTILineConfig
    exti.o(.text) refers to stm32f4xx_exti.o(.text) for EXTI_Init
    exti.o(.text) refers to misc.o(.text) for NVIC_Init
    laser.o(.text) refers to stm32f4xx_rcc.o(.text) for RCC_AHB1PeriphClockCmd
    laser.o(.text) refers to stm32f4xx_gpio.o(.text) for GPIO_Init
    timer.o(.text) refers to stm32f4xx_rcc.o(.text) for RCC_APB2PeriphClockCmd
    timer.o(.text) refers to stm32f4xx_tim.o(.text) for TIM_ARRPreloadConfig
    timer.o(.text) refers to misc.o(.text) for NVIC_Init
    timer.o(.text) refers to controltask.o(.text) for controlLoop
    usart1.o(.text) refers to fifo.o(.text) for FIFO_Init
    usart1.o(.text) refers to stm32f4xx_rcc.o(.text) for RCC_AHB1PeriphClockCmd
    usart1.o(.text) refers to stm32f4xx_gpio.o(.text) for GPIO_PinAFConfig
    usart1.o(.text) refers to stm32f4xx_usart.o(.text) for USART_DeInit
    usart1.o(.text) refers to stm32f4xx_dma.o(.text) for DMA_DeInit
    usart1.o(.text) refers to misc.o(.text) for NVIC_Init
    usart1.o(.text) refers to remotetask.o(.text) for RemoteDataPrcess
    usart1.o(.text) refers to supervisetask.o(.text) for GetLostCounter
    usart1.o(.text) refers to lostcounter.o(.text) for LostCounterFeed
    usart1.o(.text) refers to usart1.o(.bss) for _USART1_RX_BUF
    usart1.o(.text) refers to usart1.o(.data) for this_time_rx_len
    usart3.o(.text) refers to stm32f4xx_rcc.o(.text) for RCC_AHB1PeriphClockCmd
    usart3.o(.text) refers to stm32f4xx_gpio.o(.text) for GPIO_PinAFConfig
    usart3.o(.text) refers to stm32f4xx_usart.o(.text) for USART_Init
    usart3.o(.text) refers to misc.o(.text) for NVIC_Init
    usart3.o(.text) refers to fifo.o(.text) for FIFO_S_Create
    usart3.o(.text) refers to usart3.o(.data) for UART_TranFifo
    usart3.o(.text) refers to usart3.o(.constdata) for myCRC8_TAB
    usart3.o(.text) refers to usart3.o(.bss) for buffer
    bsp_flash.o(.text) refers to stm32f4xx_flash.o(.text) for FLASH_Unlock
    startup_stm32f4xx.o(RESET) refers to startup_stm32f4xx.o(STACK) for __initial_sp
    startup_stm32f4xx.o(RESET) refers to startup_stm32f4xx.o(.text) for Reset_Handler
    startup_stm32f4xx.o(RESET) refers to stm32f4xx_it.o(.text) for NMI_Handler
    startup_stm32f4xx.o(RESET) refers to exti.o(.text) for EXTI0_IRQHandler
    startup_stm32f4xx.o(RESET) refers to mpu6050_interrupt.o(.text) for EXTI4_IRQHandler
    startup_stm32f4xx.o(RESET) refers to can1.o(.text) for CAN1_TX_IRQHandler
    startup_stm32f4xx.o(RESET) refers to timer.o(.text) for TIM2_IRQHandler
    startup_stm32f4xx.o(RESET) refers to usart1.o(.text) for USART1_IRQHandler
    startup_stm32f4xx.o(RESET) refers to usart3.o(.text) for USART3_IRQHandler
[...]
    sec                                      0x20000614   Data           4  supervisetask.o(.data)
    .data                                    0x20000618   Section        5  protocal_parser.o(.data)
    state                                    0x20000618   Data           1  protocal_parser.o(.data)
    index                                    0x20000619   Data           1  protocal_parser.o(.data)
    PayLoadLen                               0x2000061a   Data           1  protocal_parser.o(.data)
    cnt                                      0x2000061b   Data           1  protocal_parser.o(.data)
    state                                    0x2000061c   Data           1  protocal_parser.o(.data)
    .data                                    0x2000061e   Section        2  mf_crc16.o(.data)
    .data                                    0x20000620   Section        4  stdout.o(.data)
    .data                                    0x20000624   Section        4  mvars.o(.data)
    .data                                    0x20000628   Section        4  mvars.o(.data)
    .bss                                     0x2000062c   Section      318  usart1.o(.bss)
    _USART1_DMA_RX_BUF                       0x2000062c   Data          60  usart1.o(.bss)
    _USART1_RX_BUF                           0x20000668   Data         210  usart1.o(.bss)
    _USART1_RX_FIFO                          0x2000073c   Data          28  usart1.o(.bss)
    rc_raw_data                              0x20000758   Data          18  usart1.o(.bss)
    .bss                                     0x2000076c   Section      308  usart3.o(.bss)
    rx_buffer                                0x2000076c   Data         256  usart3.o(.bss)
    .bss                                     0x200008a0   Section      302  mpu6050_driver.o(.bss)
    .bss                                     0x200009ce   Section      144  iotask.o(.bss)
    MagCaliData                              0x20000a25   Data          19  iotask.o(.bss)
    .bss                                     0x20000a5e   Section       63  remotetask.o(.bss)
    .bss                                     0x20000a9d   Section      266  protocal_parser.o(.bss)
    buffer                                   0x20000a9d   Data          10  protocal_parser.o(.bss)
    __RecvFrameBuffer                        0x20000aa7   Data         256  protocal_parser.o(.bss)
    HEAP                                     0x20000ba8   Section      512  startup_stm32f4xx.o(HEAP)
    STACK                                    0x20000da8   Section     2560  startup_stm32f4xx.o(STACK)

    Global Symbols

    Symbol Name                              Value     Ov Type        Size  Object(Section)

    BuildAttributes$$THM_ISAv4$E$P$D$K$B$S$7EM$VFPi3$EXTD16$VFPS$VFMA$PE$A:L22UL41UL21$X:L11$S22US41US21$IEEE1$IW$USESV6$~STKCKD$USESV7$~SHL$OTIME$ROPI$IEEEX$EBA8$MICROLIB$REQ8$PRES8$EABIv2 0x00000000   Number         0  anon$$obj.o ABSOLUTE
    __ARM_use_no_argv                        0x00000000   Number         0  main.o ABSOLUTE
    __cpp_initialize__aeabi_                  - Undefined Weak Reference
    __cxa_finalize                            - Undefined Weak Reference
    _clock_init                               - Undefined Weak Reference
    _microlib_exit                            - Undefined Weak Reference
    __Vectors_Size                           0x00000188   Number         0  startup_stm32f4xx.o ABSOLUTE
    __Vectors                                0x08000000   Data           4  startup_stm32f4xx.o(RESET)
    __Vectors_End                            0x08000188   Data           0  startup_stm32f4xx.o(RESET)
    __main                                   0x08000189   Thumb Code     0  entry.o(.ARM.Collect$$$$00000000)
    _main_stk                                0x08000189   Thumb Code     0  entry2.o(.ARM.Collect$$$$00000001)
    _main_scatterload                        0x0800018d   Thumb Code     0  entry5.o(.ARM.Collect$$$$00000004)
    __main_after_scatterload                 0x08000191   Thumb Code     0  entry5.o(.ARM.Collect$$$$00000004)
    _main_clock                              0x08000191   Thumb Code     0  entry7b.o(.ARM.Collect$$$$00000008)
    _main_cpp_init                           0x08000191   Thumb Code     0  entry8b.o(.ARM.Collect$$$$0000000A)
    _main_init                               0x08000191   Thumb Code     0  entry9a.o(.ARM.Collect$$$$0000000B)
    __rt_final_cpp                           0x08000199   Thumb Code     0  entry10a.o(.ARM.Collect$$$$0000000D)
    __rt_final_exit                          0x08000199   Thumb Code     0  entry11a.o(.ARM.Collect$$$$0000000F)
    main                                     0x0800019d   Thumb Code    32  main.o(.text)
    BSP_Init                                 0x080001c1   Thumb Code    58  bsp.o(.text)
    Led_Configuration                        0x08000201   Thumb Code    58  led.o(.text)
    READ_RED1                                0x08000241   Thumb Code    12  gun.o(.text)
    READ_RED2                                0x0800024d   Thumb Code    12  gun.o(.text)
    READ_RED3                                0x08000259   Thumb Code    12  gun.o(.text)
    READ_RED4                                0x08000265   Thumb Code    12  gun.o(.text)
    Red12_Configuration                      0x08000271   Thumb Code    40  gun.o(.text)
    Red34_Configuration                      0x08000299   Thumb Code    40  gun.o(.text)
    CAN1_Configuration                       0x080002c9   Thumb Code   262  can1.o(.text)
    GYRO_RST                                 0x080003cf   Thumb Code    86  can1.o(.text)
    CAN1_TX_IRQHandler                       0x08000425   Thumb Code    22  can1.o(.text)
    CAN1_RX0_IRQHandler                      0x0800043b   Thumb Code    50  can1.o(.text)
    CAN2_Configuration                       0x08000479   Thumb Code   264  can2.o(.text)
    CAN2_TX_IRQHandler                       0x08000581   Thumb Code    22  can2.o(.text)
    CAN2_RX0_IRQHandler                      0x08000597   Thumb Code    42  can2.o(.text)
    delay_ms                                 0x080005c9   Thumb Code    28  delay.o(.text)
    delay_us                                 0x080005e5   Thumb Code    26  delay.o(.text)
    Delay_ms                                 0x080005ff   Thumb Code    28  delay.o(.text)
    Delay_us                                 0x0800061b   Thumb Code    26  delay.o(.text)
    Exti_Configuration                       0x08000635   Thumb Code   216  exti.o(.text)
    EXTI0_IRQHandler                         0x0800070d   Thumb Code    18  exti.o(.text)
    EXTI1_IRQHandler                         0x0800071f   Thumb Code    18  exti.o(.text)
    Laser_Configuration                      0x08000739   Thumb Code    54  laser.o(.text)
    TIM8_Configuration                       0x08000775   Thumb Code    84  timer.o(.text)
    TIM6_Configuration                       0x080007c9   Thumb Code    72  timer.o(.text)
    TIM6_Start                               0x08000811   Thumb Code    30  timer.o(.text)
    TIM4_Configuration                       0x0800082f   Thumb Code    84  timer.o(.text)
    TIM2_Configuration                       0x08000883   Thumb Code    60  timer.o(.text)
    TIM2_IRQHandler                          0x080008bf   Thumb Code    30  timer.o(.text)
    TIM6_DAC_IRQHandler                      0x080008dd   Thumb Code    34  timer.o(.text)
    Get_Time_Micros                          0x080008ff   Thumb Code     8  timer.o(.text)
    USART1_Configuration                     0x08000925   Thumb Code   302  usart1.o(.text)
    USART1_IRQHandler                        0x08000a53   Thumb Code   190  usart1.o(.text)
    USART1_GetRxBuf                          0x08000b11   Thumb Code     4  usart1.o(.text)
    USART3_Configuration                     0x08000b31   Thumb Code   182  usart3.o(.text)
    UART3_PrintCh                            0x08000be7   Thumb Code    28  usart3.o(.text)
    UART3_PrintBlock                         0x08000c03   Thumb Code    44  usart3.o(.text)
    fputc                                    0x08000c2f   Thumb Code    32  usart3.o(.text)
    myGet_CRC8_Check_Sum                     0x08000c4f   Thumb Code    30  usart3.o(.text)
    myVerify_CRC8_Check_Sum                  0x08000c6d   Thumb Code    46  usart3.o(.text)
    myGet_CRC16_Check_Sum                    0x08000c9b   Thumb Code    46  usart3.o(.text)
    myVerify_CRC16_Check_Sum                 0x08000cc9   Thumb Code    60  usart3.o(.text)
    Judge_Refresh                            0x08000d05   Thumb Code   330  usart3.o(.text)
    USART3_IRQHandler                        0x08000e4f   Thumb Code   306  usart3.o(.text)
    BSP_FLASH_GetFlashSector                 0x08000f87   Thumb Code   116  bsp_flash.o(.text)
    BSP_FLASH_Write                          0x08000ffb   Thumb Code   168  bsp_flash.o(.text)
    BSP_FLASH_Read                           0x080010a3   Thumb Code    34  bsp_flash.o(.text)
    Reset_Handler                            0x080010f5   Thumb Code     8  startup_stm32f4xx.o(.text)
    SysTick_Handler                          0x0800110d   Thumb Code     2  startup_stm32f4xx.o(.text)
    ADC_IRQHandler                           0x0800110f   Thumb Code     0  startup_stm32f4xx.o(.text)
    CAN1_RX1_IRQHandler                      0x0800110f   Thumb Code     0  startup_stm32f4xx.o(.text)
    CAN1_SCE_IRQHandler                      0x0800110f   Thumb Code     0  startup_stm32f4xx.o(.text)
    CAN2_RX1_IRQHandler                      0x0800110f   Thumb Code     0  startup_stm32f4xx.o(.text)
    CAN2_SCE_IRQHandler                      0x0800110f   Thumb Code     0  startup_stm32f4xx.o(.text)
    CRYP_IRQHandler                          0x0800110f   Thumb Code     0  startup_stm32f4xx.o(.text)
    DCMI_IRQHandler                          0x0800110f   Thumb Code     0  startup_stm32f4xx.o(.text)
    DMA1_Stream0_IRQHandler                  0x0800110f   Thumb Code     0  startup_stm32f4xx.o(.text)
    DMA1_Stream1_IRQHandler                  0x0800110f   Thumb Code     0  startup_stm32f4xx.o(.text)
    DMA1_Stream2_IRQHandler                  0x0800110f   Thumb Code     0  startup_stm32f4xx.o(.text)
    DMA1_Stream3_IRQHandler                  0x0800110f   Thumb Code     0  startup_stm32f4xx.o(.text)
    DMA1_Stream4_IRQHandler                  0x0800110f   Thumb Code     0  startup_stm32f4xx.o(.text)
    DMA1_Stream5_IRQHandler                  0x0800110f   Thumb Code     0  startup_stm32f4xx.o(.text)
    DMA1_Stream6_IRQHandler                  0x0800110f   Thumb Code     0  startup_stm32f4xx.o(.text)
    DMA1_Stream7_IRQHandler                  0x0800110f   Thumb Code     0  startup_stm32f4xx.o(.text)
    DMA2_Stream0_IRQHandler                  0x0800110f   Thumb Code     0  startup_stm32f4xx.o(.text)
    DMA2_Stream1_IRQHandler                  0x0800110f   Thumb Code     0  startup_stm32f4xx.o(.text)
    DMA2_Stream2_IRQHandler                  0x0800110f   Thumb Code     0  startup_stm32f4xx.o(.text)
    DMA2_Stream3_IRQHandler                  0x0800110f   Thumb Code     0  startup_stm32f4xx.o(.text)
    DMA2_Stream4_IRQHandler                  0x0800110f   Thumb Code     0  startup_stm32f4xx.o(.text)
    DMA2_Stream5_IRQHandler                  0x0800110f   Thumb Code     0  startup_stm32f4xx.o(.text)
    DMA2_Stream6_IRQHandler                  0x0800110f   Thumb Code     0  startup_stm32f4xx.o(.text)
    DMA2_Stream7_IRQHandler                  0x0800110f   Thumb Code     0  startup_stm32f4xx.o(.text)
    ETH_IRQHandler                           0x0800110f   Thumb Code     0  startup_stm32f4xx.o(.text)
    ETH_WKUP_IRQHandler                      0x0800110f   Thumb Code     0  startup_stm32f4xx.o(.text)
    EXTI15_10_IRQHandler                     0x0800110f   Thumb Code     0  startup_stm32f4xx.o(.text)
    EXTI2_IRQHandler                         0x0800110f   Thumb Code     0  startup_stm32f4xx.o(.text)
    EXTI3_IRQHandler                         0x0800110f   Thumb Code     0  startup_stm32f4xx.o(.text)
    EXTI9_5_IRQHandler                       0x0800110f   Thumb Code     0  startup_stm32f4xx.o(.text)
    FLASH_IRQHandler                         0x0800110f   Thumb Code     0  startup_stm32f4xx.o(.text)
    FPU_IRQHandler                           0x0800110f   Thumb Code     0  startup_stm32f4xx.o(.text)
    FSMC_IRQHandler                          0x0800110f   Thumb Code     0  startup_stm32f4xx.o(.text)
    HASH_RNG_IRQHandler                      0x0800110f   Thumb Code     0  startup_stm32f4xx.o(.text)
    I2C1_ER_IRQHandler                       0x0800110f   Thumb Code     0  startup_stm32f4xx.o(.text)
    I2C1_EV_IRQHandler                       0x0800110f   Thumb Code     0  startup_stm32f4xx.o(.text)
    I2C2_ER_IRQHandler                       0x0800110f   Thumb Code     0  startup_stm32f4xx.o(.text)
    I2C2_EV_IRQHandler                       0x0800110f   Thumb Code     0  startup_stm32f4xx.o(.text)
    I2C3_ER_IRQHandler                       0x0800110f   Thumb Code     0  startup_stm32f4xx.o(.text)
    I2C3_EV_IRQHandler                       0x0800110f   Thumb Code     0  startup_stm32f4xx.o(.text)
    OTG_FS_IRQHandler                        0x0800110f   Thumb Code     0  startup_stm32f4xx.o(.text)
    OTG_FS_WKUP_IRQHandler                   0x0800110f   Thumb Code     0  startup_stm32f4xx.o(.text)
    OTG_HS_EP1_IN_IRQHandler                 0x0800110f   Thumb Code     0  startup_stm32f4xx.o(.text)
    OTG_HS_EP1_OUT_IRQHandler                0x0800110f   Thumb Code     0  startup_stm32f4xx.o(.text)
    OTG_HS_IRQHandler                        0x0800110f   Thumb Code     0  startup_stm32f4xx.o(.text)
    OTG_HS_WKUP_IRQHandler                   0x0800110f   Thumb Code     0  startup_stm32f4xx.o(.text)
    PVD_IRQHandler                           0x0800110f   Thumb Code     0  startup_stm32f4xx.o(.text)
    RCC_IRQHandler                           0x0800110f   Thumb Code     0  startup_stm32f4xx.o(.text)
    RTC_Alarm_IRQHandler                     0x0800110f   Thumb Code     0  startup_stm32f4xx.o(.text)
    RTC_WKUP_IRQHandler                      0x0800110f   Thumb Code     0  startup_stm32f4xx.o(.text)
    SDIO_IRQHandler                          0x0800110f   Thumb Code     0  startup_stm32f4xx.o(.text)
    SPI1_IRQHandler                          0x0800110f   Thumb Code     0  startup_stm32f4xx.o(.text)
    SPI2_IRQHandler                          0x0800110f   Thumb Code     0  startup_stm32f4xx.o(.text)
    SPI3_IRQHandler                          0x0800110f   Thumb Code     0  startup_stm32f4xx.o(.text)
    TAMP_STAMP_IRQHandler                    0x0800110f   Thumb Code     0  startup_stm32f4xx.o(.text)
    TIM1_BRK_TIM9_IRQHandler                 0x0800110f   Thumb Code     0  startup_stm32f4xx.o(.text)
    TIM1_CC_IRQHandler                       0x0800110f   Thumb Code     0  startup_stm32f4xx.o(.text)
    TIM1_TRG_COM_TIM11_IRQHandler            0x0800110f   Thumb Code     0  startup_stm32f4xx.o(.text)
    TIM1_UP_TIM10_IRQHandler                 0x0800110f   Thumb Code     0  startup_stm32f4xx.o(.text)
    TIM3_IRQHandler                          0x0800110f   Thumb Code     0  startup_stm32f4xx.o(.text)
    TIM4_IRQHandler                          0x0800110f   Thumb Code     0  startup_stm32f4xx.o(.text)
    TIM5_IRQHandler                          0x0800110f   Thumb Code     0  startup_stm32f4xx.o(.text)
    TIM7_IRQHandler                          0x0800110f   Thumb Code     0  startup_stm32f4xx.o(.text)
    TIM8_BRK_TIM12_IRQHandler                0x0800110f   Thumb Code     0  startup_stm32f4xx.o(.text)
    TIM8_CC_IRQHandler                       0x0800110f   Thumb Code     0  startup_stm32f4xx.o(.text)
    TIM8_TRG_COM_TIM14_IRQHandler            0x0800110f   Thumb Code     0  startup_stm32f4xx.o(.text)
    TIM8_UP_TIM13_IRQHandler                 0x0800110f   Thumb Code     0  startup_stm32f4xx.o(.text)
    UART4_IRQHandler                         0x0800110f   Thumb Code     0  startup_stm32f4xx.o(.text)
    UART5_IRQHandler                         0x0800110f   Thumb Code     0  startup_stm32f4xx.o(.text)
    USART2_IRQHandler                        0x0800110f   Thumb Code     0  startup_stm32f4xx.o(.text)
    USART6_IRQHandler                        0x0800110f   Thumb Code     0  startup_stm32f4xx.o(.text)
    WWDG_IRQHandler                          0x0800110f   Thumb Code     0  startup_stm32f4xx.o(.text)
    NMI_Handler                              0x08001119   Thumb Code     2  stm32f4xx_it.o(.text)
    HardFault_Handler                        0x0800111b   Thumb Code     4  stm32f4xx_it.o(.text)
    MemManage_Handler                        0x0800111f   Thumb Code     4  stm32f4xx_it.o(.text)
    BusFault_Handler                         0x08001123   Thumb Code     4  stm32f4xx_it.o(.text)
    UsageFault_Handler                       0x08001127   Thumb Code     4  stm32f4xx_it.o(.text)
    SVC_Handler                              0x0800112b   Thumb Code     2  stm32f4xx_it.o(.text)
    DebugMon_Handler                         0x0800112d   Thumb Code     2  stm32f4xx_it.o(.text)
    PendSV_Handler                           0x0800112f   Thumb Code     2  stm32f4xx_it.o(.text)
    NVIC_PriorityGroupConfig                 0x08001131   Thumb Code    10  misc.o(.text)
    NVIC_Init                                0x0800113b   Thumb Code   106  misc.o(.text)
    NVIC_SetVectorTable                      0x080011a5   Thumb Code    14  misc.o(.text)
    NVIC_SystemLPConfig                      0x080011b3   Thumb Code    34  misc.o(.text)
    SysTick_CLKSourceConfig                  0x080011d5   Thumb Code    40  misc.o(.text)
    CAN_DeInit                               0x08001211   Thumb Code    50  stm32f4xx_can.o(.text)
    CAN_Init                                 0x08001243   Thumb Code   276  stm32f4xx_can.o(.text)
    CAN_FilterInit                           0x08001357   Thumb Code   258  stm32f4xx_can.o(.text)
    CAN_StructInit                           0x08001459   Thumb Code    32  stm32f4xx_can.o(.text)
    CAN_SlaveStartBank                       0x08001479   Thumb Code    48  stm32f4xx_can.o(.text)
    CAN_DBGFreeze                            0x080014a9   Thumb Code    22  stm32f4xx_can.o(.text)
    CAN_TTComModeCmd                         0x080014bf   Thumb Code   118  stm32f4xx_can.o(.text)
    CAN_Transmit                             0x08001535   Thumb Code   304  stm32f4xx_can.o(.text)
    CAN_TransmitStatus                       0x08001665   Thumb Code   138  stm32f4xx_can.o(.text)
    CAN_CancelTransmit                       0x080016ef   Thumb Code    48  stm32f4xx_can.o(.text)
    CAN_Receive                              0x0800171f   Thumb Code   240  stm32f4xx_can.o(.text)
    CAN_FIFORelease                          0x0800180f   Thumb Code    22  stm32f4xx_can.o(.text)
    CAN_MessagePending                       0x08001825   Thumb Code    30  stm32f4xx_can.o(.text)
    CAN_OperatingModeRequest                 0x08001843   Thumb Code   162  stm32f4xx_can.o(.text)
    CAN_Sleep                                0x080018e5   Thumb Code    30  stm32f4xx_can.o(.text)
    CAN_WakeUp                               0x08001903   Thumb Code    48  stm32f4xx_can.o(.text)
    CAN_GetLastErrorCode                     0x08001933   Thumb Code    12  stm32f4xx_can.o(.text)
    CAN_GetReceiveErrorCounter               0x0800193f   Thumb Code    10  stm32f4xx_can.o(.text)
    CAN_GetLSBTransmitErrorCounter           0x08001949   Thumb Code    12  stm32f4xx_can.o(.text)
    CAN_ITConfig                             0x08001955   Thumb Code    18  stm32f4xx_can.o(.text)
    CAN_GetFlagStatus                        0x08001967   Thumb Code   120  stm32f4xx_can.o(.text)
    CAN_ClearFlag                            0x080019df   Thumb Code    52  stm32f4xx_can.o(.text)
    CAN_GetITStatus                          0x08001a25   Thumb Code   310  stm32f4xx_can.o(.text)
    CAN_ClearITPendingBit                    0x08001b5b   Thumb Code   162  stm32f4xx_can.o(.text)
    DMA_DeInit                               0x08001c01   Thumb Code   324  stm32f4xx_dma.o(.text)
    DMA_Init                                 0x08001d45   Thumb Code    82  stm32f4xx_dma.o(.text)
    DMA_StructInit                           0x08001d97   Thumb Code    34  stm32f4xx_dma.o(.text)
    DMA_Cmd                                  0x08001db9   Thumb Code    22  stm32f4xx_dma.o(.text)
    DMA_PeriphIncOffsetSizeConfig            0x08001dcf   Thumb Code    22  stm32f4xx_dma.o(.text)
    DMA_FlowControllerConfig                 0x08001de5   Thumb Code    22  stm32f4xx_dma.o(.text)
    DMA_SetCurrDataCounter                   0x08001dfb   Thumb Code     4  stm32f4xx_dma.o(.text)
    DMA_GetCurrDataCounter                   0x08001dff   Thumb Code     8  stm32f4xx_dma.o(.text)
    DMA_DoubleBufferModeConfig               0x08001e07   Thumb Code    24  stm32f4xx_dma.o(.text)
    DMA_DoubleBufferModeCmd                  0x08001e1f   Thumb Code    22  stm32f4xx_dma.o(.text)
    DMA_MemoryTargetConfig                   0x08001e35   Thumb Code    10  stm32f4xx_dma.o(.text)
    DMA_GetCurrentMemoryTarget               0x08001e3f   Thumb Code    20  stm32f4xx_dma.o(.text)
    DMA_GetCmdStatus                         0x08001e53   Thumb Code    20  stm32f4xx_dma.o(.text)
    DMA_GetFIFOStatus                        0x08001e67   Thumb Code    12  stm32f4xx_dma.o(.text)
    DMA_GetFlagStatus                        0x08001e73   Thumb Code    56  stm32f4xx_dma.o(.text)
    DMA_ClearFlag                            0x08001eab   Thumb Code    40  stm32f4xx_dma.o(.text)
    DMA_ITConfig                             0x08001ed3   Thumb Code    58  stm32f4xx_dma.o(.text)
    DMA_GetITStatus                          0x08001f0d   Thumb Code    84  stm32f4xx_dma.o(.text)
    DMA_ClearITPendingBit                    0x08001f61   Thumb Code    40  stm32f4xx_dma.o(.text)
    EXTI_DeInit                              0x08001fa9   Thumb Code    28  stm32f4xx_exti.o(.text)
    EXTI_Init                                0x08001fc5   Thumb Code   142  stm32f4xx_exti.o(.text)
    EXTI_StructInit                          0x08002053   Thumb Code    16  stm32f4xx_exti.o(.text)
    EXTI_GenerateSWInterrupt                 0x08002063   Thumb Code    16  stm32f4xx_exti.o(.text)
    EXTI_GetFlagStatus                       0x08002073   Thumb Code    22  stm32f4xx_exti.o(.text)
    EXTI_ClearFlag                           0x08002089   Thumb Code     8  stm32f4xx_exti.o(.text)
    EXTI_GetITStatus                         0x08002091   Thumb Code    34  stm32f4xx_exti.o(.text)
    EXTI_ClearITPendingBit                   0x080020b3   Thumb Code     8  stm32f4xx_exti.o(.text)
    FLASH_SetLatency                         0x080020c5   Thumb Code     6  stm32f4xx_flash.o(.text)
    FLASH_PrefetchBufferCmd                  0x080020cb   Thumb Code    30  stm32f4xx_flash.o(.text)
    FLASH_InstructionCacheCmd                0x080020e9   Thumb Code    30  stm32f4xx_flash.o(.text)
    FLASH_DataCacheCmd                       0x08002107   Thumb Code    30  stm32f4xx_flash.o(.text)
    FLASH_InstructionCacheReset              0x08002125   Thumb Code    14  stm32f4xx_flash.o(.text)
    FLASH_DataCacheReset                     0x08002133   Thumb Code    14  stm32f4xx_flash.o(.text)
    FLASH_Unlock                             0x08002141   Thumb Code    26  stm32f4xx_flash.o(.text)
    FLASH_Lock                               0x0800215b   Thumb Code    18  stm32f4xx_flash.o(.text)
    FLASH_GetStatus                          0x0800216d   Thumb Code    74  stm32f4xx_flash.o(.text)
    FLASH_WaitForLastOperation               0x080021b7   Thumb Code    34  stm32f4xx_flash.o(.text)
    FLASH_EraseSector                        0x080021d9   Thumb Code   140  stm32f4xx_flash.o(.text)
    FLASH_EraseAllSectors                    0x08002265   Thumb Code   112  stm32f4xx_flash.o(.text)
    FLASH_ProgramDoubleWord                  0x080022d5   Thumb Code    86  stm32f4xx_flash.o(.text)
    FLASH_ProgramWord                        0x0800232b   Thumb Code    82  stm32f4xx_flash.o(.text)
    FLASH_ProgramHalfWord                    0x0800237d   Thumb Code    82  stm32f4xx_flash.o(.text)
    FLASH_ProgramByte                        0x080023cf   Thumb Code    78  stm32f4xx_flash.o(.text)
    FLASH_OB_Unlock                          0x0800241d   Thumb Code    26  stm32f4xx_flash.o(.text)
    FLASH_OB_Lock                            0x08002437   Thumb Code    18  stm32f4xx_flash.o(.text)
    FLASH_OB_WRPConfig                       0x08002449   Thumb Code    54  stm32f4xx_flash.o(.text)
    FLASH_OB_RDPConfig                       0x0800247f   Thumb Code    24  stm32f4xx_flash.o(.text)
    FLASH_OB_UserConfig                      0x08002497   Thumb Code    68  stm32f4xx_flash.o(.text)
    FLASH_OB_BORConfig                       0x080024db   Thumb Code    22  stm32f4xx_flash.o(.text)
    FLASH_OB_Launch                          0x080024f1   Thumb Code    26  stm32f4xx_flash.o(.text)
    FLASH_OB_GetUser                         0x0800250b   Thumb Code    10  stm32f4xx_flash.o(.text)
    FLASH_OB_GetWRP                          0x08002515   Thumb Code     8  stm32f4xx_flash.o(.text)
    FLASH_OB_GetRDP                          0x0800251d   Thumb Code    20  stm32f4xx_flash.o(.text)
    FLASH_OB_GetBOR                          0x08002531   Thumb Code    10  stm32f4xx_flash.o(.text)
    FLASH_ITConfig                           0x0800253b   Thumb Code    34  stm32f4xx_flash.o(.text)
    FLASH_GetFlagStatus                      0x0800255d   Thumb Code    22  stm32f4xx_flash.o(.text)
    FLASH_ClearFlag                          0x08002573   Thumb Code     8  stm32f4xx_flash.o(.text)
    GPIO_DeInit                              0x08002581   Thumb Code   220  stm32f4xx_gpio.o(.text)
    GPIO_Init                                0x0800265d   Thumb Code   144  stm32f4xx_gpio.o(.text)
    GPIO_StructInit                          0x080026ed   Thumb Code    18  stm32f4xx_gpio.o(.text)
    GPIO_PinLockConfig                       0x080026ff   Thumb Code    34  stm32f4xx_gpio.o(.text)
    GPIO_ReadInputDataBit                    0x08002721   Thumb Code    18  stm32f4xx_gpio.o(.text)
    GPIO_ReadInputData                       0x08002733   Thumb Code     8  stm32f4xx_gpio.o(.text)
    GPIO_ReadOutputDataBit                   0x0800273b   Thumb Code    18  stm32f4xx_gpio.o(.text)
    GPIO_ReadOutputData                      0x0800274d   Thumb Code     8  stm32f4xx_gpio.o(.text)
    GPIO_SetBits                             0x08002755   Thumb Code     4  stm32f4xx_gpio.o(.text)
    GPIO_ResetBits                           0x08002759   Thumb Code     4  stm32f4xx_gpio.o(.text)
    GPIO_WriteBit                            0x0800275d   Thumb Code    10  stm32f4xx_gpio.o(.text)
    GPIO_Write                               0x08002767   Thumb Code     4  stm32f4xx_gpio.o(.text)
    GPIO_ToggleBits                          0x0800276b   Thumb Code     8  stm32f4xx_gpio.o(.text)
    GPIO_PinAFConfig                         0x08002773   Thumb Code    70  stm32f4xx_gpio.o(.text)
    RCC_DeInit                               0x080027dd   Thumb Code    60  stm32f4xx_rcc.o(.text)
    RCC_HSEConfig                            0x08002819   Thumb Code    14  stm32f4xx_rcc.o(.text)
    RCC_GetFlagStatus                        0x08002827   Thumb Code    60  stm32f4xx_rcc.o(.text)
    RCC_WaitForHSEStartUp                    0x08002863   Thumb Code    56  stm32f4xx_rcc.o(.text)
    RCC_AdjustHSICalibrationValue            0x0800289b   Thumb Code    20  stm32f4xx_rcc.o(.text)
    RCC_HSICmd                               0x080028af   Thumb Code     6  stm32f4xx_rcc.o(.text)
    RCC_LSEConfig                            0x080028b5   Thumb Code    46  stm32f4xx_rcc.o(.text)
    RCC_LSICmd                               0x080028e3   Thumb Code     6  stm32f4xx_rcc.o(.text)
    RCC_PLLConfig                            0x080028e9   Thumb Code    32  stm32f4xx_rcc.o(.text)
    RCC_PLLCmd                               0x08002909   Thumb Code     6  stm32f4xx_rcc.o(.text)
    RCC_PLLI2SConfig                         0x0800290f   Thumb Code    14  stm32f4xx_rcc.o(.text)
    RCC_PLLI2SCmd                            0x0800291d   Thumb Code     6  stm32f4xx_rcc.o(.text)
    RCC_ClockSecuritySystemCmd               0x08002923   Thumb Code     6  stm32f4xx_rcc.o(.text)
    RCC_MCO1Config                           0x08002929   Thumb Code    28  stm32f4xx_rcc.o(.text)
    RCC_MCO2Config                           0x08002945   Thumb Code    28  stm32f4xx_rcc.o(.text)
    RCC_SYSCLKConfig                         0x08002961   Thumb Code    20  stm32f4xx_rcc.o(.text)
    RCC_GetSYSCLKSource                      0x08002975   Thumb Code    12  stm32f4xx_rcc.o(.text)
    RCC_HCLKConfig                           0x08002981   Thumb Code    20  stm32f4xx_rcc.o(.text)
    RCC_PCLK1Config                          0x08002995   Thumb Code    20  stm32f4xx_rcc.o(.text)
    RCC_PCLK2Config                          0x080029a9   Thumb Code    22  stm32f4xx_rcc.o(.text)
    RCC_GetClocksFreq                        0x080029bf   Thumb Code   222  stm32f4xx_rcc.o(.text)
    RCC_RTCCLKConfig                         0x08002a9d   Thumb Code    54  stm32f4xx_rcc.o(.text)
    RCC_RTCCLKCmd                            0x08002ad3   Thumb Code     8  stm32f4xx_rcc.o(.text)
    RCC_BackupResetCmd                       0x08002adb   Thumb Code     8  stm32f4xx_rcc.o(.text)
    RCC_I2SCLKConfig                         0x08002ae3   Thumb Code     6  stm32f4xx_rcc.o(.text)
    RCC_AHB1PeriphClockCmd                   0x08002ae9   Thumb Code    34  stm32f4xx_rcc.o(.text)
    RCC_AHB2PeriphClockCmd                   0x08002b0b   Thumb Code    34  stm32f4xx_rcc.o(.text)
    RCC_AHB3PeriphClockCmd                   0x08002b2d   Thumb Code    34  stm32f4xx_rcc.o(.text)
    RCC_APB1PeriphClockCmd                   0x08002b4f   Thumb Code    34  stm32f4xx_rcc.o(.text)
    RCC_APB2PeriphClockCmd                   0x08002b71   Thumb Code    34  stm32f4xx_rcc.o(.text)
    RCC_AHB1PeriphResetCmd                   0x08002b93   Thumb Code    34  stm32f4xx_rcc.o(.text)
    RCC_AHB2PeriphResetCmd                   0x08002bb5   Thumb Code    72  stm32f4xx_rcc.o(.text)
    RCC_AHB3PeriphResetCmd                   0x08002bfd   Thumb Code    34  stm32f4xx_rcc.o(.text)
    RCC_APB1PeriphResetCmd                   0x08002c1f   Thumb Code    34  stm32f4xx_rcc.o(.text)
    RCC_APB2PeriphResetCmd                   0x08002c41   Thumb Code    34  stm32f4xx_rcc.o(.text)
    RCC_AHB1PeriphClockLPModeCmd             0x08002c63   Thumb Code    34  stm32f4xx_rcc.o(.text)
    RCC_AHB2PeriphClockLPModeCmd             0x08002c85   Thumb Code    34  stm32f4xx_rcc.o(.text)
    RCC_AHB3PeriphClockLPModeCmd             0x08002ca7   Thumb Code    34  stm32f4xx_rcc.o(.text)
    RCC_APB1PeriphClockLPModeCmd             0x08002cc9   Thumb Code    34  stm32f4xx_rcc.o(.text)
    RCC_APB2PeriphClockLPModeCmd             0x08002ceb   Thumb Code    34  stm32f4xx_rcc.o(.text)
    RCC_ITConfig                             0x08002d0d   Thumb Code    34  stm32f4xx_rcc.o(.text)
    RCC_ClearFlag                            0x08002d2f   Thumb Code    18  stm32f4xx_rcc.o(.text)
    RCC_GetITStatus                          0x08002d41   Thumb Code    22  stm32f4xx_rcc.o(.text)
    RCC_ClearITPendingBit                    0x08002d57   Thumb Code     8  stm32f4xx_rcc.o(.text)
    SYSCFG_DeInit                            0x08002d65   Thumb Code    22  stm32f4xx_syscfg.o(.text)
    SYSCFG_MemoryRemapConfig                 0x08002d7b   Thumb Code     6  stm32f4xx_syscfg.o(.text)
    SYSCFG_EXTILineConfig                    0x08002d81   Thumb Code    66  stm32f4xx_syscfg.o(.text)
    SYSCFG_ETH_MediaInterfaceConfig          0x08002dc3   Thumb Code     6  stm32f4xx_syscfg.o(.text)
    SYSCFG_CompensationCellCmd               0x08002dc9   Thumb Code     6  stm32f4xx_syscfg.o(.text)
    SYSCFG_GetCompensationCellStatus         0x08002dcf   Thumb Code    22  stm32f4xx_syscfg.o(.text)
    TIM_DeInit                               0x08002df1   Thumb Code   346  stm32f4xx_tim.o(.text)
    TIM_TimeBaseInit                         0x08002f4b   Thumb Code   104  stm32f4xx_tim.o(.text)
    TIM_TimeBaseStructInit                   0x08002fb3   Thumb Code    18  stm32f4xx_tim.o(.text)
    TIM_PrescalerConfig                      0x08002fc5   Thumb Code     6  stm32f4xx_tim.o(.text)
    TIM_CounterModeConfig                    0x08002fcb   Thumb Code    18  stm32f4xx_tim.o(.text)
    TIM_SetCounter                           0x08002fdd   Thumb Code     4  stm32f4xx_tim.o(.text)
    TIM_SetAutoreload                        0x08002fe1   Thumb Code     4  stm32f4xx_tim.o(.text)
    TIM_GetCounter                           0x08002fe5   Thumb Code     6  stm32f4xx_tim.o(.text)
    TIM_GetPrescaler                         0x08002feb   Thumb Code     6  stm32f4xx_tim.o(.text)
    TIM_UpdateDisableConfig                  0x08002ff1   Thumb Code    24  stm32f4xx_tim.o(.text)
    TIM_UpdateRequestConfig                  0x08003009   Thumb Code    24  stm32f4xx_tim.o(.text)
    TIM_ARRPreloadConfig                     0x08003021   Thumb Code    24  stm32f4xx_tim.o(.text)
    TIM_SelectOnePulseMode                   0x08003039   Thumb Code    18  stm32f4xx_tim.o(.text)
    TIM_SetClockDivision                     0x0800304b   Thumb Code    18  stm32f4xx_tim.o(.text)
    TIM_Cmd                                  0x0800305d   Thumb Code    24  stm32f4xx_tim.o(.text)
    TIM_OC1Init                              0x08003075   Thumb Code   114  stm32f4xx_tim.o(.text)
    TIM_OC2Init                              0x080030e7   Thumb Code   154  stm32f4xx_tim.o(.text)
    TIM_OC3Init                              0x08003181   Thumb Code   204  stm32f4xx_tim.o(.text)
    TIM_OC4Init                              0x0800324d   Thumb Code   112  stm32f4xx_tim.o(.text)
    TIM_OCStructInit                         0x080032bd   Thumb Code    20  stm32f4xx_tim.o(.text)
    TIM_SelectOCxM                           0x080032d1   Thumb Code    86  stm32f4xx_tim.o(.text)
    TIM_SetCompare1                          0x08003327   Thumb Code     4  stm32f4xx_tim.o(.text)
    TIM_SetCompare2                          0x0800332b   Thumb Code     4  stm32f4xx_tim.o(.text)
    TIM_SetCompare3                          0x0800332f   Thumb Code     4  stm32f4xx_tim.o(.text)
    TIM_SetCompare4                          0x08003333   Thumb Code     4  stm32f4xx_tim.o(.text)
    TIM_ForcedOC1Config                      0x08003337   Thumb Code    18  stm32f4xx_tim.o(.text)
    TIM_ForcedOC2Config                      0x08003349   Thumb Code    26  stm32f4xx_tim.o(.text)
    TIM_ForcedOC3Config                      0x08003363   Thumb Code    18  stm32f4xx_tim.o(.text)
    TIM_ForcedOC4Config                      0x08003375   Thumb Code    26  stm32f4xx_tim.o(.text)
    TIM_OC1PreloadConfig                     0x0800338f   Thumb Code    18  stm32f4xx_tim.o(.text)
    TIM_OC2PreloadConfig                     0x080033a1   Thumb Code    26  stm32f4xx_tim.o(.text)
    TIM_OC3PreloadConfig                     0x080033bb   Thumb Code    18  stm32f4xx_tim.o(.text)
    TIM_OC4PreloadConfig                     0x080033cd   Thumb Code    26  stm32f4xx_tim.o(.text)
    TIM_OC1FastConfig                        0x080033e7   Thumb Code    18  stm32f4xx_tim.o(.text)
    TIM_OC2FastConfig                        0x080033f9   Thumb Code    26  stm32f4xx_tim.o(.text)
    TIM_OC3FastConfig                        0x08003413   Thumb Code    18  stm32f4xx_tim.o(.text)
    TIM_OC4FastConfig                        0x08003425   Thumb Code    26  stm32f4xx_tim.o(.text)
    TIM_ClearOC1Ref                          0x0800343f   Thumb Code    18  stm32f4xx_tim.o(.text)
    TIM_ClearOC2Ref                          0x08003451   Thumb Code    24  stm32f4xx_tim.o(.text)
    TIM_ClearOC3Ref                          0x08003469   Thumb Code    18  stm32f4xx_tim.o(.text)
    TIM_ClearOC4Ref                          0x0800347b   Thumb Code    24  stm32f4xx_tim.o(.text)
    TIM_OC1PolarityConfig                    0x08003493   Thumb Code    18  stm32f4xx_tim.o(.text)
    TIM_OC1NPolarityConfig                   0x080034a5   Thumb Code    18  stm32f4xx_tim.o(.text)
    TIM_OC2PolarityConfig                    0x080034b7   Thumb Code    26  stm32f4xx_tim.o(.text)
    TIM_OC2NPolarityConfig                   0x080034d1   Thumb Code    26  stm32f4xx_tim.o(.text)
    TIM_OC3PolarityConfig                    0x080034eb   Thumb Code    26  stm32f4xx_tim.o(.text)
    TIM_OC3NPolarityConfig                   0x08003505   Thumb Code    26  stm32f4xx_tim.o(.text)
    TIM_OC4PolarityConfig                    0x0800351f   Thumb Code    26  stm32f4xx_tim.o(.text)
    TIM_CCxCmd                               0x08003539   Thumb Code    30  stm32f4xx_tim.o(.text)
    TIM_CCxNCmd                              0x08003557   Thumb Code    30  stm32f4xx_tim.o(.text)
    TIM_SetIC4Prescaler                      0x08003575   Thumb Code    26  stm32f4xx_tim.o(.text)
    TIM_SetIC3Prescaler                      0x080035df   Thumb Code    18  stm32f4xx_tim.o(.text)
    TIM_SetIC2Prescaler                      0x08003639   Thumb Code    26  stm32f4xx_tim.o(.text)
    TIM_SetIC1Prescaler                      0x080036ad   Thumb Code    18  stm32f4xx_tim.o(.text)
    TIM_ICInit                               0x080036f9   Thumb Code   110  stm32f4xx_tim.o(.text)
    TIM_ICStructInit                         0x08003767   Thumb Code    18  stm32f4xx_tim.o(.text)
    TIM_PWMIConfig                           0x08003779   Thumb Code   124  stm32f4xx_tim.o(.text)
    TIM_GetCapture1                          0x080037f5   Thumb Code     6  stm32f4xx_tim.o(.text)
    TIM_GetCapture2                          0x080037fb   Thumb Code     6  stm32f4xx_tim.o(.text)
    TIM_GetCapture3                          0x08003801   Thumb Code     6  stm32f4xx_tim.o(.text)
    TIM_GetCapture4                          0x08003807   Thumb Code     6  stm32f4xx_tim.o(.text)
    TIM_BDTRConfig                           0x0800380d   Thumb Code    32  stm32f4xx_tim.o(.text)
    TIM_BDTRStructInit                       0x0800382d   Thumb Code    18  stm32f4xx_tim.o(.text)
    TIM_CtrlPWMOutputs                       0x0800383f   Thumb Code    30  stm32f4xx_tim.o(.text)
    TIM_SelectCOM                            0x0800385d   Thumb Code    24  stm32f4xx_tim.o(.text)
    TIM_CCPreloadControl                     0x08003875   Thumb Code    24  stm32f4xx_tim.o(.text)
    TIM_ITConfig                             0x0800388d   Thumb Code    18  stm32f4xx_tim.o(.text)
    TIM_GenerateEvent                        0x0800389f   Thumb Code     4  stm32f4xx_tim.o(.text)
    TIM_GetFlagStatus                        0x080038a3   Thumb Code    18  stm32f4xx_tim.o(.text)
    TIM_ClearFlag                            0x080038b5   Thumb Code     6  stm32f4xx_tim.o(.text)
    TIM_GetITStatus                          0x080038bb   Thumb Code    34  stm32f4xx_tim.o(.text)
    TIM_ClearITPendingBit                    0x080038dd   Thumb Code     6  stm32f4xx_tim.o(.text)
    TIM_DMAConfig                            0x080038e3   Thumb Code    10  stm32f4xx_tim.o(.text)
    TIM_DMACmd                               0x080038ed   Thumb Code    18  stm32f4xx_tim.o(.text)
    TIM_SelectCCDMA                          0x080038ff   Thumb Code    24  stm32f4xx_tim.o(.text)
    TIM_InternalClockConfig                  0x08003917   Thumb Code    12  stm32f4xx_tim.o(.text)
    TIM_SelectInputTrigger                   0x08003923   Thumb Code    18  stm32f4xx_tim.o(.text)
    TIM_ITRxExternalClockConfig              0x08003935   Thumb Code    24  stm32f4xx_tim.o(.text)
    TIM_TIxExternalClockConfig               0x0800394d   Thumb Code    62  stm32f4xx_tim.o(.text)
    TIM_ETRConfig                            0x0800398b   Thumb Code    28  stm32f4xx_tim.o(.text)
    TIM_ETRClockMode1Config                  0x080039a7   Thumb Code    54  stm32f4xx_tim.o(.text)
    TIM_ETRClockMode2Config                  0x080039dd   Thumb Code    32  stm32f4xx_tim.o(.text)
    TIM_SelectOutputTrigger                  0x080039fd   Thumb Code    18  stm32f4xx_tim.o(.text)
    TIM_SelectSlaveMode                      0x08003a0f   Thumb Code    18  stm32f4xx_tim.o(.text)
    TIM_SelectMasterSlaveMode                0x08003a21   Thumb Code    18  stm32f4xx_tim.o(.text)
    TIM_EncoderInterfaceConfig               0x08003a33   Thumb Code    66  stm32f4xx_tim.o(.text)
    TIM_SelectHallSensor                     0x08003a75   Thumb Code    24  stm32f4xx_tim.o(.text)
    TIM_RemapConfig                          0x08003a8d   Thumb Code     6  stm32f4xx_tim.o(.text)
    USART_DeInit                             0x08003a95   Thumb Code   156  stm32f4xx_usart.o(.text)
    USART_Init                               0x08003b31   Thumb Code   204  stm32f4xx_usart.o(.text)
    USART_StructInit                         0x08003bfd   Thumb Code    24  stm32f4xx_usart.o(.text)
    USART_ClockInit                          0x08003c15   Thumb Code    32  stm32f4xx_usart.o(.text)
    USART_ClockStructInit                    0x08003c35   Thumb Code    12  stm32f4xx_usart.o(.text)
    USART_Cmd                                0x08003c41   Thumb Code    24  stm32f4xx_usart.o(.text)
    USART_SetPrescaler                       0x08003c59   Thumb Code    16  stm32f4xx_usart.o(.text)
    USART_OverSampling8Cmd                   0x08003c69   Thumb Code    22  stm32f4xx_usart.o(.text)
    USART_OneBitMethodCmd                    0x08003c7f   Thumb Code    24  stm32f4xx_usart.o(.text)
    USART_SendData                           0x08003c97   Thumb Code     8  stm32f4xx_usart.o(.text)
    USART_ReceiveData                        0x08003c9f   Thumb Code    10  stm32f4xx_usart.o(.text)
    USART_SetAddress                         0x08003ca9   Thumb Code    18  stm32f4xx_usart.o(.text)
    USART_ReceiverWakeUpCmd                  0x08003cbb   Thumb Code    24  stm32f4xx_usart.o(.text)
    USART_WakeUpConfig                       0x08003cd3   Thumb Code    18  stm32f4xx_usart.o(.text)
    USART_LINBreakDetectLengthConfig         0x08003ce5   Thumb Code    18  stm32f4xx_usart.o(.text)
    USART_LINCmd                             0x08003cf7   Thumb Code    24  stm32f4xx_usart.o(.text)
    USART_SendBreak                          0x08003d0f   Thumb Code    10  stm32f4xx_usart.o(.text)
    USART_HalfDuplexCmd                      0x08003d19   Thumb Code    24  stm32f4xx_usart.o(.text)
    USART_SetGuardTime                       0x08003d31   Thumb Code    16  stm32f4xx_usart.o(.text)
    USART_SmartCardCmd                       0x08003d41   Thumb Code    24  stm32f4xx_usart.o(.text)
    USART_SmartCardNACKCmd                   0x08003d59   Thumb Code    24  stm32f4xx_usart.o(.text)
    USART_IrDAConfig                         0x08003d71   Thumb Code    18  stm32f4xx_usart.o(.text)
    USART_IrDACmd                            0x08003d83   Thumb Code    24  stm32f4xx_usart.o(.text)
    USART_DMACmd                             0x08003d9b   Thumb Code    18  stm32f4xx_usart.o(.text)
    USART_ITConfig                           0x08003dad   Thumb Code    74  stm32f4xx_usart.o(.text)
    USART_GetFlagStatus                      0x08003df7   Thumb Code    26  stm32f4xx_usart.o(.text)
    USART_ClearFlag                          0x08003e11   Thumb Code    18  stm32f4xx_usart.o(.text)
    USART_GetITStatus                        0x08003e23   Thumb Code   110  stm32f4xx_usart.o(.text)
    USART_ClearITPendingBit                  0x08003e91   Thumb Code    30  stm32f4xx_usart.o(.text)
    SystemInit                               0x08003f8d   Thumb Code    88  system_stm32f4xx.o(.text)
    SystemCoreClockUpdate                    0x08003fe5   Thumb Code   174  system_stm32f4xx.o(.text)
    IIC_Delay                                0x080040c1   Thumb Code    26  mpu6050_i2c.o(.text)
    IIC_GPIO_Init                            0x080040db   Thumb Code    42  mpu6050_i2c.o(.text)
    IIC_SDA_Out                              0x08004105   Thumb Code    34  mpu6050_i2c.o(.text)
    IIC_SDA_In                               0x08004127   Thumb Code    38  mpu6050_i2c.o(.text)
    IIC_Start                                0x0800414d   Thumb Code    60  mpu6050_i2c.o(.text)
    IIC_Stop                                 0x08004189   Thumb Code    60  mpu6050_i2c.o(.text)
    IIC_Ack                                  0x080041c5   Thumb Code    66  mpu6050_i2c.o(.text)
    IIC_WaitAck                              0x08004207   Thumb Code    94  mpu6050_i2c.o(.text)
    IIC_WriteBit                             0x08004265   Thumb Code    96  mpu6050_i2c.o(.text)
    IIC_ReadBit                              0x080042c5   Thumb Code    86  mpu6050_i2c.o(.text)
    IIC_WriteData                            0x0800431b   Thumb Code    92  mpu6050_i2c.o(.text)
    IIC_ReadData                             0x08004377   Thumb Code   146  mpu6050_i2c.o(.text)
    MPU6050_ReadData                         0x08004461   Thumb Code    44  mpu6050_driver.o(.text)
    HMC5883_Init                             0x0800448d   Thumb Code   116  mpu6050_driver.o(.text)
    MPU6050_Init                             0x08004501   Thumb Code   250  mpu6050_driver.o(.text)
    MPU6050_EnableInt                        0x080045fb   Thumb Code    66  mpu6050_driver.o(.text)
    MPU6050_Initialize                       0x0800463d   Thumb Code    20  mpu6050_driver.o(.text)
    MPU6050_DataSave                         0x08004651   Thumb Code   494  mpu6050_driver.o(.text)
    HMC58X3_ReadData                         0x0800483f   Thumb Code    18  mpu6050_driver.o(.text)
    MPU6050_getMotion6                       0x08004851   Thumb Code   606  mpu6050_driver.o(.text)
    MPU6050_getlastMotion6                   0x08004aaf   Thumb Code    76  mpu6050_driver.o(.text)
    HMC58X3_newValues                        0x08004afb   Thumb Code   334  mpu6050_driver.o(.text)
    HMC58X3_getRaw                           0x08004c49   Thumb Code   100  mpu6050_driver.o(.text)
    HMC58X3_getlastValues                    0x08004cad   Thumb Code    22  mpu6050_driver.o(.text)
    HMC58X3_mgetValues                       0x08004cc3   Thumb Code   210  mpu6050_driver.o(.text)
    MPU6050_IntConfiguration                 0x08004d95   Thumb Code   124  mpu6050_interrupt.o(.text)
    EXTI4_IRQHandler                         0x08004e11   Thumb Code    42  mpu6050_interrupt.o(.text)
    Is_AppParam_Calied                       0x08004e45   Thumb Code     6  iotask.o(.text)
    AppParamInit                             0x08004e5f   Thumb Code   276  iotask.o(.text)
    SetGimbalCaliData                        0x08004f73   Thumb Code    24  iotask.o(.text)
    SetGyroCaliData                          0x08004f8b   Thumb Code    28  iotask.o(.text)
    SetAccCaliData                           0x08004fa7   Thumb Code    24  iotask.o(.text)
    SetMagCaliData                           0x08004fbf   Thumb Code    24  iotask.o(.text)
    SetPIDCaliData                           0x08004fd7   Thumb Code   280  iotask.o(.text)
    GetGimbalCaliData                        0x080050ef   Thumb Code    16  iotask.o(.text)
    GetGyroCaliData                          0x080050ff   Thumb Code    20  iotask.o(.text)
    GetAccCaliData                           0x08005113   Thumb Code    20  iotask.o(.text)
    GetMagCaliData                           0x08005127   Thumb Code    20  iotask.o(.text)
    IsGimbalCalied                           0x0800513b   Thumb Code    16  iotask.o(.text)
    IsGyroCalied                             0x0800514b   Thumb Code    16  iotask.o(.text)
    IsAccCalied                              0x0800515b   Thumb Code    18  iotask.o(.text)
    IsMagCalied                              0x0800516d   Thumb Code    18  iotask.o(.text)
    SetCaliCmdFlag                           0x0800517f   Thumb Code    12  iotask.o(.text)
    ResetCaliCmdFlag                         0x0800518b   Thumb Code    12  iotask.o(.text)
    GetCaliCmdFlagGrp                        0x08005197   Thumb Code     6  iotask.o(.text)
    IsCaliCmdFlagSet                         0x0800519d   Thumb Code    18  iotask.o(.text)
    Sensor_Offset_Param_Init                 0x080051af   Thumb Code    92  iotask.o(.text)
    MagEndCaliProcess                        0x0800520b   Thumb Code   192  iotask.o(.text)
    MagStartCaliProcess                      0x080052cb   Thumb Code    26  iotask.o(.text)
    GimbalCaliProcess                        0x080052e5   Thumb Code   106  iotask.o(.text)
    GyroCaliProcess                          0x0800534f   Thumb Code   202  iotask.o(.text)
    CalibrateLoop                            0x08005419   Thumb Code   234  iotask.o(.text)
    PIDCaliProcess                           0x08005503   Thumb Code    22  iotask.o(.text)
    UploadParameter                          0x08005519   Thumb Code   314  iotask.o(.text)
    fw_PID_Reset                             0x080056c1   Thumb Code     2  controltask.o(.text)
    fw_PID_Calc                              0x080056c3   Thumb Code   414  controltask.o(.text)
    PID_PROCESS_Speed                        0x08005861   Thumb Code    58  controltask.o(.text)
    ProcessYawPID                            0x0800589b   Thumb Code    52  controltask.o(.text)
    PID_PROCESS_Double                       0x080058cf   Thumb Code    80  controltask.o(.text)
    ProcessPitchPID                          0x0800591f   Thumb Code    70  controltask.o(.text)
    CMControlInit                            0x08005965   Thumb Code    34  controltask.o(.text)
    ControlCMFL                              0x08005987   Thumb Code   162  controltask.o(.text)
    ControlCMFR                              0x08005a29   Thumb Code   164  controltask.o(.text)
    ControlBullet                            0x08005acd   Thumb Code   216  controltask.o(.text)
    ControlBullet2                           0x08005ba5   Thumb Code   182  controltask.o(.text)
    setBulletWithAngle                       0x08005c5b   Thumb Code   446  controltask.o(.text)
    setBullet2WithAngle                      0x08005e19   Thumb Code   552  controltask.o(.text)
    odometryLoop                             0x08006041   Thumb Code    88  controltask.o(.text)
    WorkStateFSM                             0x08006099   Thumb Code   482  controltask.o(.text)
    setCMMotor                               0x0800627b   Thumb Code    36  controltask.o(.text)
    setGMMotor                               0x0800629f   Thumb Code    22  controltask.o(.text)
    ControlYawSpeed                          0x080062b5   Thumb Code    32  controltask.o(.text)
    ControlPitch                             0x080062d5   Thumb Code   384  controltask.o(.text)
    controlLoop                              0x08006455   Thumb Code   604  controltask.o(.text)
    RemoteShootControl                       0x08006745   Thumb Code   140  remotetask.o(.text)
    RemoteTaskInit                           0x080067d1   Thumb Code    48  remotetask.o(.text)
    RemoteControlProcess                     0x08006801   Thumb Code   194  remotetask.o(.text)
    RemoteControlProcessAuto                 0x080068c3   Thumb Code   154  remotetask.o(.text)
    GetRemoteSwitchAction                    0x0800695d   Thumb Code   120  remotetask.o(.text)
    RemoteDataPrcess                         0x080069d5   Thumb Code   256  remotetask.o(.text)
    CanReceiveMsgProcess                     0x08006b29   Thumb Code     2  canbustask.o(.text)
    Set_CM_Speed                             0x08006b2b   Thumb Code    80  canbustask.o(.text)
    Set_Gimbal_Current                       0x08006b7b   Thumb Code    72  canbustask.o(.text)
    LED_TOGGLE                               0x08006bc5   Thumb Code   214  supervisetask.o(.text)
    Get_Lost_Error                           0x08006c9b   Thumb Code    10  supervisetask.o(.text)
    GetLostCounter                           0x08006ca5   Thumb Code    18  supervisetask.o(.text)
    SuperviseTask                            0x08006cb7   Thumb Code   426  supervisetask.o(.text)
    Set_Error_Flag                           0x08006e61   Thumb Code     2  supervisetask.o(.text)
    Is_Lost_Error_Set                        0x08006e63   Thumb Code    22  supervisetask.o(.text)
    Is_Serious_Error                         0x08006e79   Thumb Code    46  supervisetask.o(.text)
    FrameUnpack                              0x08006f45   Thumb Code   234  protocal_parser.o(.text)
    FramePack                                0x0800702f   Thumb Code    50  protocal_parser.o(.text)
    SetFrameLength                           0x08007061   Thumb Code    10  protocal_parser.o(.text)
    SetFrameCmd                              0x0800706b   Thumb Code    10  protocal_parser.o(.text)
    GetFrameCmd                              0x08007075   Thumb Code     6  protocal_parser.o(.text)
    GetFrameDataAddress                      0x0800707b   Thumb Code     6  protocal_parser.o(.text)
    Version_Send                             0x08007081   Thumb Code    94  protocal_parser.o(.text)
    IMU_Info_Send                            0x080070df   Thumb Code   122  protocal_parser.o(.text)
    Sensor_Info_Send                         0x08007159   Thumb Code   140  protocal_parser.o(.text)
    Mag_Cali_Info_Send                       0x080071e5   Thumb Code   122  protocal_parser.o(.text)
    Offset_Info_Send                         0x0800725f   Thumb Code   174  protocal_parser.o(.text)
    Cali_Feedback_Info_Send                  0x0800730d   Thumb Code    88  protocal_parser.o(.text)
    Robot_Error_Code_Send                    0x08007365   Thumb Code     2  protocal_parser.o(.text)
    PID_Paremeter_Send                       0x08007367   Thumb Code   270  protocal_parser.o(.text)
    FIFO_Init                                0x08007475   Thumb Code    78  fifo.o(.text)
    FIFO_Create                              0x080074c3   Thumb Code    80  fifo.o(.text)
    FIFO_Destory                             0x08007513   Thumb Code    40  fifo.o(.text)
    FIFO_S_Init                              0x0800753b   Thumb Code    62  fifo.o(.text)
    FIFO_S_Create                            0x08007579   Thumb Code    60  fifo.o(.text)
    FIFO_S_Destory                           0x080075b5   Thumb Code    40  fifo.o(.text)
    FIFO_Put                                 0x080075dd   Thumb Code   106  fifo.o(.text)
    FIFO_S_Put                               0x08007647   Thumb Code    68  fifo.o(.text)
    FIFO_S_Puts                              0x0800768b   Thumb Code    98  fifo.o(.text)
    FIFO_Get                                 0x080076ed   Thumb Code   106  fifo.o(.text)
    FIFO_S_Get                               0x08007757   Thumb Code    58  fifo.o(.text)
    FIFO_GetHead                             0x08007791   Thumb Code   162  fifo.o(.text)
    FIFO_S_GetHead                           0x08007833   Thumb Code    76  fifo.o(.text)
    FIFO_PreRead                             0x0800787f   Thumb Code   108  fifo.o(.text)
    FIFO_S_PreRead                           0x080078eb   Thumb Code    48  fifo.o(.text)
    FIFO_IsEmpty                             0x0800791b   Thumb Code    24  fifo.o(.text)
    FIFO_S_IsEmpty                           0x08007933   Thumb Code    24  fifo.o(.text)
    FIFO_IsFull                              0x0800794b   Thumb Code    24  fifo.o(.text)
    FIFO_S_IsFull                            0x08007963   Thumb Code    24  fifo.o(.text)
    FIFO_CountUsed                           0x0800797b   Thumb Code    16  fifo.o(.text)
    FIFO_S_CountUsed                         0x0800798b   Thumb Code    16  fifo.o(.text)
    FIFO_CountFree                           0x0800799b   Thumb Code    16  fifo.o(.text)
    FIFO_S_CountFree                         0x080079ab   Thumb Code    16  fifo.o(.text)
    FIFO_Flush                               0x080079bb   Thumb Code    50  fifo.o(.text)
    FIFO_S_Flush                             0x080079ed   Thumb Code    44  fifo.o(.text)
    RampInit                                 0x08007a19   Thumb Code     8  ramp.o(.text)
    RampCalc                                 0x08007a21   Thumb Code    66  ramp.o(.text)
    RampSetCounter                           0x08007a63   Thumb Code     4  ramp.o(.text)
    RampResetCounter                         0x08007a67   Thumb Code     6  ramp.o(.text)
    RampSetScale                             0x08007a6d   Thumb Code     4  ramp.o(.text)
    RampIsOverflow                           0x08007a71   Thumb Code    18  ramp.o(.text)
    LostCounterFeed                          0x08007a89   Thumb Code     8  lostcounter.o(.text)
    LostCounterCount                         0x08007a91   Thumb Code    10  lostcounter.o(.text)
    LostCounterOverflowCheck                 0x08007a9b   Thumb Code    14  lostcounter.o(.text)
    PID_Reset                                0x08007aa9   Thumb Code    50  pid_regulator.o(.text)
    PID_Calc                                 0x08007adb   Thumb Code   234  pid_regulator.o(.text)
    Get_CRC8_Check_Sum                       0x08007bc9   Thumb Code    30  mf_crc8.o(.text)
    Verify_CRC8_Check_Sum                    0x08007be7   Thumb Code    46  mf_crc8.o(.text)
    Append_CRC8_Check_Sum                    0x08007c15   Thumb Code    36  mf_crc8.o(.text)
    Get_CRC16_Check_Sum                      0x08007c3d   Thumb Code    46  mf_crc16.o(.text)
    Verify_CRC16_Check_Sum                   0x08007c6b   Thumb Code    60  mf_crc16.o(.text)
    Append_CRC16_Check_Sum                   0x08007ca7   Thumb Code    44  mf_crc16.o(.text)
    __aeabi_memcpy                           0x08007cdd   Thumb Code    36  memcpya.o(.text)
    __aeabi_memcpy4                          0x08007cdd   Thumb Code     0  memcpya.o(.text)
    __aeabi_memcpy8                          0x08007cdd   Thumb Code     0  memcpya.o(.text)
    __aeabi_memset                           0x08007d01   Thumb Code    14  memseta.o(.text)
    __aeabi_memset4                          0x08007d01   Thumb Code     0  memseta.o(.text)
    __aeabi_memset8                          0x08007d01   Thumb Code     0  memseta.o(.text)
    __aeabi_memclr                           0x08007d0f   Thumb Code     4  memseta.o(.text)
    __aeabi_memclr4                          0x08007d0f   Thumb Code     0  memseta.o(.text)
    __aeabi_memclr8                          0x08007d0f   Thumb Code     0  memseta.o(.text)
    _memset$wrapper                          0x08007d13   Thumb Code    18  memseta.o(.text)
    __aeabi_dadd                             0x08007d25   Thumb Code   322  dadd.o(.text)
    __aeabi_dsub                             0x08007e67   Thumb Code     6  dadd.o(.text)
    __aeabi_drsub                            0x08007e6d   Thumb Code     6  dadd.o(.text)
    __aeabi_dmul                             0x08007e73   Thumb Code   228  dmul.o(.text)
    __aeabi_ddiv                             0x08007f57   Thumb Code   222  ddiv.o(.text)
    __aeabi_i2d                              0x08008035   Thumb Code    34  dflti.o(.text)
    __aeabi_f2d                              0x08008057   Thumb Code    38  f2d.o(.text)
    __aeabi_cdcmpeq                          0x0800807d   Thumb Code     0  cdcmple.o(.text)
    __aeabi_cdcmple                          0x0800807d   Thumb Code    48  cdcmple.o(.text)
    __aeabi_cdrcmple                         0x080080ad   Thumb Code    48  cdrcmple.o(.text)
    __aeabi_d2f                              0x080080dd   Thumb Code    56  d2f.o(.text)
    __aeabi_llsl                             0x08008115   Thumb Code    30  llshl.o(.text)
    _ll_shift_l                              0x08008115   Thumb Code     0  llshl.o(.text)
    __aeabi_lasr                             0x08008133   Thumb Code    36  llsshr.o(.text)
    _ll_sshift_r                             0x08008133   Thumb Code     0  llsshr.o(.text)
    __I$use$fp                               0x08008157   Thumb Code     0  iusefp.o(.text)
    _float_round                             0x08008157   Thumb Code    18  fepilogue.o(.text)
    _float_epilogue                          0x08008169   Thumb Code    92  fepilogue.o(.text)
    _double_round                            0x080081c5   Thumb Code    30  depilogue.o(.text)
    _double_epilogue                         0x080081e3   Thumb Code   156  depilogue.o(.text)
    __scatterload                            0x08008281   Thumb Code    28  init.o(.text)
    __scatterload_rt2                        0x08008281   Thumb Code     0  init.o(.text)
    __aeabi_llsr                             0x080082a5   Thumb Code    32  llushr.o(.text)
    _ll_ushift_r                             0x080082a5   Thumb Code     0  llushr.o(.text)
    __decompress                             0x080082c5   Thumb Code     0  __dczerorl2.o(.text)
    __decompress1                            0x080082c5   Thumb Code    86  __dczerorl2.o(.text)
    __0printf$bare                           0x0800831d   Thumb Code     8  printfb.o(i.__0printf$bare)
    __1printf$bare                           0x0800831d   Thumb Code     0  printfb.o(i.__0printf$bare)
    __2printf                                0x0800831d   Thumb Code     0  printfb.o(i.__0printf$bare)
    __scatterload_copy                       0x0800832d   Thumb Code    14  handlers.o(i.__scatterload_copy)
    __scatterload_null                       0x0800833b   Thumb Code     2  handlers.o(i.__scatterload_null)
    __scatterload_zeroinit                   0x0800833d   Thumb Code    14  handlers.o(i.__scatterload_zeroinit)
    free                                     0x0800836d   Thumb Code    76  malloc.o(i.free)
    malloc                                   0x080083bd   Thumb Code    92  malloc.o(i.malloc)
    myCRC8_INIT                              0x08008428   Data           1  usart3.o(.constdata)
    myCRC8_TAB                               0x08008429   Data         256  usart3.o(.constdata)
    myCRC16_INIT                             0x0800852a   Data           2  usart3.o(.constdata)
    mywCRC_Table                             0x0800852c   Data         512  usart3.o(.constdata)
    lost_counter_len                         0x0800872c   Data          44  supervisetask.o(.constdata)
    CRC8_INIT                                0x08008758   Data           1  mf_crc8.o(.constdata)
    CRC8_TAB                                 0x08008759   Data         256  mf_crc8.o(.constdata)
    wCRC_Table                               0x0800885a   Data         512  mf_crc16.o(.constdata)
    Region$$Table$$Base                      0x08008a5c   Number         0  anon$$obj.o(Region$$Table)
    Region$$Table$$Limit                     0x08008a7c   Number         0  anon$$obj.o(Region$$Table)
    Upload_Speed                             0x20000000   Data           4  main.o(.data)
    power1                                   0x20000004   Data           2  main.o(.data)
    power2                                   0x20000006   Data           2  main.o(.data)
    system_micrsecond                        0x20000008   Data           4  main.o(.data)
    UART_TranFifo                            0x20000010   Data           4  usart3.o(.data)
    tmp_judge                                0x20000014   Data           1  usart3.o(.data)
    receiving                                0x20000015   Data           1  usart3.o(.data)
    received                                 0x20000016   Data           1  usart3.o(.data)
    buffercnt                                0x20000017   Data           1  usart3.o(.data)
    cmdID                                    0x20000018   Data           1  usart3.o(.data)
    cmddata                                  0x20000019   Data          10  usart3.o(.data)
    extShootData                             0x20000024   Data           8  usart3.o(.data)
    JUDGE_Received                           0x2000002c   Data           1  usart3.o(.data)
    JUDGE_State                              0x2000002d   Data           1  usart3.o(.data)
    SystemCoreClock                          0x20000040   Data           4  system_stm32f4xx.o(.data)
    AHBPrescTable                            0x20000044   Data          16  system_stm32f4xx.o(.data)
    HMC5883_lastx                            0x20000054   Data           4  mpu6050_driver.o(.data)
    HMC5883_lasty                            0x20000058   Data           4  mpu6050_driver.o(.data)
    HMC5883_lastz                            0x2000005c   Data           4  mpu6050_driver.o(.data)
    MPU6050_Lastax                           0x20000060   Data           2  mpu6050_driver.o(.data)
    MPU6050_Lastay                           0x20000062   Data           2  mpu6050_driver.o(.data)
    MPU6050_Lastaz                           0x20000064   Data           2  mpu6050_driver.o(.data)
    MPU6050_Lastgx                           0x20000066   Data           2  mpu6050_driver.o(.data)
    MPU6050_Lastgy                           0x20000068   Data           2  mpu6050_driver.o(.data)
    MPU6050_Lastgz                           0x2000006a   Data           2  mpu6050_driver.o(.data)
    isMPU6050_is_DRY                         0x2000006c   Data           1  mpu6050_interrupt.o(.data)
    PIDCaliData                              0x2000007c   Data           8  iotask.o(.data)
    GimbalSavedCaliData                      0x20000084   Data           5  iotask.o(.data)
    GyroSavedCaliData                        0x20000089   Data           7  iotask.o(.data)
    PitchPositionSavedPID                    0x20000090   Data           8  iotask.o(.data)
    PitchSpeedSavedPID                       0x20000098   Data           8  iotask.o(.data)
    YawPositionSavedPID                      0x200000a0   Data           8  iotask.o(.data)
    YawSpeedSavedPID                         0x200000a8   Data           8  iotask.o(.data)
    app_param_calied_flag                    0x200000b0   Data           1  iotask.o(.data)
    auto_attack_yaw_kp                       0x200000f0   Data           4  controltask.o(.data)
    auto_attack_pitch_kp                     0x200000f4   Data           4  controltask.o(.data)
    auto_attack_yaw_kd                       0x200000f8   Data           4  controltask.o(.data)
    auto_attack_pitch_kd                     0x200000fc   Data           4  controltask.o(.data)
    find_enemy                               0x20000100   Data           1  controltask.o(.data)
    on_enemy                                 0x20000101   Data           1  controltask.o(.data)
    enemy_yaw                                0x20000102   Data           2  controltask.o(.data)
    enemy_pitch                              0x20000104   Data           2  controltask.o(.data)
    enemy_detect_cnt                         0x20000106   Data           2  controltask.o(.data)
    WorkState                                0x20000108   Data           1  controltask.o(.data)
    prepare_time                             0x2000010a   Data           2  controltask.o(.data)
    CMRotatePID                              0x2000010c   Data          80  controltask.o(.data)
    CM1SpeedPID                              0x2000015c   Data          80  controltask.o(.data)
    CM2SpeedPID                              0x200001ac   Data          80  controltask.o(.data)
    BulletSpeedPID                           0x200001fc   Data          80  controltask.o(.data)
    Bullet2SpeedPID                          0x2000024c   Data          80  controltask.o(.data)
    BulletPositionPID                        0x2000029c   Data          80  controltask.o(.data)
    Bullet2PositionPID                       0x200002ec   Data          80  controltask.o(.data)
    CMFLIntensity                            0x2000033c   Data           2  controltask.o(.data)
    CMFRIntensity                            0x2000033e   Data           2  controltask.o(.data)
    BulletIntensity                          0x20000340   Data           2  controltask.o(.data)
    Bullet2Intensity                         0x20000342   Data           2  controltask.o(.data)
    yawIntensity                             0x20000344   Data           2  controltask.o(.data)
    pitchIntensity                           0x20000346   Data           2  controltask.o(.data)
    bullet_angle_target                      0x20000348   Data           8  controltask.o(.data)
    bulletRealAngle                          0x20000350   Data           8  controltask.o(.data)
    bullet_zero_angle                        0x20000358   Data           8  controltask.o(.data)
    bullet2_angle_target                     0x20000360   Data           8  controltask.o(.data)
    bullet2RealAngle                         0x20000368   Data           8  controltask.o(.data)
    bullet2_zero_angle                       0x20000370   Data           8  controltask.o(.data)
    odometry                                 0x20000378   Data           4  controltask.o(.data)
    odometry_fact                            0x2000037c   Data           4  controltask.o(.data)
    odometry_upmax1                          0x20000380   Data           4  controltask.o(.data)
    odometry_downmax1                        0x20000384   Data           4  controltask.o(.data)
    odometry_speed1                          0x20000388   Data           4  controltask.o(.data)
    odometry_upmax2                          0x2000038c   Data           4  controltask.o(.data)
    odometry_downmax2                        0x20000390   Data           4  controltask.o(.data)
    odometry_speed2                          0x20000394   Data           4  controltask.o(.data)
    pitchPositionPID                         0x20000398   Data          76  controltask.o(.data)
    yawPositionPID                           0x200003e4   Data          76  controltask.o(.data)
    pitchSpeedPID                            0x20000430   Data          76  controltask.o(.data)
    yawSpeedPID                              0x2000047c   Data          76  controltask.o(.data)
    yawRealAngle                             0x200004c8   Data           4  controltask.o(.data)
    pitchRealAngle                           0x200004cc   Data           4  controltask.o(.data)
    gap_angle                                0x200004d0   Data           4  controltask.o(.data)
    enemy_yaw_err                            0x200004d4   Data           4  controltask.o(.data)
    enemy_yaw_out                            0x200004d8   Data           4  controltask.o(.data)
    enemy_pitch_err                          0x200004dc   Data           4  controltask.o(.data)
    enemy_pitch_out                          0x200004e0   Data           4  controltask.o(.data)
    disturb_init                             0x200004e4   Data           2  controltask.o(.data)
    disturb_cnt                              0x200004e6   Data           2  controltask.o(.data)
    disturb_angle                            0x200004e8   Data           4  controltask.o(.data)
    testred1                                 0x200004ec   Data           1  controltask.o(.data)
    testred2                                 0x200004ed   Data           1  controltask.o(.data)
    testred3                                 0x200004ee   Data           1  controltask.o(.data)
    testred4                                 0x200004ef   Data           1  controltask.o(.data)
    FrictionWheelState                       0x2000051c   Data           1  remotetask.o(.data)
    ShootState                               0x2000051d   Data           1  remotetask.o(.data)
    frictionRamp                             0x20000520   Data          36  remotetask.o(.data)
    LRSpeedRamp                              0x20000544   Data          36  remotetask.o(.data)
    FBSpeedRamp                              0x20000568   Data          36  remotetask.o(.data)
    remoteShootDelay                         0x2000058c   Data           2  remotetask.o(.data)
    inputmode                                0x20000598   Data           1  remotetask.o(.data)
    ChassisSpeedRef                          0x20000599   Data           6  remotetask.o(.data)
    bullet_ref                               0x200005a0   Data           4  remotetask.o(.data)
    bullet2_ref                              0x200005a4   Data           4  remotetask.o(.data)
    yawSpeedTarget                           0x200005a8   Data           4  remotetask.o(.data)
    yawAngleTarget                           0x200005ac   Data           4  remotetask.o(.data)
    pitchAngleTarget                         0x200005b0   Data           4  remotetask.o(.data)
    isRcanStarted_CMGM                       0x200005b8   Data           1  canbustask.o(.data)
    CMFLRx                                   0x200005ba   Data           4  canbustask.o(.data)
    CMFRRx                                   0x200005be   Data           4  canbustask.o(.data)
    BulletRx                                 0x200005c2   Data           4  canbustask.o(.data)
    Bullet2Rx                                0x200005c6   Data           4  canbustask.o(.data)
    GMPITCHRx                                0x200005ca   Data           6  canbustask.o(.data)
    GMYAWRx                                  0x200005d0   Data           6  canbustask.o(.data)
    lost_counter                             0x200005dc   Data          44  supervisetask.o(.data)
    lost_err                                 0x20000608   Data           4  supervisetask.o(.data)
    CRC_INIT                                 0x2000061e   Data           2  mf_crc16.o(.data)
    __stdout                                 0x20000620   Data           4  stdout.o(.data)
    __microlib_freelist                      0x20000624   Data           4  mvars.o(.data)
    __microlib_freelist_initialised          0x20000628   Data           4  mvars.o(.data)
    buffer                                   0x2000086c   Data          29  usart3.o(.bss)
    extPowerHeat                             0x2000088c   Data          20  usart3.o(.bss)
    MPU6050_Raw_Data                         0x200008a0   Data          20  mpu6050_driver.o(.bss)
    MPU6050_Real_Data                        0x200008b4   Data          40  mpu6050_driver.o(.bss)
    ahrs                                     0x200008dc   Data          12  mpu6050_driver.o(.bss)
    mpu_buf                                  0x200008e8   Data          20  mpu6050_driver.o(.bss)
    MPU6050_FIFO                             0x200008fc   Data         132  mpu6050_driver.o(.bss)
    HMC5883_FIFO                             0x20000980   Data          66  mpu6050_driver.o(.bss)
    MagMaxMinData                            0x200009c2   Data          12  mpu6050_driver.o(.bss)
    gAppParamStruct                          0x200009ce   Data          87  iotask.o(.bss)
    AccSavedCaliData                         0x20000a38   Data          19  iotask.o(.bss)
    MagSavedCaliData                         0x20000a4b   Data          19  iotask.o(.bss)
    rc_data                                  0x20000a5e   Data          18  remotetask.o(.bss)
    RC_CtrlData                              0x20000a70   Data          22  remotetask.o(.bss)
    g_switch1                                0x20000a86   Data          23  remotetask.o(.bss)
    __heap_base                              0x20000ba8   Data           0  startup_stm32f4xx.o(HEAP)
    __heap_limit                             0x20000da8   Data           0  startup_stm32f4xx.o(HEAP)
    __initial_sp                             0x200017a8   Data           0  startup_stm32f4xx.o(STACK)



==============================================================================

Memory Map of the image

  Image Entry point : 0x08000189

  Load Region LR_IROM1 (Base: 0x08000000, Size: 0x000090a8, Max: 0x00100000, ABSOLUTE, COMPRESSED[0x00008b78])

    Execution Region ER_IROM1 (Base: 0x08000000, Size: 0x00008a7c, Max: 0x00100000, ABSOLUTE)

    Base Addr    Size         Type   Attr      Idx    E Section Name        Object

    0x08000000   0x00000188   Data   RO          495    RESET               startup_stm32f4xx.o
    0x08000188   0x00000000   Code   RO         1617  * .ARM.Collect$$$$00000000  mc_w.l(entry.o)
    0x08000188   0x00000004   Code   RO         1965    .ARM.Collect$$$$00000001  mc_w.l(entry2.o)
    0x0800018c   0x00000004   Code   RO         1968    .ARM.Collect$$$$00000004  mc_w.l(entry5.o)
    0x08000190   0x00000000   Code   RO         1970    .ARM.Collect$$$$00000008  mc_w.l(entry7b.o)
    0x08000190   0x00000000   Code   RO         1972    .ARM.Collect$$$$0000000A  mc_w.l(entry8b.o)
    0x08000190   0x00000008   Code   RO         1973    .ARM.Collect$$$$0000000B  mc_w.l(entry9a.o)
    0x08000198   0x00000000   Code   RO         1975    .ARM.Collect$$$$0000000D  mc_w.l(entry10a.o)
    0x08000198   0x00000000   Code   RO         1977    .ARM.Collect$$$$0000000F  mc_w.l(entry11a.o)
    0x08000198   0x00000004   Code   RO         1966    .ARM.Collect$$$$00002712  mc_w.l(entry2.o)
    0x0800019c   0x00000024   Code   RO            3    .text               main.o
    0x080001c0   0x00000040   Code   RO          202    .text               bsp.o
    0x08000200   0x00000040   Code   RO          229    .text               led.o
    0x08000240   0x00000088   Code   RO          249    .text               gun.o
    0x080002c8   0x000001b0   Code   RO          272    .text               can1.o
    0x08000478   0x00000150   Code   RO          292    .text               can2.o
    0x080005c8   0x0000006c   Code   RO          315    .text               delay.o
    0x08000634   0x00000104   Code   RO          335    .text               exti.o
    0x08000738   0x0000003c   Code   RO          355    .text               laser.o
    0x08000774   0x000001a0   Code   RO          375    .text               timer.o
    0x08000914   0x0000021c   Code   RO          398    .text               usart1.o
    0x08000b30   0x00000450   Code   RO          427    .text               usart3.o
    0x08000f80   0x00000174   Code   RO          472    .text               bsp_flash.o
    0x080010f4   0x00000024   Code   RO          496    .text               startup_stm32f4xx.o
    0x08001118   0x00000018   Code   RO          502    .text               stm32f4xx_it.o
    0x08001130   0x000000e0   Code   RO          525    .text               misc.o
    0x08001210   0x000009f0   Code   RO          594    .text               stm32f4xx_can.o
    0x08001c00   0x000003a8   Code   RO          663    .text               stm32f4xx_dma.o
    0x08001fa8   0x0000011c   Code   RO          686    .text               stm32f4xx_exti.o
    0x080020c4   0x000004bc   Code   RO          709    .text               stm32f4xx_flash.o
    0x08002580   0x0000025c   Code   RO          732    .text               stm32f4xx_gpio.o
    0x080027dc   0x00000588   Code   RO          778    .text               stm32f4xx_rcc.o
    0x08002d64   0x0000008c   Code   RO          826    .text               stm32f4xx_syscfg.o
    0x08002df0   0x00000ca2   Code   RO          849    .text               stm32f4xx_tim.o
    0x08003a92   0x00000002   PAD
    0x08003a94   0x0000041a   Code   RO          872    .text               stm32f4xx_usart.o
    0x08003eae   0x00000002   PAD
    0x08003eb0   0x00000210   Code   RO          895    .text               system_stm32f4xx.o
    0x080040c0   0x000003a0   Code   RO          972    .text               mpu6050_i2c.o
    0x08004460   0x00000934   Code   RO          992    .text               mpu6050_driver.o
    0x08004d94   0x000000b0   Code   RO         1024    .text               mpu6050_interrupt.o
    0x08004e44   0x0000087c   Code   RO         1050    .text               iotask.o
    0x080056c0   0x00001084   Code   RO         1078    .text               controltask.o
    0x08006744   0x000003e4   Code   RO         1106    .text               remotetask.o
    0x08006b28   0x0000009a   Code   RO         1134    .text               canbustask.o
    0x08006bc2   0x00000002   PAD
    0x08006bc4   0x00000300   Code   RO         1160    .text               supervisetask.o
    0x08006ec4   0x000005b0   Code   RO         1188    .text               Protocol.lib(protocal_parser.o)
    0x08007474   0x000005a4   Code   RO         1279    .text               RMLib.lib(fifo.o)
    0x08007a18   0x00000070   Code   RO         1359    .text               RMLib.lib(ramp.o)
    0x08007a88   0x00000020   Code   RO         1492    .text               RMLib.lib(lostcounter.o)
    0x08007aa8   0x00000120   Code   RO         1515    .text               RMLib.lib(pid_regulator.o)
    0x08007bc8   0x00000074   Code   RO         1539    .text               Protocol.lib(mf_crc8.o)
    0x08007c3c   0x000000a0   Code   RO         1554    .text               Protocol.lib(mf_crc16.o)
    0x08007cdc   0x00000024   Code   RO         1620    .text               mc_w.l(memcpya.o)
    0x08007d00   0x00000024   Code   RO         1622    .text               mc_w.l(memseta.o)
    0x08007d24   0x0000014e   Code   RO         1914    .text               mf_w.l(dadd.o)
    0x08007e72   0x000000e4   Code   RO         1916    .text               mf_w.l(dmul.o)
    0x08007f56   0x000000de   Code   RO         1918    .text               mf_w.l(ddiv.o)
    0x08008034   0x00000022   Code   RO         1922    .text               mf_w.l(dflti.o)
    0x08008056   0x00000026   Code   RO         1924    .text               mf_w.l(f2d.o)
    0x0800807c   0x00000030   Code   RO         1926    .text               mf_w.l(cdcmple.o)
    0x080080ac   0x00000030   Code   RO         1928    .text               mf_w.l(cdrcmple.o)
    0x080080dc   0x00000038   Code   RO         1930    .text               mf_w.l(d2f.o)
    0x08008114   0x0000001e   Code   RO         1984    .text               mc_w.l(llshl.o)
    0x08008132   0x00000024   Code   RO         1986    .text               mc_w.l(llsshr.o)
    0x08008156   0x00000000   Code   RO         1997    .text               mc_w.l(iusefp.o)
    0x08008156   0x0000006e   Code   RO         1998    .text               mf_w.l(fepilogue.o)
    0x080081c4   0x000000ba   Code   RO         2000    .text               mf_w.l(depilogue.o)
    0x0800827e   0x00000002   PAD
    0x08008280   0x00000024   Code   RO         2006    .text               mc_w.l(init.o)
    0x080082a4   0x00000020   Code   RO         2008    .text               mc_w.l(llushr.o)
    0x080082c4   0x00000056   Code   RO         2018    .text               mc_w.l(__dczerorl2.o)
    0x0800831a   0x00000002   PAD
    0x0800831c   0x00000010   Code   RO         1627    i.__0printf$bare    mc_w.l(printfb.o)
    0x0800832c   0x0000000e   Code   RO         2012    i.__scatterload_copy  mc_w.l(handlers.o)
    0x0800833a   0x00000002   Code   RO         2013    i.__scatterload_null  mc_w.l(handlers.o)
    0x0800833c   0x0000000e   Code   RO         2014    i.__scatterload_zeroinit  mc_w.l(handlers.o)
    0x0800834a   0x00000022   Code   RO         1634    i._printf_core      mc_w.l(printfb.o)
    0x0800836c   0x00000050   Code   RO         1886    i.free              mc_w.l(malloc.o)
    0x080083bc   0x0000006c   Code   RO         1887    i.malloc            mc_w.l(malloc.o)
    0x08008428   0x00000304   Data   RO          429    .constdata          usart3.o
    0x0800872c   0x0000002c   Data   RO         1162    .constdata          supervisetask.o
    0x08008758   0x00000101   Data   RO         1540    .constdata          Protocol.lib(mf_crc8.o)
    0x08008859   0x00000001   PAD
    0x0800885a   0x00000200   Data   RO         1555    .constdata          Protocol.lib(mf_crc16.o)
    0x08008a5a   0x00000002   PAD
    0x08008a5c   0x00000020   Data   RO         2010    Region$$Table       anon$$obj.o


    Execution Region RW_IRAM1 (Base: 0x20000000, Size: 0x000017a8, Max: 0x00020000, ABSOLUTE, COMPRESSED[0x000000fc])

    Base Addr    Size         Type   Attr      Idx    E Section Name        Object

    0x20000000   0x0000000c   Data   RW            4    .data               main.o
    0x2000000c   0x00000004   Data   RW          400    .data               usart1.o
    0x20000010   0x0000001e   Data   RW          430    .data               usart3.o
    0x2000002e   0x00000010   Data   RW          779    .data               stm32f4xx_rcc.o
    0x2000003e   0x00000002   PAD
    0x20000040   0x00000014   Data   RW          896    .data               system_stm32f4xx.o
    0x20000054   0x00000018   Data   RW          994    .data               mpu6050_driver.o
    0x2000006c   0x00000001   Data   RW         1025    .data               mpu6050_interrupt.o
    0x2000006d   0x00000003   PAD
    0x20000070   0x0000007a   Data   RW         1052    .data               iotask.o
    0x200000ea   0x00000006   PAD
    0x200000f0   0x0000042c   Data   RW         1079    .data               controltask.o
    0x2000051c   0x0000009c   Data   RW         1108    .data               remotetask.o
    0x200005b8   0x00000024   Data   RW         1135    .data               canbustask.o
    0x200005dc   0x0000003c   Data   RW         1163    .data               supervisetask.o
    0x20000618   0x00000005   Data   RW         1190    .data               Protocol.lib(protocal_parser.o)
    0x2000061d   0x00000001   PAD
    0x2000061e   0x00000002   Data   RW         1556    .data               Protocol.lib(mf_crc16.o)
    0x20000620   0x00000004   Data   RW         1979    .data               mc_w.l(stdout.o)
    0x20000624   0x00000004   Data   RW         1988    .data               mc_w.l(mvars.o)
    0x20000628   0x00000004   Data   RW         1989    .data               mc_w.l(mvars.o)
    0x2000062c   0x0000013e   Zero   RW          399    .bss                usart1.o
    0x2000076a   0x00000002   PAD
    0x2000076c   0x00000134   Zero   RW          428    .bss                usart3.o
    0x200008a0   0x0000012e   Zero   RW          993    .bss                mpu6050_driver.o
    0x200009ce   0x00000090   Zero   RW         1051    .bss                iotask.o
    0x20000a5e   0x0000003f   Zero   RW         1107    .bss                remotetask.o
    0x20000a9d   0x0000010a   Zero   RW         1189    .bss                Protocol.lib(protocal_parser.o)
    0x20000ba7   0x00000001   PAD
    0x20000ba8   0x00000200   Zero   RW          494    HEAP                startup_stm32f4xx.o
    0x20000da8   0x00000a00   Zero   RW          493    STACK               startup_stm32f4xx.o


==============================================================================

Image component sizes


      Code (inc. data)   RO Data    RW Data    ZI Data      Debug   Object Name

        64          6          0          0          0        451   bsp.o
       372         48          0          0          0       2126   bsp_flash.o
       432         12          0          0          0       1245   can1.o
       336          8          0          0          0       1024   can2.o
       154          0          0         36          0       2627   canbustask.o
      4228        486          0       1068          0      11029   controltask.o
       108          0          0          0          0       1170   delay.o
       260          8          0          0          0        895   exti.o
       136          8          0          0          0       1158   gun.o
      2172        170          0        122        144       9699   iotask.o
        60          6          0          0          0        482   laser.o
        64          6          0          0          0        472   led.o
        36          4          0         12          0     293233   main.o
       224         20          0          0          0     210693   misc.o
      2356        290          0         24        302       9578   mpu6050_driver.o
       928         88          0          0          0       3580   mpu6050_i2c.o
       176         10          0          1          0        975   mpu6050_interrupt.o
       996         84          0        156         63       5555   remotetask.o
        36          8        392          0       3072        792   startup_stm32f4xx.o
      2544         38          0          0          0      16076   stm32f4xx_can.o
       936         32          0          0          0      18721   stm32f4xx_dma.o
       284         10          0          0          0       4511   stm32f4xx_exti.o
      1212         26          0          0          0      12061   stm32f4xx_flash.o
       604         36          0          0          0      10237   stm32f4xx_gpio.o
        24          0          0          0          0       1102   stm32f4xx_it.o
      1416         48          0         16          0      23631   stm32f4xx_rcc.o
       140         12          0          0          0       1643   stm32f4xx_syscfg.o
      3234         60          0          0          0      41884   stm32f4xx_tim.o
      1050         26          0          0          0      13556   stm32f4xx_usart.o
       768         30         44         60          0       5023   supervisetask.o
       528         46          0         20          0       1739   system_stm32f4xx.o
       416         14          0          0          0       1665   timer.o
       540         28          0          4        318       2569   usart1.o
      1104         56        772         30        308       6110   usart3.o

    ----------------------------------------------------------------------
     27944       1724       1240       1560       4209     717312   Object Totals
         0          0         32          0          0          0   (incl. Generated)
         6          0          0         11          2          0   (incl. Padding)

    ----------------------------------------------------------------------

      Code (inc. data)   RO Data    RW Data    ZI Data      Debug   Library Member Name

       160         10        512          2          0       2386   mf_crc16.o
       116          4        257          0          0       1882   mf_crc8.o
      1456         28          0          5        266      13116   protocal_parser.o
      1444          0          0          0          0       8256   fifo.o
        32          0          0          0          0       1640   lostcounter.o
       288          4          0          0          0       1785   pid_regulator.o
       112          6          0          0          0       2612   ramp.o
        86          0          0          0          0          0   __dczerorl2.o
         0          0          0          0          0          0   entry.o
         0          0          0          0          0          0   entry10a.o
         0          0          0          0          0          0   entry11a.o
         8          4          0          0          0          0   entry2.o
         4          0          0          0          0          0   entry5.o
         0          0          0          0          0          0   entry7b.o
         0          0          0          0          0          0   entry8b.o
         8          4          0          0          0          0   entry9a.o
        30          0          0          0          0          0   handlers.o
        36          8          0          0          0         68   init.o
         0          0          0          0          0          0   iusefp.o
        30          0          0          0          0         68   llshl.o
        36          0          0          0          0         68   llsshr.o
        32          0          0          0          0         68   llushr.o
       188         20          0          0          0        160   malloc.o
        36          0          0          0          0         68   memcpya.o
        36          0          0          0          0        108   memseta.o
         0          0          0          8          0          0   mvars.o
        50          8          0          0          0        152   printfb.o
         0          0          0          4          0          0   stdout.o
        48          0          0          0          0         68   cdcmple.o
        48          0          0          0          0         68   cdrcmple.o
        56          0          0          0          0         88   d2f.o
       334          0          0          0          0        148   dadd.o
       222          0          0          0          0        100   ddiv.o
       186          0          0          0          0        176   depilogue.o
        34          0          0          0          0         76   dflti.o
       228          0          0          0          0         96   dmul.o
        38          0          0          0          0         68   f2d.o
       110          0          0          0          0        168   fepilogue.o

    ----------------------------------------------------------------------
      5496         96        772         20        267      33493   Library Totals
         4          0          3          1          1          0   (incl. Padding)

    ----------------------------------------------------------------------

      Code (inc. data)   RO Data    RW Data    ZI Data      Debug   Library Name

      1732         42        769          7        266      17384   Protocol.lib
      1876         10          0          0          0      14293   RMLib.lib
       580         44          0         12          0        760   mc_w.l
      1304          0          0          0          0       1056   mf_w.l

    ----------------------------------------------------------------------
      5496         96        772         20        267      33493   Library Totals

    ----------------------------------------------------------------------

==============================================================================


      Code (inc. data)   RO Data    RW Data    ZI Data      Debug   

     33440       1820       2012       1580       4476     741905   Grand Totals
     33440       1820       2012        252       4476     741905   ELF Image Totals (compressed)
     33440       1820       2012        252          0          0   ROM Totals

==============================================================================

    Total RO  Size (Code + RO Data)                35452 (  34.62kB)
    Total RW  Size (RW Data + ZI Data)              6056 (   5.91kB)
    Total ROM Size (Code + RO Data + RW Data)      35704 (  34.87kB)

==============================================================================

