Component: ARM Compiler 5.05 update 1 (build 106) Tool: armlink [4d0efa]

==============================================================================

Section Cross References

    main.o(.text) refers to controltask.o(.text) for CMControlInit
    main.o(.text) refers to remotetask.o(.text) for RemoteTaskInit
    main.o(.text) refers to delay.o(.text) for delay_ms
    main.o(.text) refers to bsp.o(.text) for BSP_Init
    main.o(.text) refers to timer.o(.text) for Get_Time_Micros
    main.o(.text) refers to imu.o(.text) for IMU_getYawPitchRoll
    main.o(.text) refers to main.o(.data) for system_micrsecond
    main.o(.text) refers to imu.o(.bss) for angle
    bsp.o(.text) refers to misc.o(.text) for NVIC_PriorityGroupConfig
    bsp.o(.text) refers to gun.o(.text) for Red_Configuration
    bsp.o(.text) refers to led.o(.text) for Led_Configuration
    bsp.o(.text) refers to laser.o(.text) for Laser_Configuration
    bsp.o(.text) refers to timer.o(.text) for TIM2_Configuration
    bsp.o(.text) refers to mpu6050_driver.o(.text) for MPU6050_Initialize
    bsp.o(.text) refers to encoder.o(.text) for Quad_Encoder_Configuration
    bsp.o(.text) refers to can1.o(.text) for CAN1_Configuration
    bsp.o(.text) refers to can2.o(.text) for CAN2_Configuration
    bsp.o(.text) refers to usart1.o(.text) for USART1_Configuration
    bsp.o(.text) refers to usart3.o(.text) for USART3_Configuration
    bsp.o(.text) refers to mpu6050_interrupt.o(.text) for MPU6050_IntConfiguration
    led.o(.text) refers to stm32f4xx_rcc.o(.text) for RCC_AHB1PeriphClockCmd
    led.o(.text) refers to stm32f4xx_gpio.o(.text) for GPIO_Init
    gun.o(.text) refers to stm32f4xx_gpio.o(.text) for GPIO_ReadInputDataBit
    gun.o(.text) refers to stm32f4xx_rcc.o(.text) for RCC_AHB1PeriphClockCmd
    can1.o(.text) refers to stm32f4xx_rcc.o(.text) for RCC_AHB1PeriphClockCmd
    can1.o(.text) refers to stm32f4xx_gpio.o(.text) for GPIO_PinAFConfig
    can1.o(.text) refers to misc.o(.text) for NVIC_Init
    can1.o(.text) refers to stm32f4xx_can.o(.text) for CAN_DeInit
    can1.o(.text) refers to canbustask.o(.text) for CanReceiveMsgProcess
    can2.o(.text) refers to stm32f4xx_rcc.o(.text) for RCC_AHB1PeriphClockCmd
    can2.o(.text) refers to stm32f4xx_gpio.o(.text) for GPIO_PinAFConfig
    can2.o(.text) refers to misc.o(.text) for NVIC_Init
    can2.o(.text) refers to stm32f4xx_can.o(.text) for CAN_DeInit
    can2.o(.text) refers to canbustask.o(.text) for CanReceiveMsgProcess
    exti.o(.text) refers to stm32f4xx_rcc.o(.text) for RCC_APB2PeriphClockCmd
    exti.o(.text) refers to stm32f4xx_gpio.o(.text) for GPIO_Init
    exti.o(.text) refers to stm32f4xx_syscfg.o(.text) for SYSCFG_EXTILineConfig
    exti.o(.text) refers to stm32f4xx_exti.o(.text) for EXTI_Init
    exti.o(.text) refers to misc.o(.text) for NVIC_Init
    laser.o(.text) refers to stm32f4xx_rcc.o(.text) for RCC_AHB1PeriphClockCmd
    laser.o(.text) refers to stm32f4xx_gpio.o(.text) for GPIO_Init
    timer.o(.text) refers to stm32f4xx_rcc.o(.text) for RCC_APB2PeriphClockCmd
    timer.o(.text) refers to stm32f4xx_tim.o(.text) for TIM_ARRPreloadConfig
    timer.o(.text) refers to misc.o(.text) for NVIC_Init
    timer.o(.text) refers to controltask.o(.text) for controlLoop
    usart1.o(.text) refers to fifo.o(.text) for FIFO_Init
    usart1.o(.text) refers to stm32f4xx_rcc.o(.text) for RCC_AHB1PeriphClockCmd
    usart1.o(.text) refers to stm32f4xx_gpio.o(.text) for GPIO_PinAFConfig
    usart1.o(.text) refers to stm32f4xx_usart.o(.text) for USART_DeInit
    usart1.o(.text) refers to stm32f4xx_dma.o(.text) for DMA_DeInit
    usart1.o(.text) refers to misc.o(.text) for NVIC_Init
    usart1.o(.text) refers to remotetask.o(.text) for RemoteDataPrcess
    usart1.o(.text) refers to supervisetask.o(.text) for GetLostCounter
    usart1.o(.text) refers to lostcounter.o(.text) for LostCounterFeed
    usart1.o(.text) refers to usart1.o(.bss) for _USART1_RX_BUF
    usart1.o(.text) refers to usart1.o(.data) for this_time_rx_len
    usart3.o(.text) refers to stm32f4xx_rcc.o(.text) for RCC_AHB1PeriphClockCmd
    usart3.o(.text) refers to stm32f4xx_gpio.o(.text) for GPIO_PinAFConfig
    usart3.o(.text) refers to stm32f4xx_usart.o(.text) for USART_Init
    usart3.o(.text) refers to misc.o(.text) for NVIC_Init
    usart3.o(.text) refers to fifo.o(.text) for FIFO_S_Create
    usart3.o(.text) refers to usart3.o(.data) for UART_TranFifo
    usart3.o(.text) refers to controltask.o(.data) for find_enemy
    encoder.o(.text) refers to stm32f4xx_rcc.o(.text) for RCC_AHB1PeriphClockCmd
    encoder.o(.text) refers to stm32f4xx_gpio.o(.text) for GPIO_Init
    encoder.o(.text) refers to stm32f4xx_tim.o(.text) for TIM_EncoderInterfaceConfig
    encoder.o(.text) refers to encoder.o(.data) for Encoder_Dir
    bsp_flash.o(.text) refers to stm32f4xx_flash.o(.text) for FLASH_Unlock
    startup_stm32f4xx.o(RESET) refers to startup_stm32f4xx.o(STACK) for __initial_sp
[...]
    delay_us                                 0x080005bd   Thumb Code    26  delay.o(.text)
    Delay_ms                                 0x080005d7   Thumb Code    28  delay.o(.text)
    Delay_us                                 0x080005f3   Thumb Code    26  delay.o(.text)
    Exti_Configuration                       0x0800060d   Thumb Code   216  exti.o(.text)
    EXTI0_IRQHandler                         0x080006e5   Thumb Code    18  exti.o(.text)
    EXTI1_IRQHandler                         0x080006f7   Thumb Code    18  exti.o(.text)
    Laser_Configuration                      0x08000711   Thumb Code    54  laser.o(.text)
    TIM8_Configuration                       0x0800074d   Thumb Code    84  timer.o(.text)
    TIM6_Configuration                       0x080007a1   Thumb Code    72  timer.o(.text)
    TIM6_Start                               0x080007e9   Thumb Code    30  timer.o(.text)
    TIM4_Configuration                       0x08000807   Thumb Code    84  timer.o(.text)
    TIM2_Configuration                       0x0800085b   Thumb Code    60  timer.o(.text)
    TIM2_IRQHandler                          0x08000897   Thumb Code    30  timer.o(.text)
    TIM6_DAC_IRQHandler                      0x080008b5   Thumb Code    34  timer.o(.text)
    Get_Time_Micros                          0x080008d7   Thumb Code     8  timer.o(.text)
    USART1_Configuration                     0x080008fd   Thumb Code   302  usart1.o(.text)
    USART1_IRQHandler                        0x08000a2b   Thumb Code   190  usart1.o(.text)
    USART1_GetRxBuf                          0x08000ae9   Thumb Code     4  usart1.o(.text)
    USART3_Configuration                     0x08000b09   Thumb Code   182  usart3.o(.text)
    UART3_PrintCh                            0x08000bbf   Thumb Code    28  usart3.o(.text)
    UART3_PrintBlock                         0x08000bdb   Thumb Code    44  usart3.o(.text)
    fputc                                    0x08000c07   Thumb Code    32  usart3.o(.text)
    USART3_IRQHandler                        0x08000c27   Thumb Code   268  usart3.o(.text)
    Quad_Encoder_Configuration               0x08000d61   Thumb Code    90  encoder.o(.text)
    Encoder_Start                            0x08000dbb   Thumb Code    12  encoder.o(.text)
    GetQuadEncoderDiff                       0x08000dc7   Thumb Code    40  encoder.o(.text)
    BSP_FLASH_GetFlashSector                 0x08000e03   Thumb Code   116  bsp_flash.o(.text)
    BSP_FLASH_Write                          0x08000e77   Thumb Code   168  bsp_flash.o(.text)
    BSP_FLASH_Read                           0x08000f1f   Thumb Code    34  bsp_flash.o(.text)
    Reset_Handler                            0x08000f71   Thumb Code     8  startup_stm32f4xx.o(.text)
    SysTick_Handler                          0x08000f89   Thumb Code     2  startup_stm32f4xx.o(.text)
    ADC_IRQHandler                           0x08000f8b   Thumb Code     0  startup_stm32f4xx.o(.text)
    CAN1_RX1_IRQHandler                      0x08000f8b   Thumb Code     0  startup_stm32f4xx.o(.text)
    CAN1_SCE_IRQHandler                      0x08000f8b   Thumb Code     0  startup_stm32f4xx.o(.text)
    CAN2_RX1_IRQHandler                      0x08000f8b   Thumb Code     0  startup_stm32f4xx.o(.text)
    CAN2_SCE_IRQHandler                      0x08000f8b   Thumb Code     0  startup_stm32f4xx.o(.text)
    CRYP_IRQHandler                          0x08000f8b   Thumb Code     0  startup_stm32f4xx.o(.text)
    DCMI_IRQHandler                          0x08000f8b   Thumb Code     0  startup_stm32f4xx.o(.text)
    DMA1_Stream0_IRQHandler                  0x08000f8b   Thumb Code     0  startup_stm32f4xx.o(.text)
    DMA1_Stream1_IRQHandler                  0x08000f8b   Thumb Code     0  startup_stm32f4xx.o(.text)
    DMA1_Stream2_IRQHandler                  0x08000f8b   Thumb Code     0  startup_stm32f4xx.o(.text)
    DMA1_Stream3_IRQHandler                  0x08000f8b   Thumb Code     0  startup_stm32f4xx.o(.text)
    DMA1_Stream4_IRQHandler                  0x08000f8b   Thumb Code     0  startup_stm32f4xx.o(.text)
    DMA1_Stream5_IRQHandler                  0x08000f8b   Thumb Code     0  startup_stm32f4xx.o(.text)
    DMA1_Stream6_IRQHandler                  0x08000f8b   Thumb Code     0  startup_stm32f4xx.o(.text)
    DMA1_Stream7_IRQHandler                  0x08000f8b   Thumb Code     0  startup_stm32f4xx.o(.text)
    DMA2_Stream0_IRQHandler                  0x08000f8b   Thumb Code     0  startup_stm32f4xx.o(.text)
    DMA2_Stream1_IRQHandler                  0x08000f8b   Thumb Code     0  startup_stm32f4xx.o(.text)
    DMA2_Stream2_IRQHandler                  0x08000f8b   Thumb Code     0  startup_stm32f4xx.o(.text)
    DMA2_Stream3_IRQHandler                  0x08000f8b   Thumb Code     0  startup_stm32f4xx.o(.text)
    DMA2_Stream4_IRQHandler                  0x08000f8b   Thumb Code     0  startup_stm32f4xx.o(.text)
    DMA2_Stream5_IRQHandler                  0x08000f8b   Thumb Code     0  startup_stm32f4xx.o(.text)
    DMA2_Stream6_IRQHandler                  0x08000f8b   Thumb Code     0  startup_stm32f4xx.o(.text)
    DMA2_Stream7_IRQHandler                  0x08000f8b   Thumb Code     0  startup_stm32f4xx.o(.text)
    ETH_IRQHandler                           0x08000f8b   Thumb Code     0  startup_stm32f4xx.o(.text)
    ETH_WKUP_IRQHandler                      0x08000f8b   Thumb Code     0  startup_stm32f4xx.o(.text)
    EXTI15_10_IRQHandler                     0x08000f8b   Thumb Code     0  startup_stm32f4xx.o(.text)
    EXTI2_IRQHandler                         0x08000f8b   Thumb Code     0  startup_stm32f4xx.o(.text)
    EXTI3_IRQHandler                         0x08000f8b   Thumb Code     0  startup_stm32f4xx.o(.text)
    EXTI9_5_IRQHandler                       0x08000f8b   Thumb Code     0  startup_stm32f4xx.o(.text)
    FLASH_IRQHandler                         0x08000f8b   Thumb Code     0  startup_stm32f4xx.o(.text)
    FPU_IRQHandler                           0x08000f8b   Thumb Code     0  startup_stm32f4xx.o(.text)
    FSMC_IRQHandler                          0x08000f8b   Thumb Code     0  startup_stm32f4xx.o(.text)
    HASH_RNG_IRQHandler                      0x08000f8b   Thumb Code     0  startup_stm32f4xx.o(.text)
    I2C1_ER_IRQHandler                       0x08000f8b   Thumb Code     0  startup_stm32f4xx.o(.text)
    I2C1_EV_IRQHandler                       0x08000f8b   Thumb Code     0  startup_stm32f4xx.o(.text)
    I2C2_ER_IRQHandler                       0x08000f8b   Thumb Code     0  startup_stm32f4xx.o(.text)
    I2C2_EV_IRQHandler                       0x08000f8b   Thumb Code     0  startup_stm32f4xx.o(.text)
    I2C3_ER_IRQHandler                       0x08000f8b   Thumb Code     0  startup_stm32f4xx.o(.text)
    I2C3_EV_IRQHandler                       0x08000f8b   Thumb Code     0  startup_stm32f4xx.o(.text)
    OTG_FS_IRQHandler                        0x08000f8b   Thumb Code     0  startup_stm32f4xx.o(.text)
    OTG_FS_WKUP_IRQHandler                   0x08000f8b   Thumb Code     0  startup_stm32f4xx.o(.text)
    OTG_HS_EP1_IN_IRQHandler                 0x08000f8b   Thumb Code     0  startup_stm32f4xx.o(.text)
    OTG_HS_EP1_OUT_IRQHandler                0x08000f8b   Thumb Code     0  startup_stm32f4xx.o(.text)
    OTG_HS_IRQHandler                        0x08000f8b   Thumb Code     0  startup_stm32f4xx.o(.text)
    OTG_HS_WKUP_IRQHandler                   0x08000f8b   Thumb Code     0  startup_stm32f4xx.o(.text)
    PVD_IRQHandler                           0x08000f8b   Thumb Code     0  startup_stm32f4xx.o(.text)
    RCC_IRQHandler                           0x08000f8b   Thumb Code     0  startup_stm32f4xx.o(.text)
    RTC_Alarm_IRQHandler                     0x08000f8b   Thumb Code     0  startup_stm32f4xx.o(.text)
    RTC_WKUP_IRQHandler                      0x08000f8b   Thumb Code     0  startup_stm32f4xx.o(.text)
    SDIO_IRQHandler                          0x08000f8b   Thumb Code     0  startup_stm32f4xx.o(.text)
    SPI1_IRQHandler                          0x08000f8b   Thumb Code     0  startup_stm32f4xx.o(.text)
    SPI2_IRQHandler                          0x08000f8b   Thumb Code     0  startup_stm32f4xx.o(.text)
    SPI3_IRQHandler                          0x08000f8b   Thumb Code     0  startup_stm32f4xx.o(.text)
    TAMP_STAMP_IRQHandler                    0x08000f8b   Thumb Code     0  startup_stm32f4xx.o(.text)
    TIM1_BRK_TIM9_IRQHandler                 0x08000f8b   Thumb Code     0  startup_stm32f4xx.o(.text)
    TIM1_CC_IRQHandler                       0x08000f8b   Thumb Code     0  startup_stm32f4xx.o(.text)
    TIM1_TRG_COM_TIM11_IRQHandler            0x08000f8b   Thumb Code     0  startup_stm32f4xx.o(.text)
    TIM1_UP_TIM10_IRQHandler                 0x08000f8b   Thumb Code     0  startup_stm32f4xx.o(.text)
    TIM3_IRQHandler                          0x08000f8b   Thumb Code     0  startup_stm32f4xx.o(.text)
    TIM4_IRQHandler                          0x08000f8b   Thumb Code     0  startup_stm32f4xx.o(.text)
    TIM5_IRQHandler                          0x08000f8b   Thumb Code     0  startup_stm32f4xx.o(.text)
    TIM7_IRQHandler                          0x08000f8b   Thumb Code     0  startup_stm32f4xx.o(.text)
    TIM8_BRK_TIM12_IRQHandler                0x08000f8b   Thumb Code     0  startup_stm32f4xx.o(.text)
    TIM8_CC_IRQHandler                       0x08000f8b   Thumb Code     0  startup_stm32f4xx.o(.text)
    TIM8_TRG_COM_TIM14_IRQHandler            0x08000f8b   Thumb Code     0  startup_stm32f4xx.o(.text)
    TIM8_UP_TIM13_IRQHandler                 0x08000f8b   Thumb Code     0  startup_stm32f4xx.o(.text)
    UART4_IRQHandler                         0x08000f8b   Thumb Code     0  startup_stm32f4xx.o(.text)
    UART5_IRQHandler                         0x08000f8b   Thumb Code     0  startup_stm32f4xx.o(.text)
    USART2_IRQHandler                        0x08000f8b   Thumb Code     0  startup_stm32f4xx.o(.text)
    USART6_IRQHandler                        0x08000f8b   Thumb Code     0  startup_stm32f4xx.o(.text)
    WWDG_IRQHandler                          0x08000f8b   Thumb Code     0  startup_stm32f4xx.o(.text)
    NMI_Handler                              0x08000f95   Thumb Code     2  stm32f4xx_it.o(.text)
    HardFault_Handler                        0x08000f97   Thumb Code     4  stm32f4xx_it.o(.text)
    MemManage_Handler                        0x08000f9b   Thumb Code     4  stm32f4xx_it.o(.text)
    BusFault_Handler                         0x08000f9f   Thumb Code     4  stm32f4xx_it.o(.text)
    UsageFault_Handler                       0x08000fa3   Thumb Code     4  stm32f4xx_it.o(.text)
    SVC_Handler                              0x08000fa7   Thumb Code     2  stm32f4xx_it.o(.text)
    DebugMon_Handler                         0x08000fa9   Thumb Code     2  stm32f4xx_it.o(.text)
    PendSV_Handler                           0x08000fab   Thumb Code     2  stm32f4xx_it.o(.text)
    NVIC_PriorityGroupConfig                 0x08000fad   Thumb Code    10  misc.o(.text)
    NVIC_Init                                0x08000fb7   Thumb Code   106  misc.o(.text)
    NVIC_SetVectorTable                      0x08001021   Thumb Code    14  misc.o(.text)
    NVIC_SystemLPConfig                      0x0800102f   Thumb Code    34  misc.o(.text)
    SysTick_CLKSourceConfig                  0x08001051   Thumb Code    40  misc.o(.text)
    CAN_DeInit                               0x0800108d   Thumb Code    50  stm32f4xx_can.o(.text)
    CAN_Init                                 0x080010bf   Thumb Code   276  stm32f4xx_can.o(.text)
    CAN_FilterInit                           0x080011d3   Thumb Code   258  stm32f4xx_can.o(.text)
    CAN_StructInit                           0x080012d5   Thumb Code    32  stm32f4xx_can.o(.text)
    CAN_SlaveStartBank                       0x080012f5   Thumb Code    48  stm32f4xx_can.o(.text)
    CAN_DBGFreeze                            0x08001325   Thumb Code    22  stm32f4xx_can.o(.text)
    CAN_TTComModeCmd                         0x0800133b   Thumb Code   118  stm32f4xx_can.o(.text)
    CAN_Transmit                             0x080013b1   Thumb Code   304  stm32f4xx_can.o(.text)
    CAN_TransmitStatus                       0x080014e1   Thumb Code   138  stm32f4xx_can.o(.text)
    CAN_CancelTransmit                       0x0800156b   Thumb Code    48  stm32f4xx_can.o(.text)
    CAN_Receive                              0x0800159b   Thumb Code   240  stm32f4xx_can.o(.text)
    CAN_FIFORelease                          0x0800168b   Thumb Code    22  stm32f4xx_can.o(.text)
    CAN_MessagePending                       0x080016a1   Thumb Code    30  stm32f4xx_can.o(.text)
    CAN_OperatingModeRequest                 0x080016bf   Thumb Code   162  stm32f4xx_can.o(.text)
    CAN_Sleep                                0x08001761   Thumb Code    30  stm32f4xx_can.o(.text)
    CAN_WakeUp                               0x0800177f   Thumb Code    48  stm32f4xx_can.o(.text)
    CAN_GetLastErrorCode                     0x080017af   Thumb Code    12  stm32f4xx_can.o(.text)
    CAN_GetReceiveErrorCounter               0x080017bb   Thumb Code    10  stm32f4xx_can.o(.text)
    CAN_GetLSBTransmitErrorCounter           0x080017c5   Thumb Code    12  stm32f4xx_can.o(.text)
    CAN_ITConfig                             0x080017d1   Thumb Code    18  stm32f4xx_can.o(.text)
    CAN_GetFlagStatus                        0x080017e3   Thumb Code   120  stm32f4xx_can.o(.text)
    CAN_ClearFlag                            0x0800185b   Thumb Code    52  stm32f4xx_can.o(.text)
    CAN_GetITStatus                          0x080018a1   Thumb Code   310  stm32f4xx_can.o(.text)
    CAN_ClearITPendingBit                    0x080019d7   Thumb Code   162  stm32f4xx_can.o(.text)
    DMA_DeInit                               0x08001a7d   Thumb Code   324  stm32f4xx_dma.o(.text)
    DMA_Init                                 0x08001bc1   Thumb Code    82  stm32f4xx_dma.o(.text)
    DMA_StructInit                           0x08001c13   Thumb Code    34  stm32f4xx_dma.o(.text)
    DMA_Cmd                                  0x08001c35   Thumb Code    22  stm32f4xx_dma.o(.text)
    DMA_PeriphIncOffsetSizeConfig            0x08001c4b   Thumb Code    22  stm32f4xx_dma.o(.text)
    DMA_FlowControllerConfig                 0x08001c61   Thumb Code    22  stm32f4xx_dma.o(.text)
    DMA_SetCurrDataCounter                   0x08001c77   Thumb Code     4  stm32f4xx_dma.o(.text)
    DMA_GetCurrDataCounter                   0x08001c7b   Thumb Code     8  stm32f4xx_dma.o(.text)
    DMA_DoubleBufferModeConfig               0x08001c83   Thumb Code    24  stm32f4xx_dma.o(.text)
    DMA_DoubleBufferModeCmd                  0x08001c9b   Thumb Code    22  stm32f4xx_dma.o(.text)
    DMA_MemoryTargetConfig                   0x08001cb1   Thumb Code    10  stm32f4xx_dma.o(.text)
    DMA_GetCurrentMemoryTarget               0x08001cbb   Thumb Code    20  stm32f4xx_dma.o(.text)
    DMA_GetCmdStatus                         0x08001ccf   Thumb Code    20  stm32f4xx_dma.o(.text)
    DMA_GetFIFOStatus                        0x08001ce3   Thumb Code    12  stm32f4xx_dma.o(.text)
    DMA_GetFlagStatus                        0x08001cef   Thumb Code    56  stm32f4xx_dma.o(.text)
    DMA_ClearFlag                            0x08001d27   Thumb Code    40  stm32f4xx_dma.o(.text)
    DMA_ITConfig                             0x08001d4f   Thumb Code    58  stm32f4xx_dma.o(.text)
    DMA_GetITStatus                          0x08001d89   Thumb Code    84  stm32f4xx_dma.o(.text)
    DMA_ClearITPendingBit                    0x08001ddd   Thumb Code    40  stm32f4xx_dma.o(.text)
    EXTI_DeInit                              0x08001e25   Thumb Code    28  stm32f4xx_exti.o(.text)
    EXTI_Init                                0x08001e41   Thumb Code   142  stm32f4xx_exti.o(.text)
    EXTI_StructInit                          0x08001ecf   Thumb Code    16  stm32f4xx_exti.o(.text)
    EXTI_GenerateSWInterrupt                 0x08001edf   Thumb Code    16  stm32f4xx_exti.o(.text)
    EXTI_GetFlagStatus                       0x08001eef   Thumb Code    22  stm32f4xx_exti.o(.text)
    EXTI_ClearFlag                           0x08001f05   Thumb Code     8  stm32f4xx_exti.o(.text)
    EXTI_GetITStatus                         0x08001f0d   Thumb Code    34  stm32f4xx_exti.o(.text)
    EXTI_ClearITPendingBit                   0x08001f2f   Thumb Code     8  stm32f4xx_exti.o(.text)
    FLASH_SetLatency                         0x08001f41   Thumb Code     6  stm32f4xx_flash.o(.text)
    FLASH_PrefetchBufferCmd                  0x08001f47   Thumb Code    30  stm32f4xx_flash.o(.text)
    FLASH_InstructionCacheCmd                0x08001f65   Thumb Code    30  stm32f4xx_flash.o(.text)
    FLASH_DataCacheCmd                       0x08001f83   Thumb Code    30  stm32f4xx_flash.o(.text)
    FLASH_InstructionCacheReset              0x08001fa1   Thumb Code    14  stm32f4xx_flash.o(.text)
    FLASH_DataCacheReset                     0x08001faf   Thumb Code    14  stm32f4xx_flash.o(.text)
    FLASH_Unlock                             0x08001fbd   Thumb Code    26  stm32f4xx_flash.o(.text)
    FLASH_Lock                               0x08001fd7   Thumb Code    18  stm32f4xx_flash.o(.text)
    FLASH_GetStatus                          0x08001fe9   Thumb Code    74  stm32f4xx_flash.o(.text)
    FLASH_WaitForLastOperation               0x08002033   Thumb Code    34  stm32f4xx_flash.o(.text)
    FLASH_EraseSector                        0x08002055   Thumb Code   140  stm32f4xx_flash.o(.text)
    FLASH_EraseAllSectors                    0x080020e1   Thumb Code   112  stm32f4xx_flash.o(.text)
    FLASH_ProgramDoubleWord                  0x08002151   Thumb Code    86  stm32f4xx_flash.o(.text)
    FLASH_ProgramWord                        0x080021a7   Thumb Code    82  stm32f4xx_flash.o(.text)
    FLASH_ProgramHalfWord                    0x080021f9   Thumb Code    82  stm32f4xx_flash.o(.text)
    FLASH_ProgramByte                        0x0800224b   Thumb Code    78  stm32f4xx_flash.o(.text)
    FLASH_OB_Unlock                          0x08002299   Thumb Code    26  stm32f4xx_flash.o(.text)
    FLASH_OB_Lock                            0x080022b3   Thumb Code    18  stm32f4xx_flash.o(.text)
    FLASH_OB_WRPConfig                       0x080022c5   Thumb Code    54  stm32f4xx_flash.o(.text)
    FLASH_OB_RDPConfig                       0x080022fb   Thumb Code    24  stm32f4xx_flash.o(.text)
    FLASH_OB_UserConfig                      0x08002313   Thumb Code    68  stm32f4xx_flash.o(.text)
    FLASH_OB_BORConfig                       0x08002357   Thumb Code    22  stm32f4xx_flash.o(.text)
    FLASH_OB_Launch                          0x0800236d   Thumb Code    26  stm32f4xx_flash.o(.text)
    FLASH_OB_GetUser                         0x08002387   Thumb Code    10  stm32f4xx_flash.o(.text)
    FLASH_OB_GetWRP                          0x08002391   Thumb Code     8  stm32f4xx_flash.o(.text)
    FLASH_OB_GetRDP                          0x08002399   Thumb Code    20  stm32f4xx_flash.o(.text)
    FLASH_OB_GetBOR                          0x080023ad   Thumb Code    10  stm32f4xx_flash.o(.text)
    FLASH_ITConfig                           0x080023b7   Thumb Code    34  stm32f4xx_flash.o(.text)
    FLASH_GetFlagStatus                      0x080023d9   Thumb Code    22  stm32f4xx_flash.o(.text)
    FLASH_ClearFlag                          0x080023ef   Thumb Code     8  stm32f4xx_flash.o(.text)
    GPIO_DeInit                              0x080023fd   Thumb Code   220  stm32f4xx_gpio.o(.text)
    GPIO_Init                                0x080024d9   Thumb Code   144  stm32f4xx_gpio.o(.text)
    GPIO_StructInit                          0x08002569   Thumb Code    18  stm32f4xx_gpio.o(.text)
    GPIO_PinLockConfig                       0x0800257b   Thumb Code    34  stm32f4xx_gpio.o(.text)
    GPIO_ReadInputDataBit                    0x0800259d   Thumb Code    18  stm32f4xx_gpio.o(.text)
    GPIO_ReadInputData                       0x080025af   Thumb Code     8  stm32f4xx_gpio.o(.text)
    GPIO_ReadOutputDataBit                   0x080025b7   Thumb Code    18  stm32f4xx_gpio.o(.text)
    GPIO_ReadOutputData                      0x080025c9   Thumb Code     8  stm32f4xx_gpio.o(.text)
    GPIO_SetBits                             0x080025d1   Thumb Code     4  stm32f4xx_gpio.o(.text)
    GPIO_ResetBits                           0x080025d5   Thumb Code     4  stm32f4xx_gpio.o(.text)
    GPIO_WriteBit                            0x080025d9   Thumb Code    10  stm32f4xx_gpio.o(.text)
    GPIO_Write                               0x080025e3   Thumb Code     4  stm32f4xx_gpio.o(.text)
    GPIO_ToggleBits                          0x080025e7   Thumb Code     8  stm32f4xx_gpio.o(.text)
    GPIO_PinAFConfig                         0x080025ef   Thumb Code    70  stm32f4xx_gpio.o(.text)
    RCC_DeInit                               0x08002659   Thumb Code    60  stm32f4xx_rcc.o(.text)
    RCC_HSEConfig                            0x08002695   Thumb Code    14  stm32f4xx_rcc.o(.text)
    RCC_GetFlagStatus                        0x080026a3   Thumb Code    60  stm32f4xx_rcc.o(.text)
    RCC_WaitForHSEStartUp                    0x080026df   Thumb Code    56  stm32f4xx_rcc.o(.text)
    RCC_AdjustHSICalibrationValue            0x08002717   Thumb Code    20  stm32f4xx_rcc.o(.text)
    RCC_HSICmd                               0x0800272b   Thumb Code     6  stm32f4xx_rcc.o(.text)
    RCC_LSEConfig                            0x08002731   Thumb Code    46  stm32f4xx_rcc.o(.text)
    RCC_LSICmd                               0x0800275f   Thumb Code     6  stm32f4xx_rcc.o(.text)
    RCC_PLLConfig                            0x08002765   Thumb Code    32  stm32f4xx_rcc.o(.text)
    RCC_PLLCmd                               0x08002785   Thumb Code     6  stm32f4xx_rcc.o(.text)
    RCC_PLLI2SConfig                         0x0800278b   Thumb Code    14  stm32f4xx_rcc.o(.text)
    RCC_PLLI2SCmd                            0x08002799   Thumb Code     6  stm32f4xx_rcc.o(.text)
    RCC_ClockSecuritySystemCmd               0x0800279f   Thumb Code     6  stm32f4xx_rcc.o(.text)
    RCC_MCO1Config                           0x080027a5   Thumb Code    28  stm32f4xx_rcc.o(.text)
    RCC_MCO2Config                           0x080027c1   Thumb Code    28  stm32f4xx_rcc.o(.text)
    RCC_SYSCLKConfig                         0x080027dd   Thumb Code    20  stm32f4xx_rcc.o(.text)
    RCC_GetSYSCLKSource                      0x080027f1   Thumb Code    12  stm32f4xx_rcc.o(.text)
    RCC_HCLKConfig                           0x080027fd   Thumb Code    20  stm32f4xx_rcc.o(.text)
    RCC_PCLK1Config                          0x08002811   Thumb Code    20  stm32f4xx_rcc.o(.text)
    RCC_PCLK2Config                          0x08002825   Thumb Code    22  stm32f4xx_rcc.o(.text)
    RCC_GetClocksFreq                        0x0800283b   Thumb Code   222  stm32f4xx_rcc.o(.text)
    RCC_RTCCLKConfig                         0x08002919   Thumb Code    54  stm32f4xx_rcc.o(.text)
    RCC_RTCCLKCmd                            0x0800294f   Thumb Code     8  stm32f4xx_rcc.o(.text)
    RCC_BackupResetCmd                       0x08002957   Thumb Code     8  stm32f4xx_rcc.o(.text)
    RCC_I2SCLKConfig                         0x0800295f   Thumb Code     6  stm32f4xx_rcc.o(.text)
    RCC_AHB1PeriphClockCmd                   0x08002965   Thumb Code    34  stm32f4xx_rcc.o(.text)
    RCC_AHB2PeriphClockCmd                   0x08002987   Thumb Code    34  stm32f4xx_rcc.o(.text)
    RCC_AHB3PeriphClockCmd                   0x080029a9   Thumb Code    34  stm32f4xx_rcc.o(.text)
    RCC_APB1PeriphClockCmd                   0x080029cb   Thumb Code    34  stm32f4xx_rcc.o(.text)
    RCC_APB2PeriphClockCmd                   0x080029ed   Thumb Code    34  stm32f4xx_rcc.o(.text)
    RCC_AHB1PeriphResetCmd                   0x08002a0f   Thumb Code    34  stm32f4xx_rcc.o(.text)
    RCC_AHB2PeriphResetCmd                   0x08002a31   Thumb Code    72  stm32f4xx_rcc.o(.text)
    RCC_AHB3PeriphResetCmd                   0x08002a79   Thumb Code    34  stm32f4xx_rcc.o(.text)
    RCC_APB1PeriphResetCmd                   0x08002a9b   Thumb Code    34  stm32f4xx_rcc.o(.text)
    RCC_APB2PeriphResetCmd                   0x08002abd   Thumb Code    34  stm32f4xx_rcc.o(.text)
    RCC_AHB1PeriphClockLPModeCmd             0x08002adf   Thumb Code    34  stm32f4xx_rcc.o(.text)
    RCC_AHB2PeriphClockLPModeCmd             0x08002b01   Thumb Code    34  stm32f4xx_rcc.o(.text)
    RCC_AHB3PeriphClockLPModeCmd             0x08002b23   Thumb Code    34  stm32f4xx_rcc.o(.text)
    RCC_APB1PeriphClockLPModeCmd             0x08002b45   Thumb Code    34  stm32f4xx_rcc.o(.text)
    RCC_APB2PeriphClockLPModeCmd             0x08002b67   Thumb Code    34  stm32f4xx_rcc.o(.text)
    RCC_ITConfig                             0x08002b89   Thumb Code    34  stm32f4xx_rcc.o(.text)
    RCC_ClearFlag                            0x08002bab   Thumb Code    18  stm32f4xx_rcc.o(.text)
    RCC_GetITStatus                          0x08002bbd   Thumb Code    22  stm32f4xx_rcc.o(.text)
    RCC_ClearITPendingBit                    0x08002bd3   Thumb Code     8  stm32f4xx_rcc.o(.text)
    SYSCFG_DeInit                            0x08002be1   Thumb Code    22  stm32f4xx_syscfg.o(.text)
    SYSCFG_MemoryRemapConfig                 0x08002bf7   Thumb Code     6  stm32f4xx_syscfg.o(.text)
    SYSCFG_EXTILineConfig                    0x08002bfd   Thumb Code    66  stm32f4xx_syscfg.o(.text)
    SYSCFG_ETH_MediaInterfaceConfig          0x08002c3f   Thumb Code     6  stm32f4xx_syscfg.o(.text)
    SYSCFG_CompensationCellCmd               0x08002c45   Thumb Code     6  stm32f4xx_syscfg.o(.text)
    SYSCFG_GetCompensationCellStatus         0x08002c4b   Thumb Code    22  stm32f4xx_syscfg.o(.text)
    TIM_DeInit                               0x08002c6d   Thumb Code   346  stm32f4xx_tim.o(.text)
    TIM_TimeBaseInit                         0x08002dc7   Thumb Code   104  stm32f4xx_tim.o(.text)
    TIM_TimeBaseStructInit                   0x08002e2f   Thumb Code    18  stm32f4xx_tim.o(.text)
    TIM_PrescalerConfig                      0x08002e41   Thumb Code     6  stm32f4xx_tim.o(.text)
    TIM_CounterModeConfig                    0x08002e47   Thumb Code    18  stm32f4xx_tim.o(.text)
    TIM_SetCounter                           0x08002e59   Thumb Code     4  stm32f4xx_tim.o(.text)
    TIM_SetAutoreload                        0x08002e5d   Thumb Code     4  stm32f4xx_tim.o(.text)
    TIM_GetCounter                           0x08002e61   Thumb Code     6  stm32f4xx_tim.o(.text)
    TIM_GetPrescaler                         0x08002e67   Thumb Code     6  stm32f4xx_tim.o(.text)
    TIM_UpdateDisableConfig                  0x08002e6d   Thumb Code    24  stm32f4xx_tim.o(.text)
    TIM_UpdateRequestConfig                  0x08002e85   Thumb Code    24  stm32f4xx_tim.o(.text)
    TIM_ARRPreloadConfig                     0x08002e9d   Thumb Code    24  stm32f4xx_tim.o(.text)
    TIM_SelectOnePulseMode                   0x08002eb5   Thumb Code    18  stm32f4xx_tim.o(.text)
    TIM_SetClockDivision                     0x08002ec7   Thumb Code    18  stm32f4xx_tim.o(.text)
    TIM_Cmd                                  0x08002ed9   Thumb Code    24  stm32f4xx_tim.o(.text)
    TIM_OC1Init                              0x08002ef1   Thumb Code   114  stm32f4xx_tim.o(.text)
    TIM_OC2Init                              0x08002f63   Thumb Code   154  stm32f4xx_tim.o(.text)
    TIM_OC3Init                              0x08002ffd   Thumb Code   204  stm32f4xx_tim.o(.text)
    TIM_OC4Init                              0x080030c9   Thumb Code   112  stm32f4xx_tim.o(.text)
    TIM_OCStructInit                         0x08003139   Thumb Code    20  stm32f4xx_tim.o(.text)
    TIM_SelectOCxM                           0x0800314d   Thumb Code    86  stm32f4xx_tim.o(.text)
    TIM_SetCompare1                          0x080031a3   Thumb Code     4  stm32f4xx_tim.o(.text)
    TIM_SetCompare2                          0x080031a7   Thumb Code     4  stm32f4xx_tim.o(.text)
    TIM_SetCompare3                          0x080031ab   Thumb Code     4  stm32f4xx_tim.o(.text)
    TIM_SetCompare4                          0x080031af   Thumb Code     4  stm32f4xx_tim.o(.text)
    TIM_ForcedOC1Config                      0x080031b3   Thumb Code    18  stm32f4xx_tim.o(.text)
    TIM_ForcedOC2Config                      0x080031c5   Thumb Code    26  stm32f4xx_tim.o(.text)
    TIM_ForcedOC3Config                      0x080031df   Thumb Code    18  stm32f4xx_tim.o(.text)
    TIM_ForcedOC4Config                      0x080031f1   Thumb Code    26  stm32f4xx_tim.o(.text)
    TIM_OC1PreloadConfig                     0x0800320b   Thumb Code    18  stm32f4xx_tim.o(.text)
    TIM_OC2PreloadConfig                     0x0800321d   Thumb Code    26  stm32f4xx_tim.o(.text)
    TIM_OC3PreloadConfig                     0x08003237   Thumb Code    18  stm32f4xx_tim.o(.text)
    TIM_OC4PreloadConfig                     0x08003249   Thumb Code    26  stm32f4xx_tim.o(.text)
    TIM_OC1FastConfig                        0x08003263   Thumb Code    18  stm32f4xx_tim.o(.text)
    TIM_OC2FastConfig                        0x08003275   Thumb Code    26  stm32f4xx_tim.o(.text)
    TIM_OC3FastConfig                        0x0800328f   Thumb Code    18  stm32f4xx_tim.o(.text)
    TIM_OC4FastConfig                        0x080032a1   Thumb Code    26  stm32f4xx_tim.o(.text)
    TIM_ClearOC1Ref                          0x080032bb   Thumb Code    18  stm32f4xx_tim.o(.text)
    TIM_ClearOC2Ref                          0x080032cd   Thumb Code    24  stm32f4xx_tim.o(.text)
    TIM_ClearOC3Ref                          0x080032e5   Thumb Code    18  stm32f4xx_tim.o(.text)
    TIM_ClearOC4Ref                          0x080032f7   Thumb Code    24  stm32f4xx_tim.o(.text)
    TIM_OC1PolarityConfig                    0x0800330f   Thumb Code    18  stm32f4xx_tim.o(.text)
    TIM_OC1NPolarityConfig                   0x08003321   Thumb Code    18  stm32f4xx_tim.o(.text)
    TIM_OC2PolarityConfig                    0x08003333   Thumb Code    26  stm32f4xx_tim.o(.text)
    TIM_OC2NPolarityConfig                   0x0800334d   Thumb Code    26  stm32f4xx_tim.o(.text)
    TIM_OC3PolarityConfig                    0x08003367   Thumb Code    26  stm32f4xx_tim.o(.text)
    TIM_OC3NPolarityConfig                   0x08003381   Thumb Code    26  stm32f4xx_tim.o(.text)
    TIM_OC4PolarityConfig                    0x0800339b   Thumb Code    26  stm32f4xx_tim.o(.text)
    TIM_CCxCmd                               0x080033b5   Thumb Code    30  stm32f4xx_tim.o(.text)
    TIM_CCxNCmd                              0x080033d3   Thumb Code    30  stm32f4xx_tim.o(.text)
    TIM_SetIC4Prescaler                      0x080033f1   Thumb Code    26  stm32f4xx_tim.o(.text)
    TIM_SetIC3Prescaler                      0x0800345b   Thumb Code    18  stm32f4xx_tim.o(.text)
    TIM_SetIC2Prescaler                      0x080034b5   Thumb Code    26  stm32f4xx_tim.o(.text)
    TIM_SetIC1Prescaler                      0x08003529   Thumb Code    18  stm32f4xx_tim.o(.text)
    TIM_ICInit                               0x08003575   Thumb Code   110  stm32f4xx_tim.o(.text)
    TIM_ICStructInit                         0x080035e3   Thumb Code    18  stm32f4xx_tim.o(.text)
    TIM_PWMIConfig                           0x080035f5   Thumb Code   124  stm32f4xx_tim.o(.text)
    TIM_GetCapture1                          0x08003671   Thumb Code     6  stm32f4xx_tim.o(.text)
    TIM_GetCapture2                          0x08003677   Thumb Code     6  stm32f4xx_tim.o(.text)
    TIM_GetCapture3                          0x0800367d   Thumb Code     6  stm32f4xx_tim.o(.text)
    TIM_GetCapture4                          0x08003683   Thumb Code     6  stm32f4xx_tim.o(.text)
    TIM_BDTRConfig                           0x08003689   Thumb Code    32  stm32f4xx_tim.o(.text)
    TIM_BDTRStructInit                       0x080036a9   Thumb Code    18  stm32f4xx_tim.o(.text)
    TIM_CtrlPWMOutputs                       0x080036bb   Thumb Code    30  stm32f4xx_tim.o(.text)
    TIM_SelectCOM                            0x080036d9   Thumb Code    24  stm32f4xx_tim.o(.text)
    TIM_CCPreloadControl                     0x080036f1   Thumb Code    24  stm32f4xx_tim.o(.text)
    TIM_ITConfig                             0x08003709   Thumb Code    18  stm32f4xx_tim.o(.text)
    TIM_GenerateEvent                        0x0800371b   Thumb Code     4  stm32f4xx_tim.o(.text)
    TIM_GetFlagStatus                        0x0800371f   Thumb Code    18  stm32f4xx_tim.o(.text)
    TIM_ClearFlag                            0x08003731   Thumb Code     6  stm32f4xx_tim.o(.text)
    TIM_GetITStatus                          0x08003737   Thumb Code    34  stm32f4xx_tim.o(.text)
    TIM_ClearITPendingBit                    0x08003759   Thumb Code     6  stm32f4xx_tim.o(.text)
    TIM_DMAConfig                            0x0800375f   Thumb Code    10  stm32f4xx_tim.o(.text)
    TIM_DMACmd                               0x08003769   Thumb Code    18  stm32f4xx_tim.o(.text)
    TIM_SelectCCDMA                          0x0800377b   Thumb Code    24  stm32f4xx_tim.o(.text)
    TIM_InternalClockConfig                  0x08003793   Thumb Code    12  stm32f4xx_tim.o(.text)
    TIM_SelectInputTrigger                   0x0800379f   Thumb Code    18  stm32f4xx_tim.o(.text)
    TIM_ITRxExternalClockConfig              0x080037b1   Thumb Code    24  stm32f4xx_tim.o(.text)
    TIM_TIxExternalClockConfig               0x080037c9   Thumb Code    62  stm32f4xx_tim.o(.text)
    TIM_ETRConfig                            0x08003807   Thumb Code    28  stm32f4xx_tim.o(.text)
    TIM_ETRClockMode1Config                  0x08003823   Thumb Code    54  stm32f4xx_tim.o(.text)
    TIM_ETRClockMode2Config                  0x08003859   Thumb Code    32  stm32f4xx_tim.o(.text)
    TIM_SelectOutputTrigger                  0x08003879   Thumb Code    18  stm32f4xx_tim.o(.text)
    TIM_SelectSlaveMode                      0x0800388b   Thumb Code    18  stm32f4xx_tim.o(.text)
    TIM_SelectMasterSlaveMode                0x0800389d   Thumb Code    18  stm32f4xx_tim.o(.text)
    TIM_EncoderInterfaceConfig               0x080038af   Thumb Code    66  stm32f4xx_tim.o(.text)
    TIM_SelectHallSensor                     0x080038f1   Thumb Code    24  stm32f4xx_tim.o(.text)
    TIM_RemapConfig                          0x08003909   Thumb Code     6  stm32f4xx_tim.o(.text)
    USART_DeInit                             0x08003911   Thumb Code   156  stm32f4xx_usart.o(.text)
    USART_Init                               0x080039ad   Thumb Code   204  stm32f4xx_usart.o(.text)
    USART_StructInit                         0x08003a79   Thumb Code    24  stm32f4xx_usart.o(.text)
    USART_ClockInit                          0x08003a91   Thumb Code    32  stm32f4xx_usart.o(.text)
    USART_ClockStructInit                    0x08003ab1   Thumb Code    12  stm32f4xx_usart.o(.text)
    USART_Cmd                                0x08003abd   Thumb Code    24  stm32f4xx_usart.o(.text)
    USART_SetPrescaler                       0x08003ad5   Thumb Code    16  stm32f4xx_usart.o(.text)
    USART_OverSampling8Cmd                   0x08003ae5   Thumb Code    22  stm32f4xx_usart.o(.text)
    USART_OneBitMethodCmd                    0x08003afb   Thumb Code    24  stm32f4xx_usart.o(.text)
    USART_SendData                           0x08003b13   Thumb Code     8  stm32f4xx_usart.o(.text)
    USART_ReceiveData                        0x08003b1b   Thumb Code    10  stm32f4xx_usart.o(.text)
    USART_SetAddress                         0x08003b25   Thumb Code    18  stm32f4xx_usart.o(.text)
    USART_ReceiverWakeUpCmd                  0x08003b37   Thumb Code    24  stm32f4xx_usart.o(.text)
    USART_WakeUpConfig                       0x08003b4f   Thumb Code    18  stm32f4xx_usart.o(.text)
    USART_LINBreakDetectLengthConfig         0x08003b61   Thumb Code    18  stm32f4xx_usart.o(.text)
    USART_LINCmd                             0x08003b73   Thumb Code    24  stm32f4xx_usart.o(.text)
    USART_SendBreak                          0x08003b8b   Thumb Code    10  stm32f4xx_usart.o(.text)
    USART_HalfDuplexCmd                      0x08003b95   Thumb Code    24  stm32f4xx_usart.o(.text)
    USART_SetGuardTime                       0x08003bad   Thumb Code    16  stm32f4xx_usart.o(.text)
    USART_SmartCardCmd                       0x08003bbd   Thumb Code    24  stm32f4xx_usart.o(.text)
    USART_SmartCardNACKCmd                   0x08003bd5   Thumb Code    24  stm32f4xx_usart.o(.text)
    USART_IrDAConfig                         0x08003bed   Thumb Code    18  stm32f4xx_usart.o(.text)
    USART_IrDACmd                            0x08003bff   Thumb Code    24  stm32f4xx_usart.o(.text)
    USART_DMACmd                             0x08003c17   Thumb Code    18  stm32f4xx_usart.o(.text)
    USART_ITConfig                           0x08003c29   Thumb Code    74  stm32f4xx_usart.o(.text)
    USART_GetFlagStatus                      0x08003c73   Thumb Code    26  stm32f4xx_usart.o(.text)
    USART_ClearFlag                          0x08003c8d   Thumb Code    18  stm32f4xx_usart.o(.text)
    USART_GetITStatus                        0x08003c9f   Thumb Code   110  stm32f4xx_usart.o(.text)
    USART_ClearITPendingBit                  0x08003d0d   Thumb Code    30  stm32f4xx_usart.o(.text)
    SystemInit                               0x08003e09   Thumb Code    88  system_stm32f4xx.o(.text)
    SystemCoreClockUpdate                    0x08003e61   Thumb Code   174  system_stm32f4xx.o(.text)
    invSqrt                                  0x08003f3d   Thumb Code    56  imu.o(.text)
    Init_Quaternion                          0x08003f75   Thumb Code   664  imu.o(.text)
    IMU_getValues                            0x0800420d   Thumb Code   196  imu.o(.text)
    IMU_AHRSupdate                           0x080042d1   Thumb Code  2034  imu.o(.text)
    IMU_getQ                                 0x08004ac3   Thumb Code    56  imu.o(.text)
    IMU_getYawPitchRoll                      0x08004afb   Thumb Code   648  imu.o(.text)
    GetPitchYawGxGyGz                        0x08004d83   Thumb Code   204  imu.o(.text)
    IIC_Delay                                0x08004e81   Thumb Code    26  mpu6050_i2c.o(.text)
    HEAT_Configuration                       0x08004e9b   Thumb Code    50  mpu6050_i2c.o(.text)
    IIC_GPIO_Init                            0x08004ecd   Thumb Code    42  mpu6050_i2c.o(.text)
    IIC_SDA_Out                              0x08004ef7   Thumb Code    34  mpu6050_i2c.o(.text)
    IIC_SDA_In                               0x08004f19   Thumb Code    38  mpu6050_i2c.o(.text)
    IIC_Start                                0x08004f3f   Thumb Code    60  mpu6050_i2c.o(.text)
    IIC_Stop                                 0x08004f7b   Thumb Code    60  mpu6050_i2c.o(.text)
    IIC_Ack                                  0x08004fb7   Thumb Code    66  mpu6050_i2c.o(.text)
    IIC_WaitAck                              0x08004ff9   Thumb Code    94  mpu6050_i2c.o(.text)
    IIC_WriteBit                             0x08005057   Thumb Code    96  mpu6050_i2c.o(.text)
    IIC_ReadBit                              0x080050b7   Thumb Code    86  mpu6050_i2c.o(.text)
    IIC_WriteData                            0x0800510d   Thumb Code    92  mpu6050_i2c.o(.text)
    IIC_ReadData                             0x08005169   Thumb Code   146  mpu6050_i2c.o(.text)
    MPU6050_ReadData                         0x08005255   Thumb Code    44  mpu6050_driver.o(.text)
    HMC5883_Init                             0x08005281   Thumb Code   116  mpu6050_driver.o(.text)
    MPU6050_Init                             0x080052f5   Thumb Code   254  mpu6050_driver.o(.text)
    MPU6050_EnableInt                        0x080053f3   Thumb Code    66  mpu6050_driver.o(.text)
    MPU6050_Initialize                       0x08005435   Thumb Code    20  mpu6050_driver.o(.text)
    MPU6050_DataSave                         0x08005449   Thumb Code   494  mpu6050_driver.o(.text)
    HMC58X3_ReadData                         0x08005637   Thumb Code    18  mpu6050_driver.o(.text)
    MPU6050_getMotion6                       0x08005649   Thumb Code   606  mpu6050_driver.o(.text)
    MPU6050_getlastMotion6                   0x080058a7   Thumb Code    76  mpu6050_driver.o(.text)
    HMC58X3_newValues                        0x080058f3   Thumb Code   334  mpu6050_driver.o(.text)
    HMC58X3_getRaw                           0x08005a41   Thumb Code   100  mpu6050_driver.o(.text)
    HMC58X3_getlastValues                    0x08005aa5   Thumb Code    22  mpu6050_driver.o(.text)
    HMC58X3_mgetValues                       0x08005abb   Thumb Code   210  mpu6050_driver.o(.text)
    MPU6050_IntConfiguration                 0x08005b8d   Thumb Code   124  mpu6050_interrupt.o(.text)
    EXTI4_IRQHandler                         0x08005c09   Thumb Code    46  mpu6050_interrupt.o(.text)
    Is_AppParam_Calied                       0x08005c41   Thumb Code     6  iotask.o(.text)
    AppParamInit                             0x08005c5b   Thumb Code   276  iotask.o(.text)
    SetGimbalCaliData                        0x08005d6f   Thumb Code    24  iotask.o(.text)
    SetGyroCaliData                          0x08005d87   Thumb Code    28  iotask.o(.text)
    SetAccCaliData                           0x08005da3   Thumb Code    24  iotask.o(.text)
    SetMagCaliData                           0x08005dbb   Thumb Code    24  iotask.o(.text)
    SetPIDCaliData                           0x08005dd3   Thumb Code   280  iotask.o(.text)
    GetGimbalCaliData                        0x08005eeb   Thumb Code    16  iotask.o(.text)
    GetGyroCaliData                          0x08005efb   Thumb Code    20  iotask.o(.text)
    GetAccCaliData                           0x08005f0f   Thumb Code    20  iotask.o(.text)
    GetMagCaliData                           0x08005f23   Thumb Code    20  iotask.o(.text)
    IsGimbalCalied                           0x08005f37   Thumb Code    16  iotask.o(.text)
    IsGyroCalied                             0x08005f47   Thumb Code    16  iotask.o(.text)
    IsAccCalied                              0x08005f57   Thumb Code    18  iotask.o(.text)
    IsMagCalied                              0x08005f69   Thumb Code    18  iotask.o(.text)
    SetCaliCmdFlag                           0x08005f7b   Thumb Code    12  iotask.o(.text)
    ResetCaliCmdFlag                         0x08005f87   Thumb Code    12  iotask.o(.text)
    GetCaliCmdFlagGrp                        0x08005f93   Thumb Code     6  iotask.o(.text)
    IsCaliCmdFlagSet                         0x08005f99   Thumb Code    18  iotask.o(.text)
    Sensor_Offset_Param_Init                 0x08005fab   Thumb Code    92  iotask.o(.text)
    MagEndCaliProcess                        0x08006007   Thumb Code   192  iotask.o(.text)
    MagStartCaliProcess                      0x080060c7   Thumb Code    26  iotask.o(.text)
    GimbalCaliProcess                        0x080060e1   Thumb Code   106  iotask.o(.text)
    GyroCaliProcess                          0x0800614b   Thumb Code   202  iotask.o(.text)
    CalibrateLoop                            0x08006215   Thumb Code   234  iotask.o(.text)
    PIDCaliProcess                           0x080062ff   Thumb Code    22  iotask.o(.text)
    UploadParameter                          0x08006315   Thumb Code   314  iotask.o(.text)
    fw_PID_Reset                             0x080064bd   Thumb Code     2  controltask.o(.text)
    fw_PID_Calc                              0x080064bf   Thumb Code   414  controltask.o(.text)
    PID_PROCESS_Speed                        0x0800665d   Thumb Code    58  controltask.o(.text)
    ProcessYawPID                            0x08006697   Thumb Code    52  controltask.o(.text)
    PID_PROCESS_Double                       0x080066cb   Thumb Code    80  controltask.o(.text)
    ProcessPitchPID                          0x0800671b   Thumb Code    70  controltask.o(.text)
    CMControlInit                            0x08006761   Thumb Code    34  controltask.o(.text)
    ControlCMFL                              0x08006783   Thumb Code   162  controltask.o(.text)
    ControlCMFR                              0x08006825   Thumb Code   164  controltask.o(.text)
    ControlBullet                            0x080068c9   Thumb Code   216  controltask.o(.text)
    ControlBullet2                           0x080069a1   Thumb Code   182  controltask.o(.text)
    setBulletWithAngle                       0x08006a57   Thumb Code   446  controltask.o(.text)
    setBullet2WithAngle                      0x08006c15   Thumb Code   552  controltask.o(.text)
    odometryLoop                             0x08006e3d   Thumb Code    88  controltask.o(.text)
    WorkStateFSM                             0x08006e95   Thumb Code   482  controltask.o(.text)
    setCMMotor                               0x08007077   Thumb Code    36  controltask.o(.text)
    setGMMotor                               0x0800709b   Thumb Code    22  controltask.o(.text)
    ControlYawSpeed                          0x080070b1   Thumb Code    32  controltask.o(.text)
    ControlPitch                             0x080070d1   Thumb Code   384  controltask.o(.text)
    controlLoop                              0x08007251   Thumb Code   596  controltask.o(.text)
    RemoteShootControl                       0x08007531   Thumb Code   140  remotetask.o(.text)
    RemoteTaskInit                           0x080075bd   Thumb Code    48  remotetask.o(.text)
    RemoteControlProcess                     0x080075ed   Thumb Code   194  remotetask.o(.text)
    RemoteControlProcessAuto                 0x080076af   Thumb Code   154  remotetask.o(.text)
    GetRemoteSwitchAction                    0x08007749   Thumb Code   120  remotetask.o(.text)
    RemoteDataPrcess                         0x080077c1   Thumb Code   256  remotetask.o(.text)
    CanReceiveMsgProcess                     0x08007915   Thumb Code   202  canbustask.o(.text)
    Set_CM_Speed                             0x080079df   Thumb Code    92  canbustask.o(.text)
    Set_Gimbal_Current                       0x08007a3b   Thumb Code    82  canbustask.o(.text)
    LED_TOGGLE                               0x08007aa9   Thumb Code   214  supervisetask.o(.text)
    Get_Lost_Error                           0x08007b7f   Thumb Code    10  supervisetask.o(.text)
    GetLostCounter                           0x08007b89   Thumb Code    18  supervisetask.o(.text)
    SuperviseTask                            0x08007b9b   Thumb Code   426  supervisetask.o(.text)
    Set_Error_Flag                           0x08007d45   Thumb Code     2  supervisetask.o(.text)
    Is_Lost_Error_Set                        0x08007d47   Thumb Code    22  supervisetask.o(.text)
    Is_Serious_Error                         0x08007d5d   Thumb Code    46  supervisetask.o(.text)
    FrameUnpack                              0x08007e29   Thumb Code   234  protocal_parser.o(.text)
    FramePack                                0x08007f13   Thumb Code    50  protocal_parser.o(.text)
    SetFrameLength                           0x08007f45   Thumb Code    10  protocal_parser.o(.text)
    SetFrameCmd                              0x08007f4f   Thumb Code    10  protocal_parser.o(.text)
    GetFrameCmd                              0x08007f59   Thumb Code     6  protocal_parser.o(.text)
    GetFrameDataAddress                      0x08007f5f   Thumb Code     6  protocal_parser.o(.text)
    Version_Send                             0x08007f65   Thumb Code    94  protocal_parser.o(.text)
    IMU_Info_Send                            0x08007fc3   Thumb Code   122  protocal_parser.o(.text)
    Sensor_Info_Send                         0x0800803d   Thumb Code   140  protocal_parser.o(.text)
    Mag_Cali_Info_Send                       0x080080c9   Thumb Code   122  protocal_parser.o(.text)
    Offset_Info_Send                         0x08008143   Thumb Code   174  protocal_parser.o(.text)
    Cali_Feedback_Info_Send                  0x080081f1   Thumb Code    88  protocal_parser.o(.text)
    Robot_Error_Code_Send                    0x08008249   Thumb Code     2  protocal_parser.o(.text)
    PID_Paremeter_Send                       0x0800824b   Thumb Code   270  protocal_parser.o(.text)
    FIFO_Init                                0x08008359   Thumb Code    78  fifo.o(.text)
    FIFO_Create                              0x080083a7   Thumb Code    80  fifo.o(.text)
    FIFO_Destory                             0x080083f7   Thumb Code    40  fifo.o(.text)
    FIFO_S_Init                              0x0800841f   Thumb Code    62  fifo.o(.text)
    FIFO_S_Create                            0x0800845d   Thumb Code    60  fifo.o(.text)
    FIFO_S_Destory                           0x08008499   Thumb Code    40  fifo.o(.text)
    FIFO_Put                                 0x080084c1   Thumb Code   106  fifo.o(.text)
    FIFO_S_Put                               0x0800852b   Thumb Code    68  fifo.o(.text)
    FIFO_S_Puts                              0x0800856f   Thumb Code    98  fifo.o(.text)
    FIFO_Get                                 0x080085d1   Thumb Code   106  fifo.o(.text)
    FIFO_S_Get                               0x0800863b   Thumb Code    58  fifo.o(.text)
    FIFO_GetHead                             0x08008675   Thumb Code   162  fifo.o(.text)
    FIFO_S_GetHead                           0x08008717   Thumb Code    76  fifo.o(.text)
    FIFO_PreRead                             0x08008763   Thumb Code   108  fifo.o(.text)
    FIFO_S_PreRead                           0x080087cf   Thumb Code    48  fifo.o(.text)
    FIFO_IsEmpty                             0x080087ff   Thumb Code    24  fifo.o(.text)
    FIFO_S_IsEmpty                           0x08008817   Thumb Code    24  fifo.o(.text)
    FIFO_IsFull                              0x0800882f   Thumb Code    24  fifo.o(.text)
    FIFO_S_IsFull                            0x08008847   Thumb Code    24  fifo.o(.text)
    FIFO_CountUsed                           0x0800885f   Thumb Code    16  fifo.o(.text)
    FIFO_S_CountUsed                         0x0800886f   Thumb Code    16  fifo.o(.text)
    FIFO_CountFree                           0x0800887f   Thumb Code    16  fifo.o(.text)
    FIFO_S_CountFree                         0x0800888f   Thumb Code    16  fifo.o(.text)
    FIFO_Flush                               0x0800889f   Thumb Code    50  fifo.o(.text)
    FIFO_S_Flush                             0x080088d1   Thumb Code    44  fifo.o(.text)
    RampInit                                 0x080088fd   Thumb Code     8  ramp.o(.text)
    RampCalc                                 0x08008905   Thumb Code    66  ramp.o(.text)
    RampSetCounter                           0x08008947   Thumb Code     4  ramp.o(.text)
    RampResetCounter                         0x0800894b   Thumb Code     6  ramp.o(.text)
    RampSetScale                             0x08008951   Thumb Code     4  ramp.o(.text)
    RampIsOverflow                           0x08008955   Thumb Code    18  ramp.o(.text)
    LostCounterFeed                          0x0800896d   Thumb Code     8  lostcounter.o(.text)
    LostCounterCount                         0x08008975   Thumb Code    10  lostcounter.o(.text)
    LostCounterOverflowCheck                 0x0800897f   Thumb Code    14  lostcounter.o(.text)
    PID_Reset                                0x0800898d   Thumb Code    50  pid_regulator.o(.text)
    PID_Calc                                 0x080089bf   Thumb Code   234  pid_regulator.o(.text)
    Get_CRC8_Check_Sum                       0x08008aad   Thumb Code    30  mf_crc8.o(.text)
    Verify_CRC8_Check_Sum                    0x08008acb   Thumb Code    46  mf_crc8.o(.text)
    Append_CRC8_Check_Sum                    0x08008af9   Thumb Code    36  mf_crc8.o(.text)
    Get_CRC16_Check_Sum                      0x08008b21   Thumb Code    46  mf_crc16.o(.text)
    Verify_CRC16_Check_Sum                   0x08008b4f   Thumb Code    60  mf_crc16.o(.text)
    Append_CRC16_Check_Sum                   0x08008b8b   Thumb Code    44  mf_crc16.o(.text)
    __aeabi_memcpy                           0x08008bc1   Thumb Code    36  memcpya.o(.text)
    __aeabi_memcpy4                          0x08008bc1   Thumb Code     0  memcpya.o(.text)
    __aeabi_memcpy8                          0x08008bc1   Thumb Code     0  memcpya.o(.text)
    __aeabi_memset                           0x08008be5   Thumb Code    14  memseta.o(.text)
    __aeabi_memset4                          0x08008be5   Thumb Code     0  memseta.o(.text)
    __aeabi_memset8                          0x08008be5   Thumb Code     0  memseta.o(.text)
    __aeabi_memclr                           0x08008bf3   Thumb Code     4  memseta.o(.text)
    __aeabi_memclr4                          0x08008bf3   Thumb Code     0  memseta.o(.text)
    __aeabi_memclr8                          0x08008bf3   Thumb Code     0  memseta.o(.text)
    _memset$wrapper                          0x08008bf7   Thumb Code    18  memseta.o(.text)
    __aeabi_dadd                             0x08008c09   Thumb Code   322  dadd.o(.text)
    __aeabi_dsub                             0x08008d4b   Thumb Code     6  dadd.o(.text)
    __aeabi_drsub                            0x08008d51   Thumb Code     6  dadd.o(.text)
    __aeabi_dmul                             0x08008d57   Thumb Code   228  dmul.o(.text)
    __aeabi_ddiv                             0x08008e3b   Thumb Code   222  ddiv.o(.text)
    __aeabi_i2d                              0x08008f19   Thumb Code    34  dflti.o(.text)
    __aeabi_f2d                              0x08008f3b   Thumb Code    38  f2d.o(.text)
    __aeabi_cdcmpeq                          0x08008f61   Thumb Code     0  cdcmple.o(.text)
    __aeabi_cdcmple                          0x08008f61   Thumb Code    48  cdcmple.o(.text)
    __aeabi_cdrcmple                         0x08008f91   Thumb Code    48  cdrcmple.o(.text)
    __aeabi_d2f                              0x08008fc1   Thumb Code    56  d2f.o(.text)
    __aeabi_llsl                             0x08008ff9   Thumb Code    30  llshl.o(.text)
    _ll_shift_l                              0x08008ff9   Thumb Code     0  llshl.o(.text)
    __aeabi_lasr                             0x08009017   Thumb Code    36  llsshr.o(.text)
    _ll_sshift_r                             0x08009017   Thumb Code     0  llsshr.o(.text)
    __I$use$fp                               0x0800903b   Thumb Code     0  iusefp.o(.text)
    _float_round                             0x0800903b   Thumb Code    18  fepilogue.o(.text)
    _float_epilogue                          0x0800904d   Thumb Code    92  fepilogue.o(.text)
    _double_round                            0x080090a9   Thumb Code    30  depilogue.o(.text)
    _double_epilogue                         0x080090c7   Thumb Code   156  depilogue.o(.text)
    _dsqrt                                   0x08009163   Thumb Code   162  dsqrt.o(.text)
    __scatterload                            0x08009205   Thumb Code    28  init.o(.text)
    __scatterload_rt2                        0x08009205   Thumb Code     0  init.o(.text)
    __aeabi_llsr                             0x08009229   Thumb Code    32  llushr.o(.text)
    _ll_ushift_r                             0x08009229   Thumb Code     0  llushr.o(.text)
    __decompress                             0x08009249   Thumb Code     0  __dczerorl2.o(.text)
    __decompress1                            0x08009249   Thumb Code    86  __dczerorl2.o(.text)
    __0printf$bare                           0x080092a1   Thumb Code     8  printfb.o(i.__0printf$bare)
    __1printf$bare                           0x080092a1   Thumb Code     0  printfb.o(i.__0printf$bare)
    __2printf                                0x080092a1   Thumb Code     0  printfb.o(i.__0printf$bare)
    __ARM_fpclassify                         0x080092b1   Thumb Code    48  fpclassify.o(i.__ARM_fpclassify)
    __hardfp_asin                            0x080092e1   Thumb Code   770  asin.o(i.__hardfp_asin)
    __hardfp_atan                            0x08009641   Thumb Code   622  atan.o(i.__hardfp_atan)
    __hardfp_atan2                           0x08009919   Thumb Code   432  atan2.o(i.__hardfp_atan2)
    __hardfp_fabs                            0x08009b09   Thumb Code    20  fabs.o(i.__hardfp_fabs)
    __hardfp_sqrt                            0x08009b1d   Thumb Code   122  sqrt.o(i.__hardfp_sqrt)
    __kernel_poly                            0x08009b97   Thumb Code   248  poly.o(i.__kernel_poly)
    __mathlib_dbl_infnan                     0x08009c8f   Thumb Code    20  dunder.o(i.__mathlib_dbl_infnan)
    __mathlib_dbl_infnan2                    0x08009ca3   Thumb Code    20  dunder.o(i.__mathlib_dbl_infnan2)
    __mathlib_dbl_invalid                    0x08009cb9   Thumb Code    24  dunder.o(i.__mathlib_dbl_invalid)
    __mathlib_dbl_underflow                  0x08009cd9   Thumb Code    24  dunder.o(i.__mathlib_dbl_underflow)
    __scatterload_copy                       0x08009cf9   Thumb Code    14  handlers.o(i.__scatterload_copy)
    __scatterload_null                       0x08009d07   Thumb Code     2  handlers.o(i.__scatterload_null)
    __scatterload_zeroinit                   0x08009d09   Thumb Code    14  handlers.o(i.__scatterload_zeroinit)
    __set_errno                              0x08009d19   Thumb Code     6  errno.o(i.__set_errno)
    atan                                     0x08009d47   Thumb Code    16  atan.o(i.atan)
    fabs                                     0x08009d57   Thumb Code    24  fabs.o(i.fabs)
    free                                     0x08009d71   Thumb Code    76  malloc.o(i.free)
    malloc                                   0x08009dc1   Thumb Code    92  malloc.o(i.malloc)
    sqrt                                     0x08009e2d   Thumb Code   110  sqrt.o(i.sqrt)
    lost_counter_len                         0x08009e9c   Data          44  supervisetask.o(.constdata)
    CRC8_INIT                                0x08009ec8   Data           1  mf_crc8.o(.constdata)
    CRC8_TAB                                 0x08009ec9   Data         256  mf_crc8.o(.constdata)
    wCRC_Table                               0x08009fca   Data         512  mf_crc16.o(.constdata)
    __mathlib_zero                           0x0800a2b8   Data           8  qnan.o(.constdata)
    Region$$Table$$Base                      0x0800a2c0   Number         0  anon$$obj.o(Region$$Table)
    Region$$Table$$Limit                     0x0800a2e0   Number         0  anon$$obj.o(Region$$Table)
    Upload_Speed                             0x20000000   Data           4  main.o(.data)
    power1                                   0x20000004   Data           2  main.o(.data)
    power2                                   0x20000006   Data           2  main.o(.data)
    system_micrsecond                        0x20000008   Data           4  main.o(.data)
    UART_TranFifo                            0x20000010   Data           4  usart3.o(.data)
    auto_attack_temp                         0x20000014   Data           1  usart3.o(.data)
    auto_receiving                           0x20000015   Data           1  usart3.o(.data)
    auto_received                            0x20000016   Data           1  usart3.o(.data)
    auto_buffer                              0x20000017   Data           7  usart3.o(.data)
    auto_buffercnt                           0x2000001e   Data           1  usart3.o(.data)
    SystemCoreClock                          0x20000030   Data           4  system_stm32f4xx.o(.data)
    AHBPrescTable                            0x20000034   Data          16  system_stm32f4xx.o(.data)
    exInt                                    0x20000044   Data           4  imu.o(.data)
    eyInt                                    0x20000048   Data           4  imu.o(.data)
    ezInt                                    0x2000004c   Data           4  imu.o(.data)
    q0                                       0x20000050   Data           4  imu.o(.data)
    q1                                       0x20000054   Data           4  imu.o(.data)
    q2                                       0x20000058   Data           4  imu.o(.data)
    q3                                       0x2000005c   Data           4  imu.o(.data)
    lastUpdate                               0x20000084   Data           4  imu.o(.data)
    now                                      0x20000088   Data           4  imu.o(.data)
    yaw_temp                                 0x2000008c   Data           4  imu.o(.data)
    pitch_temp                               0x20000090   Data           4  imu.o(.data)
    roll_temp                                0x20000094   Data           4  imu.o(.data)
    last_yaw_temp                            0x20000098   Data           4  imu.o(.data)
    last_pitch_temp                          0x2000009c   Data           4  imu.o(.data)
    last_roll_temp                           0x200000a0   Data           4  imu.o(.data)
    yaw_angle                                0x200000a4   Data           4  imu.o(.data)
    pitch_angle                              0x200000a8   Data           4  imu.o(.data)
    roll_angle                               0x200000ac   Data           4  imu.o(.data)
    HMC5883_lastx                            0x200000b4   Data           4  mpu6050_driver.o(.data)
    HMC5883_lasty                            0x200000b8   Data           4  mpu6050_driver.o(.data)
    HMC5883_lastz                            0x200000bc   Data           4  mpu6050_driver.o(.data)
    MPU6050_Lastax                           0x200000c0   Data           2  mpu6050_driver.o(.data)
    MPU6050_Lastay                           0x200000c2   Data           2  mpu6050_driver.o(.data)
    MPU6050_Lastaz                           0x200000c4   Data           2  mpu6050_driver.o(.data)
    MPU6050_Lastgx                           0x200000c6   Data           2  mpu6050_driver.o(.data)
    MPU6050_Lastgy                           0x200000c8   Data           2  mpu6050_driver.o(.data)
    MPU6050_Lastgz                           0x200000ca   Data           2  mpu6050_driver.o(.data)
    isMPU6050_is_DRY                         0x200000cc   Data           1  mpu6050_interrupt.o(.data)
    PIDCaliData                              0x200000dc   Data           8  iotask.o(.data)
    GimbalSavedCaliData                      0x200000e4   Data           5  iotask.o(.data)
    GyroSavedCaliData                        0x200000e9   Data           7  iotask.o(.data)
    PitchPositionSavedPID                    0x200000f0   Data           8  iotask.o(.data)
    PitchSpeedSavedPID                       0x200000f8   Data           8  iotask.o(.data)
    YawPositionSavedPID                      0x20000100   Data           8  iotask.o(.data)
    YawSpeedSavedPID                         0x20000108   Data           8  iotask.o(.data)
    app_param_calied_flag                    0x20000110   Data           1  iotask.o(.data)
    auto_attack_yaw_kp                       0x20000150   Data           4  controltask.o(.data)
    auto_attack_pitch_kp                     0x20000154   Data           4  controltask.o(.data)
    auto_attack_yaw_kd                       0x20000158   Data           4  controltask.o(.data)
    auto_attack_pitch_kd                     0x2000015c   Data           4  controltask.o(.data)
    find_enemy                               0x20000160   Data           1  controltask.o(.data)
    on_enemy                                 0x20000161   Data           1  controltask.o(.data)
    enemy_yaw                                0x20000162   Data           2  controltask.o(.data)
    enemy_pitch                              0x20000164   Data           2  controltask.o(.data)
    enemy_detect_cnt                         0x20000166   Data           2  controltask.o(.data)
    WorkState                                0x20000168   Data           1  controltask.o(.data)
    prepare_time                             0x2000016a   Data           2  controltask.o(.data)
    CMRotatePID                              0x2000016c   Data          80  controltask.o(.data)
    CM1SpeedPID                              0x200001bc   Data          80  controltask.o(.data)
    CM2SpeedPID                              0x2000020c   Data          80  controltask.o(.data)
    BulletSpeedPID                           0x2000025c   Data          80  controltask.o(.data)
    Bullet2SpeedPID                          0x200002ac   Data          80  controltask.o(.data)
    BulletPositionPID                        0x200002fc   Data          80  controltask.o(.data)
    Bullet2PositionPID                       0x2000034c   Data          80  controltask.o(.data)
    CMFLIntensity                            0x2000039c   Data           2  controltask.o(.data)
    CMFRIntensity                            0x2000039e   Data           2  controltask.o(.data)
    BulletIntensity                          0x200003a0   Data           2  controltask.o(.data)
    Bullet2Intensity                         0x200003a2   Data           2  controltask.o(.data)
    yawIntensity                             0x200003a4   Data           2  controltask.o(.data)
    pitchIntensity                           0x200003a6   Data           2  controltask.o(.data)
    bullet_angle_target                      0x200003a8   Data           8  controltask.o(.data)
    bulletRealAngle                          0x200003b0   Data           8  controltask.o(.data)
    bullet_zero_angle                        0x200003b8   Data           8  controltask.o(.data)
    bullet2_angle_target                     0x200003c0   Data           8  controltask.o(.data)
    bullet2RealAngle                         0x200003c8   Data           8  controltask.o(.data)
    bullet2_zero_angle                       0x200003d0   Data           8  controltask.o(.data)
    odometry                                 0x200003d8   Data           4  controltask.o(.data)
    odometry_fact                            0x200003dc   Data           4  controltask.o(.data)
    odometry_upmax1                          0x200003e0   Data           4  controltask.o(.data)
    odometry_downmax1                        0x200003e4   Data           4  controltask.o(.data)
    odometry_speed1                          0x200003e8   Data           4  controltask.o(.data)
    odometry_upmax2                          0x200003ec   Data           4  controltask.o(.data)
    odometry_downmax2                        0x200003f0   Data           4  controltask.o(.data)
    odometry_speed2                          0x200003f4   Data           4  controltask.o(.data)
    pitchPositionPID                         0x200003f8   Data          76  controltask.o(.data)
    yawPositionPID                           0x20000444   Data          76  controltask.o(.data)
    pitchSpeedPID                            0x20000490   Data          76  controltask.o(.data)
    yawSpeedPID                              0x200004dc   Data          76  controltask.o(.data)
    yawRealAngle                             0x20000528   Data           4  controltask.o(.data)
    pitchRealAngle                           0x2000052c   Data           4  controltask.o(.data)
    gap_angle                                0x20000530   Data           4  controltask.o(.data)
    enemy_yaw_err                            0x20000534   Data           4  controltask.o(.data)
    enemy_yaw_out                            0x20000538   Data           4  controltask.o(.data)
    enemy_pitch_err                          0x2000053c   Data           4  controltask.o(.data)
    enemy_pitch_out                          0x20000540   Data           4  controltask.o(.data)
    disturb_init                             0x20000544   Data           2  controltask.o(.data)
    disturb_cnt                              0x20000546   Data           2  controltask.o(.data)
    disturb_angle                            0x20000548   Data           4  controltask.o(.data)
    testred1                                 0x2000054c   Data           1  controltask.o(.data)
    testred2                                 0x2000054d   Data           1  controltask.o(.data)
    FrictionWheelState                       0x2000057c   Data           1  remotetask.o(.data)
    ShootState                               0x2000057d   Data           1  remotetask.o(.data)
    frictionRamp                             0x20000580   Data          36  remotetask.o(.data)
    LRSpeedRamp                              0x200005a4   Data          36  remotetask.o(.data)
    FBSpeedRamp                              0x200005c8   Data          36  remotetask.o(.data)
    remoteShootDelay                         0x200005ec   Data           2  remotetask.o(.data)
    inputmode                                0x200005f8   Data           1  remotetask.o(.data)
    ChassisSpeedRef                          0x200005f9   Data           6  remotetask.o(.data)
    bullet_ref                               0x20000600   Data           4  remotetask.o(.data)
    bullet2_ref                              0x20000604   Data           4  remotetask.o(.data)
    yawSpeedTarget                           0x20000608   Data           4  remotetask.o(.data)
    yawAngleTarget                           0x2000060c   Data           4  remotetask.o(.data)
    pitchAngleTarget                         0x20000610   Data           4  remotetask.o(.data)
    isRcanStarted_CMGM                       0x20000618   Data           1  canbustask.o(.data)
    CMFLRx                                   0x2000061a   Data           4  canbustask.o(.data)
    CMFRRx                                   0x2000061e   Data           4  canbustask.o(.data)
    BulletRx                                 0x20000622   Data           4  canbustask.o(.data)
    Bullet2Rx                                0x20000626   Data           4  canbustask.o(.data)
    GMPITCHRx                                0x2000062a   Data           6  canbustask.o(.data)
    GMYAWRx                                  0x20000630   Data           6  canbustask.o(.data)
    lost_counter                             0x2000063c   Data          44  supervisetask.o(.data)
    lost_err                                 0x20000668   Data           4  supervisetask.o(.data)
    CRC_INIT                                 0x2000067e   Data           2  mf_crc16.o(.data)
    __stdout                                 0x20000680   Data           4  stdout.o(.data)
    __microlib_freelist                      0x20000684   Data           4  mvars.o(.data)
    __microlib_freelist_initialised          0x20000688   Data           4  mvars.o(.data)
    mygetqval                                0x200007d0   Data          36  imu.o(.bss)
    angle                                    0x20000804   Data          12  imu.o(.bss)
    MPU6050_Raw_Data                         0x20000810   Data          20  mpu6050_driver.o(.bss)
    MPU6050_Real_Data                        0x20000824   Data          40  mpu6050_driver.o(.bss)
    ahrs                                     0x2000084c   Data          12  mpu6050_driver.o(.bss)
    mpu_buf                                  0x20000858   Data          20  mpu6050_driver.o(.bss)
    MPU6050_FIFO                             0x2000086c   Data         132  mpu6050_driver.o(.bss)
    HMC5883_FIFO                             0x200008f0   Data          66  mpu6050_driver.o(.bss)
    MagMaxMinData                            0x20000932   Data          12  mpu6050_driver.o(.bss)
    gAppParamStruct                          0x2000093e   Data          87  iotask.o(.bss)
    AccSavedCaliData                         0x200009a8   Data          19  iotask.o(.bss)
    MagSavedCaliData                         0x200009bb   Data          19  iotask.o(.bss)
    rc_data                                  0x200009ce   Data          18  remotetask.o(.bss)
    RC_CtrlData                              0x200009e0   Data          22  remotetask.o(.bss)
    g_switch1                                0x200009f6   Data          23  remotetask.o(.bss)
    __heap_base                              0x20000b18   Data           0  startup_stm32f4xx.o(HEAP)
    __heap_limit                             0x20000d18   Data           0  startup_stm32f4xx.o(HEAP)
    __initial_sp                             0x20001718   Data           0  startup_stm32f4xx.o(STACK)



==============================================================================

Memory Map of the image

  Image Entry point : 0x08000189

  Load Region LR_IROM1 (Base: 0x08000000, Size: 0x0000a970, Max: 0x00100000, ABSOLUTE, COMPRESSED[0x0000a3d4])

    Execution Region ER_IROM1 (Base: 0x08000000, Size: 0x0000a2e0, Max: 0x00100000, ABSOLUTE)

    Base Addr    Size         Type   Attr      Idx    E Section Name        Object

    0x08000000   0x00000188   Data   RO          498    RESET               startup_stm32f4xx.o
    0x08000188   0x00000000   Code   RO         1620  * .ARM.Collect$$$$00000000  mc_w.l(entry.o)
    0x08000188   0x00000004   Code   RO         1968    .ARM.Collect$$$$00000001  mc_w.l(entry2.o)
    0x0800018c   0x00000004   Code   RO         1971    .ARM.Collect$$$$00000004  mc_w.l(entry5.o)
    0x08000190   0x00000000   Code   RO         1973    .ARM.Collect$$$$00000008  mc_w.l(entry7b.o)
    0x08000190   0x00000000   Code   RO         1975    .ARM.Collect$$$$0000000A  mc_w.l(entry8b.o)
    0x08000190   0x00000008   Code   RO         1976    .ARM.Collect$$$$0000000B  mc_w.l(entry9a.o)
    0x08000198   0x00000000   Code   RO         1978    .ARM.Collect$$$$0000000D  mc_w.l(entry10a.o)
    0x08000198   0x00000000   Code   RO         1980    .ARM.Collect$$$$0000000F  mc_w.l(entry11a.o)
    0x08000198   0x00000004   Code   RO         1969    .ARM.Collect$$$$00002712  mc_w.l(entry2.o)
    0x0800019c   0x00000030   Code   RO            3    .text               main.o
    0x080001cc   0x00000050   Code   RO          201    .text               bsp.o
    0x0800021c   0x00000040   Code   RO          228    .text               led.o
    0x0800025c   0x00000044   Code   RO          248    .text               gun.o
    0x080002a0   0x000001b0   Code   RO          271    .text               can1.o
    0x08000450   0x00000150   Code   RO          291    .text               can2.o
    0x080005a0   0x0000006c   Code   RO          314    .text               delay.o
    0x0800060c   0x00000104   Code   RO          334    .text               exti.o
    0x08000710   0x0000003c   Code   RO          354    .text               laser.o
    0x0800074c   0x000001a0   Code   RO          374    .text               timer.o
    0x080008ec   0x0000021c   Code   RO          397    .text               usart1.o
    0x08000b08   0x00000258   Code   RO          426    .text               usart3.o
    0x08000d60   0x0000009c   Code   RO          453    .text               encoder.o
    0x08000dfc   0x00000174   Code   RO          475    .text               bsp_flash.o
    0x08000f70   0x00000024   Code   RO          499    .text               startup_stm32f4xx.o
    0x08000f94   0x00000018   Code   RO          505    .text               stm32f4xx_it.o
    0x08000fac   0x000000e0   Code   RO          528    .text               misc.o
    0x0800108c   0x000009f0   Code   RO          597    .text               stm32f4xx_can.o
    0x08001a7c   0x000003a8   Code   RO          666    .text               stm32f4xx_dma.o
    0x08001e24   0x0000011c   Code   RO          689    .text               stm32f4xx_exti.o
    0x08001f40   0x000004bc   Code   RO          712    .text               stm32f4xx_flash.o
    0x080023fc   0x0000025c   Code   RO          735    .text               stm32f4xx_gpio.o
    0x08002658   0x00000588   Code   RO          781    .text               stm32f4xx_rcc.o
    0x08002be0   0x0000008c   Code   RO          829    .text               stm32f4xx_syscfg.o
    0x08002c6c   0x00000ca2   Code   RO          852    .text               stm32f4xx_tim.o
    0x0800390e   0x00000002   PAD
    0x08003910   0x0000041a   Code   RO          875    .text               stm32f4xx_usart.o
    0x08003d2a   0x00000002   PAD
    0x08003d2c   0x00000210   Code   RO          898    .text               system_stm32f4xx.o
    0x08003f3c   0x00000f44   Code   RO          947    .text               imu.o
    0x08004e80   0x000003d4   Code   RO          975    .text               mpu6050_i2c.o
    0x08005254   0x00000938   Code   RO          995    .text               mpu6050_driver.o
    0x08005b8c   0x000000b4   Code   RO         1027    .text               mpu6050_interrupt.o
    0x08005c40   0x0000087c   Code   RO         1053    .text               iotask.o
    0x080064bc   0x00001074   Code   RO         1081    .text               controltask.o
    0x08007530   0x000003e4   Code   RO         1109    .text               remotetask.o
    0x08007914   0x00000194   Code   RO         1137    .text               canbustask.o
    0x08007aa8   0x00000300   Code   RO         1163    .text               supervisetask.o
    0x08007da8   0x000005b0   Code   RO         1191    .text               Protocol.lib(protocal_parser.o)
    0x08008358   0x000005a4   Code   RO         1282    .text               RMLib.lib(fifo.o)
    0x080088fc   0x00000070   Code   RO         1362    .text               RMLib.lib(ramp.o)
    0x0800896c   0x00000020   Code   RO         1495    .text               RMLib.lib(lostcounter.o)
    0x0800898c   0x00000120   Code   RO         1518    .text               RMLib.lib(pid_regulator.o)
    0x08008aac   0x00000074   Code   RO         1542    .text               Protocol.lib(mf_crc8.o)
    0x08008b20   0x000000a0   Code   RO         1557    .text               Protocol.lib(mf_crc16.o)
    0x08008bc0   0x00000024   Code   RO         1623    .text               mc_w.l(memcpya.o)
    0x08008be4   0x00000024   Code   RO         1625    .text               mc_w.l(memseta.o)
    0x08008c08   0x0000014e   Code   RO         1917    .text               mf_w.l(dadd.o)
    0x08008d56   0x000000e4   Code   RO         1919    .text               mf_w.l(dmul.o)
    0x08008e3a   0x000000de   Code   RO         1921    .text               mf_w.l(ddiv.o)
    0x08008f18   0x00000022   Code   RO         1925    .text               mf_w.l(dflti.o)
    0x08008f3a   0x00000026   Code   RO         1927    .text               mf_w.l(f2d.o)
    0x08008f60   0x00000030   Code   RO         1929    .text               mf_w.l(cdcmple.o)
    0x08008f90   0x00000030   Code   RO         1931    .text               mf_w.l(cdrcmple.o)
    0x08008fc0   0x00000038   Code   RO         1933    .text               mf_w.l(d2f.o)
    0x08008ff8   0x0000001e   Code   RO         1987    .text               mc_w.l(llshl.o)
    0x08009016   0x00000024   Code   RO         1989    .text               mc_w.l(llsshr.o)
    0x0800903a   0x00000000   Code   RO         2000    .text               mc_w.l(iusefp.o)
    0x0800903a   0x0000006e   Code   RO         2001    .text               mf_w.l(fepilogue.o)
    0x080090a8   0x000000ba   Code   RO         2003    .text               mf_w.l(depilogue.o)
    0x08009162   0x000000a2   Code   RO         2005    .text               mf_w.l(dsqrt.o)
    0x08009204   0x00000024   Code   RO         2009    .text               mc_w.l(init.o)
    0x08009228   0x00000020   Code   RO         2011    .text               mc_w.l(llushr.o)
    0x08009248   0x00000056   Code   RO         2021    .text               mc_w.l(__dczerorl2.o)
    0x0800929e   0x00000002   PAD
    0x080092a0   0x00000010   Code   RO         1630    i.__0printf$bare    mc_w.l(printfb.o)
    0x080092b0   0x00000030   Code   RO         1963    i.__ARM_fpclassify  m_wm.l(fpclassify.o)
    0x080092e0   0x00000360   Code   RO         1576    i.__hardfp_asin     m_wm.l(asin.o)
    0x08009640   0x000002d8   Code   RO         1935    i.__hardfp_atan     m_wm.l(atan.o)
    0x08009918   0x000001f0   Code   RO         1590    i.__hardfp_atan2    m_wm.l(atan2.o)
    0x08009b08   0x00000014   Code   RO         1602    i.__hardfp_fabs     m_wm.l(fabs.o)
    0x08009b1c   0x0000007a   Code   RO         1608    i.__hardfp_sqrt     m_wm.l(sqrt.o)
    0x08009b96   0x000000f8   Code   RO         1965    i.__kernel_poly     m_wm.l(poly.o)
    0x08009c8e   0x00000014   Code   RO         1950    i.__mathlib_dbl_infnan  m_wm.l(dunder.o)
    0x08009ca2   0x00000014   Code   RO         1951    i.__mathlib_dbl_infnan2  m_wm.l(dunder.o)
    0x08009cb6   0x00000002   PAD
    0x08009cb8   0x00000020   Code   RO         1952    i.__mathlib_dbl_invalid  m_wm.l(dunder.o)
    0x08009cd8   0x00000020   Code   RO         1955    i.__mathlib_dbl_underflow  m_wm.l(dunder.o)
    0x08009cf8   0x0000000e   Code   RO         2015    i.__scatterload_copy  mc_w.l(handlers.o)
    0x08009d06   0x00000002   Code   RO         2016    i.__scatterload_null  mc_w.l(handlers.o)
    0x08009d08   0x0000000e   Code   RO         2017    i.__scatterload_zeroinit  mc_w.l(handlers.o)
    0x08009d16   0x00000002   PAD
    0x08009d18   0x0000000c   Code   RO         1995    i.__set_errno       mc_w.l(errno.o)
    0x08009d24   0x00000022   Code   RO         1637    i._printf_core      mc_w.l(printfb.o)
    0x08009d46   0x00000010   Code   RO         1937    i.atan              m_wm.l(atan.o)
    0x08009d56   0x00000018   Code   RO         1604    i.fabs              m_wm.l(fabs.o)
    0x08009d6e   0x00000002   PAD
    0x08009d70   0x00000050   Code   RO         1889    i.free              mc_w.l(malloc.o)
    0x08009dc0   0x0000006c   Code   RO         1890    i.malloc            mc_w.l(malloc.o)
    0x08009e2c   0x0000006e   Code   RO         1610    i.sqrt              m_wm.l(sqrt.o)
    0x08009e9a   0x00000002   PAD
    0x08009e9c   0x0000002c   Data   RO         1165    .constdata          supervisetask.o
    0x08009ec8   0x00000101   Data   RO         1543    .constdata          Protocol.lib(mf_crc8.o)
    0x08009fc9   0x00000001   PAD
    0x08009fca   0x00000200   Data   RO         1558    .constdata          Protocol.lib(mf_crc16.o)
    0x0800a1ca   0x00000006   PAD
    0x0800a1d0   0x00000050   Data   RO         1579    .constdata          m_wm.l(asin.o)
    0x0800a220   0x00000098   Data   RO         1938    .constdata          m_wm.l(atan.o)
    0x0800a2b8   0x00000008   Data   RO         1967    .constdata          m_wm.l(qnan.o)
    0x0800a2c0   0x00000020   Data   RO         2013    Region$$Table       anon$$obj.o


    Execution Region RW_IRAM1 (Base: 0x20000000, Size: 0x00001718, Max: 0x00020000, ABSOLUTE, COMPRESSED[0x000000f4])

    Base Addr    Size         Type   Attr      Idx    E Section Name        Object

    0x20000000   0x0000000c   Data   RW            4    .data               main.o
    0x2000000c   0x00000004   Data   RW          399    .data               usart1.o
    0x20000010   0x0000000f   Data   RW          428    .data               usart3.o
    0x2000001f   0x00000001   Data   RW          454    .data               encoder.o
    0x20000020   0x00000010   Data   RW          782    .data               stm32f4xx_rcc.o
    0x20000030   0x00000014   Data   RW          899    .data               system_stm32f4xx.o
    0x20000044   0x00000070   Data   RW          949    .data               imu.o
    0x200000b4   0x00000018   Data   RW          997    .data               mpu6050_driver.o
    0x200000cc   0x00000001   Data   RW         1028    .data               mpu6050_interrupt.o
    0x200000cd   0x00000003   PAD
    0x200000d0   0x0000007a   Data   RW         1055    .data               iotask.o
    0x2000014a   0x00000006   PAD
    0x20000150   0x0000042c   Data   RW         1082    .data               controltask.o
    0x2000057c   0x0000009c   Data   RW         1111    .data               remotetask.o
    0x20000618   0x00000024   Data   RW         1138    .data               canbustask.o
    0x2000063c   0x0000003c   Data   RW         1166    .data               supervisetask.o
    0x20000678   0x00000005   Data   RW         1193    .data               Protocol.lib(protocal_parser.o)
    0x2000067d   0x00000001   PAD
    0x2000067e   0x00000002   Data   RW         1559    .data               Protocol.lib(mf_crc16.o)
    0x20000680   0x00000004   Data   RW         1982    .data               mc_w.l(stdout.o)
    0x20000684   0x00000004   Data   RW         1991    .data               mc_w.l(mvars.o)
    0x20000688   0x00000004   Data   RW         1992    .data               mc_w.l(mvars.o)
    0x2000068c   0x00000004   Data   RW         1996    .data               mc_w.l(errno.o)
    0x20000690   0x0000013e   Zero   RW          398    .bss                usart1.o
    0x200007ce   0x00000002   PAD
    0x200007d0   0x00000040   Zero   RW          948    .bss                imu.o
    0x20000810   0x0000012e   Zero   RW          996    .bss                mpu6050_driver.o
    0x2000093e   0x00000090   Zero   RW         1054    .bss                iotask.o
    0x200009ce   0x0000003f   Zero   RW         1110    .bss                remotetask.o
    0x20000a0d   0x0000010a   Zero   RW         1192    .bss                Protocol.lib(protocal_parser.o)
    0x20000b17   0x00000001   PAD
    0x20000b18   0x00000200   Zero   RW          497    HEAP                startup_stm32f4xx.o
    0x20000d18   0x00000a00   Zero   RW          496    STACK               startup_stm32f4xx.o


==============================================================================

Image component sizes


      Code (inc. data)   RO Data    RW Data    ZI Data      Debug   Object Name

        80          6          0          0          0        467   bsp.o
       372         48          0          0          0       2126   bsp_flash.o
       432         12          0          0          0       1245   can1.o
       336          8          0          0          0       1024   can2.o
       404         28          0         36          0       2711   canbustask.o
      4212        478          0       1068          0      10959   controltask.o
       108          0          0          0          0       1170   delay.o
       156         14          0          1          0       1166   encoder.o
       260          8          0          0          0        895   exti.o
        68          4          0          0          0        732   gun.o
      3908        332          0        112         64       4429   imu.o
      2172        170          0        122        144       9699   iotask.o
        60          6          0          0          0        482   laser.o
        64          6          0          0          0        472   led.o
        48         10          0         12          0     293241   main.o
       224         20          0          0          0     210693   misc.o
      2360        290          0         24        302       9586   mpu6050_driver.o
       980         90          0          0          0       3747   mpu6050_i2c.o
       180         10          0          1          0        979   mpu6050_interrupt.o
       996         84          0        156         63       5555   remotetask.o
        36          8        392          0       3072        792   startup_stm32f4xx.o
      2544         38          0          0          0      16076   stm32f4xx_can.o
       936         32          0          0          0      18721   stm32f4xx_dma.o
       284         10          0          0          0       4511   stm32f4xx_exti.o
      1212         26          0          0          0      12061   stm32f4xx_flash.o
       604         36          0          0          0      10237   stm32f4xx_gpio.o
        24          0          0          0          0       1102   stm32f4xx_it.o
      1416         48          0         16          0      23631   stm32f4xx_rcc.o
       140         12          0          0          0       1643   stm32f4xx_syscfg.o
      3234         60          0          0          0      41884   stm32f4xx_tim.o
      1050         26          0          0          0      13556   stm32f4xx_usart.o
       768         30         44         60          0       5023   supervisetask.o
       528         46          0         20          0       1739   system_stm32f4xx.o
       416         14          0          0          0       1665   timer.o
       540         28          0          4        318       2569   usart1.o
       600         46          0         15          0       2999   usart3.o

    ----------------------------------------------------------------------
     31756       2084        468       1656       3965     719587   Object Totals
         0          0         32          0          0          0   (incl. Generated)
         4          0          0          9          2          0   (incl. Padding)

    ----------------------------------------------------------------------

      Code (inc. data)   RO Data    RW Data    ZI Data      Debug   Library Member Name

       160         10        512          2          0       2386   mf_crc16.o
       116          4        257          0          0       1882   mf_crc8.o
      1456         28          0          5        266      13116   protocal_parser.o
      1444          0          0          0          0       8256   fifo.o
        32          0          0          0          0       1640   lostcounter.o
       288          4          0          0          0       1785   pid_regulator.o
       112          6          0          0          0       2612   ramp.o
       864         94         80          0          0        280   asin.o
       744        106        152          0          0        352   atan.o
       496         64          0          0          0        192   atan2.o
       104         16          0          0          0        496   dunder.o
        44          0          0          0          0        248   fabs.o
        48          0          0          0          0        124   fpclassify.o
       248          0          0          0          0        152   poly.o
         0          0          8          0          0          0   qnan.o
       232          0          0          0          0        296   sqrt.o
        86          0          0          0          0          0   __dczerorl2.o
         0          0          0          0          0          0   entry.o
         0          0          0          0          0          0   entry10a.o
         0          0          0          0          0          0   entry11a.o
         8          4          0          0          0          0   entry2.o
         4          0          0          0          0          0   entry5.o
         0          0          0          0          0          0   entry7b.o
         0          0          0          0          0          0   entry8b.o
         8          4          0          0          0          0   entry9a.o
        12          6          0          4          0         68   errno.o
        30          0          0          0          0          0   handlers.o
        36          8          0          0          0         68   init.o
         0          0          0          0          0          0   iusefp.o
        30          0          0          0          0         68   llshl.o
        36          0          0          0          0         68   llsshr.o
        32          0          0          0          0         68   llushr.o
       188         20          0          0          0        160   malloc.o
        36          0          0          0          0         68   memcpya.o
        36          0          0          0          0        108   memseta.o
         0          0          0          8          0          0   mvars.o
        50          8          0          0          0        152   printfb.o
         0          0          0          4          0          0   stdout.o
        48          0          0          0          0         68   cdcmple.o
        48          0          0          0          0         68   cdrcmple.o
        56          0          0          0          0         88   d2f.o
       334          0          0          0          0        148   dadd.o
       222          0          0          0          0        100   ddiv.o
       186          0          0          0          0        176   depilogue.o
        34          0          0          0          0         76   dflti.o
       228          0          0          0          0         96   dmul.o
       162          0          0          0          0        100   dsqrt.o
        38          0          0          0          0         68   f2d.o
       110          0          0          0          0        168   fepilogue.o

    ----------------------------------------------------------------------
      8456        382       1016         24        267      35801   Library Totals
        10          0          7          1          1          0   (incl. Padding)

    ----------------------------------------------------------------------

      Code (inc. data)   RO Data    RW Data    ZI Data      Debug   Library Name

      1732         42        769          7        266      17384   Protocol.lib
      1876         10          0          0          0      14293   RMLib.lib
      2780        280        240          0          0       2140   m_wm.l
       592         50          0         16          0        828   mc_w.l
      1466          0          0          0          0       1156   mf_w.l

    ----------------------------------------------------------------------
      8456        382       1016         24        267      35801   Library Totals

    ----------------------------------------------------------------------

==============================================================================


      Code (inc. data)   RO Data    RW Data    ZI Data      Debug   

     40212       2466       1484       1680       4232     744584   Grand Totals
     40212       2466       1484        244       4232     744584   ELF Image Totals (compressed)
     40212       2466       1484        244          0          0   ROM Totals

==============================================================================

    Total RO  Size (Code + RO Data)                41696 (  40.72kB)
    Total RW  Size (RW Data + ZI Data)              5912 (   5.77kB)
    Total ROM Size (Code + RO Data + RW Data)      41940 (  40.96kB)

==============================================================================

